Archive member included to satisfy reference by file (symbol)

c:/st/stm32cubeide_1.5.0/stm32cubeide/plugins/com.st.stm32cube.ide.mcu.externaltools.gnu-tools-for-stm32.9-2020-q2-update.win32_1.5.0.202011040924/tools/bin/../lib/gcc/arm-none-eabi/9.3.1/../../../../arm-none-eabi/lib/thumb/v7e-m+fp/hard\libc_nano.a(lib_a-errno.o)
                              Core/Src/syscalls.o (__errno)
c:/st/stm32cubeide_1.5.0/stm32cubeide/plugins/com.st.stm32cube.ide.mcu.externaltools.gnu-tools-for-stm32.9-2020-q2-update.win32_1.5.0.202011040924/tools/bin/../lib/gcc/arm-none-eabi/9.3.1/../../../../arm-none-eabi/lib/thumb/v7e-m+fp/hard\libc_nano.a(lib_a-exit.o)
                              c:/st/stm32cubeide_1.5.0/stm32cubeide/plugins/com.st.stm32cube.ide.mcu.externaltools.gnu-tools-for-stm32.9-2020-q2-update.win32_1.5.0.202011040924/tools/bin/../lib/gcc/arm-none-eabi/9.3.1/../../../../arm-none-eabi/lib/thumb/v7e-m+fp/hard/crt0.o (exit)
c:/st/stm32cubeide_1.5.0/stm32cubeide/plugins/com.st.stm32cube.ide.mcu.externaltools.gnu-tools-for-stm32.9-2020-q2-update.win32_1.5.0.202011040924/tools/bin/../lib/gcc/arm-none-eabi/9.3.1/../../../../arm-none-eabi/lib/thumb/v7e-m+fp/hard\libc_nano.a(lib_a-impure.o)
                              c:/st/stm32cubeide_1.5.0/stm32cubeide/plugins/com.st.stm32cube.ide.mcu.externaltools.gnu-tools-for-stm32.9-2020-q2-update.win32_1.5.0.202011040924/tools/bin/../lib/gcc/arm-none-eabi/9.3.1/../../../../arm-none-eabi/lib/thumb/v7e-m+fp/hard\libc_nano.a(lib_a-exit.o) (_global_impure_ptr)
c:/st/stm32cubeide_1.5.0/stm32cubeide/plugins/com.st.stm32cube.ide.mcu.externaltools.gnu-tools-for-stm32.9-2020-q2-update.win32_1.5.0.202011040924/tools/bin/../lib/gcc/arm-none-eabi/9.3.1/../../../../arm-none-eabi/lib/thumb/v7e-m+fp/hard\libc_nano.a(lib_a-init.o)
                              c:/st/stm32cubeide_1.5.0/stm32cubeide/plugins/com.st.stm32cube.ide.mcu.externaltools.gnu-tools-for-stm32.9-2020-q2-update.win32_1.5.0.202011040924/tools/bin/../lib/gcc/arm-none-eabi/9.3.1/../../../../arm-none-eabi/lib/thumb/v7e-m+fp/hard/crt0.o (__libc_init_array)
c:/st/stm32cubeide_1.5.0/stm32cubeide/plugins/com.st.stm32cube.ide.mcu.externaltools.gnu-tools-for-stm32.9-2020-q2-update.win32_1.5.0.202011040924/tools/bin/../lib/gcc/arm-none-eabi/9.3.1/../../../../arm-none-eabi/lib/thumb/v7e-m+fp/hard\libc_nano.a(lib_a-memcpy-stub.o)
                              Core/Src/console_if.o (memcpy)
c:/st/stm32cubeide_1.5.0/stm32cubeide/plugins/com.st.stm32cube.ide.mcu.externaltools.gnu-tools-for-stm32.9-2020-q2-update.win32_1.5.0.202011040924/tools/bin/../lib/gcc/arm-none-eabi/9.3.1/../../../../arm-none-eabi/lib/thumb/v7e-m+fp/hard\libc_nano.a(lib_a-memset.o)
                              c:/st/stm32cubeide_1.5.0/stm32cubeide/plugins/com.st.stm32cube.ide.mcu.externaltools.gnu-tools-for-stm32.9-2020-q2-update.win32_1.5.0.202011040924/tools/bin/../lib/gcc/arm-none-eabi/9.3.1/../../../../arm-none-eabi/lib/thumb/v7e-m+fp/hard/crt0.o (memset)
c:/st/stm32cubeide_1.5.0/stm32cubeide/plugins/com.st.stm32cube.ide.mcu.externaltools.gnu-tools-for-stm32.9-2020-q2-update.win32_1.5.0.202011040924/tools/bin/../lib/gcc/arm-none-eabi/9.3.1/../../../../arm-none-eabi/lib/thumb/v7e-m+fp/hard\libc_nano.a(lib_a-reent.o)
                              Core/Src/console_if.o (errno)
c:/st/stm32cubeide_1.5.0/stm32cubeide/plugins/com.st.stm32cube.ide.mcu.externaltools.gnu-tools-for-stm32.9-2020-q2-update.win32_1.5.0.202011040924/tools/bin/../lib/gcc/arm-none-eabi/9.3.1/../../../../arm-none-eabi/lib/thumb/v7e-m+fp/hard\libc_nano.a(lib_a-nano-freer.o)
                              c:/st/stm32cubeide_1.5.0/stm32cubeide/plugins/com.st.stm32cube.ide.mcu.externaltools.gnu-tools-for-stm32.9-2020-q2-update.win32_1.5.0.202011040924/tools/bin/../lib/gcc/arm-none-eabi/9.3.1/../../../../arm-none-eabi/lib/thumb/v7e-m+fp/hard\libc_nano.a(lib_a-reent.o) (_free_r)
c:/st/stm32cubeide_1.5.0/stm32cubeide/plugins/com.st.stm32cube.ide.mcu.externaltools.gnu-tools-for-stm32.9-2020-q2-update.win32_1.5.0.202011040924/tools/bin/../lib/gcc/arm-none-eabi/9.3.1/../../../../arm-none-eabi/lib/thumb/v7e-m+fp/hard\libc_nano.a(lib_a-nano-mallocr.o)
                              c:/st/stm32cubeide_1.5.0/stm32cubeide/plugins/com.st.stm32cube.ide.mcu.externaltools.gnu-tools-for-stm32.9-2020-q2-update.win32_1.5.0.202011040924/tools/bin/../lib/gcc/arm-none-eabi/9.3.1/../../../../arm-none-eabi/lib/thumb/v7e-m+fp/hard\libc_nano.a(lib_a-nano-freer.o) (__malloc_free_list)
c:/st/stm32cubeide_1.5.0/stm32cubeide/plugins/com.st.stm32cube.ide.mcu.externaltools.gnu-tools-for-stm32.9-2020-q2-update.win32_1.5.0.202011040924/tools/bin/../lib/gcc/arm-none-eabi/9.3.1/../../../../arm-none-eabi/lib/thumb/v7e-m+fp/hard\libc_nano.a(lib_a-sbrkr.o)
[...]
Memory Configuration

Name             Origin             Length             Attributes
CCMRAM           0x0000000010000000 0x0000000000010000 xrw
RAM              0x0000000020000000 0x0000000000020000 xrw
FLASH            0x0000000008000000 0x0000000000080000 xr
*default*        0x0000000000000000 0xffffffffffffffff

Linker script and memory map

LOAD c:/st/stm32cubeide_1.5.0/stm32cubeide/plugins/com.st.stm32cube.ide.mcu.externaltools.gnu-tools-for-stm32.9-2020-q2-update.win32_1.5.0.202011040924/tools/bin/../lib/gcc/arm-none-eabi/9.3.1/thumb/v7e-m+fp/hard/crti.o
LOAD c:/st/stm32cubeide_1.5.0/stm32cubeide/plugins/com.st.stm32cube.ide.mcu.externaltools.gnu-tools-for-stm32.9-2020-q2-update.win32_1.5.0.202011040924/tools/bin/../lib/gcc/arm-none-eabi/9.3.1/thumb/v7e-m+fp/hard/crtbegin.o
LOAD c:/st/stm32cubeide_1.5.0/stm32cubeide/plugins/com.st.stm32cube.ide.mcu.externaltools.gnu-tools-for-stm32.9-2020-q2-update.win32_1.5.0.202011040924/tools/bin/../lib/gcc/arm-none-eabi/9.3.1/../../../../arm-none-eabi/lib/thumb/v7e-m+fp/hard/crt0.o
LOAD Core/Src/console_if.o
LOAD Core/Src/hal_usb.o
LOAD Core/Src/keyboard_if.o
LOAD Core/Src/main.o
LOAD Core/Src/stm32f4xx_hal_msp.o
LOAD Core/Src/stm32f4xx_it.o
LOAD Core/Src/syscalls.o
LOAD Core/Src/sysmem.o
LOAD Core/Src/system_stm32f4xx.o
LOAD Core/Src/usb_device.o
LOAD Core/Startup/startup_stm32f407vetx.o
LOAD Core/USBDevice-master/Class/CDC/usbd_cdc.o
LOAD Core/USBDevice-master/Class/CDC/usbd_ncm.o
LOAD Core/USBDevice-master/Class/DFU/usbd_dfu.o
LOAD Core/USBDevice-master/Class/HID/usbd_hid.o
LOAD Core/USBDevice-master/Class/MSC/usbd_msc.o
LOAD Core/USBDevice-master/Class/MSC/usbd_msc_scsi.o
LOAD Core/USBDevice-master/Device/usbd.o
LOAD Core/USBDevice-master/Device/usbd_ctrl.o
LOAD Core/USBDevice-master/Device/usbd_desc.o
LOAD Core/USBDevice-master/Device/usbd_ep.o
LOAD Core/USBDevice-master/Device/usbd_if.o
LOAD Core/USBDevice-master/Device/usbd_microsoft_os.o
LOAD Core/USBDevice-master/Device/usbd_utils.o
LOAD Core/XPD_USB/xpd_usb.o
LOAD Core/XPD_USB/xpd_usb_otg.o
LOAD Drivers/STM32F4xx_HAL_Driver/Src/stm32f4xx_hal.o
LOAD Drivers/STM32F4xx_HAL_Driver/Src/stm32f4xx_hal_cortex.o
LOAD Drivers/STM32F4xx_HAL_Driver/Src/stm32f4xx_hal_dma.o
LOAD Drivers/STM32F4xx_HAL_Driver/Src/stm32f4xx_hal_dma_ex.o
LOAD Drivers/STM32F4xx_HAL_Driver/Src/stm32f4xx_hal_exti.o
LOAD Drivers/STM32F4xx_HAL_Driver/Src/stm32f4xx_hal_flash.o
LOAD Drivers/STM32F4xx_HAL_Driver/Src/stm32f4xx_hal_flash_ex.o
LOAD Drivers/STM32F4xx_HAL_Driver/Src/stm32f4xx_hal_flash_ramfunc.o
LOAD Drivers/STM32F4xx_HAL_Driver/Src/stm32f4xx_hal_gpio.o
LOAD Drivers/STM32F4xx_HAL_Driver/Src/stm32f4xx_hal_pwr.o
LOAD Drivers/STM32F4xx_HAL_Driver/Src/stm32f4xx_hal_pwr_ex.o
LOAD Drivers/STM32F4xx_HAL_Driver/Src/stm32f4xx_hal_rcc.o
LOAD Drivers/STM32F4xx_HAL_Driver/Src/stm32f4xx_hal_rcc_ex.o
LOAD Drivers/STM32F4xx_HAL_Driver/Src/stm32f4xx_hal_tim.o
LOAD Drivers/STM32F4xx_HAL_Driver/Src/stm32f4xx_hal_tim_ex.o
START GROUP
LOAD c:/st/stm32cubeide_1.5.0/stm32cubeide/plugins/com.st.stm32cube.ide.mcu.externaltools.gnu-tools-for-stm32.9-2020-q2-update.win32_1.5.0.202011040924/tools/bin/../lib/gcc/arm-none-eabi/9.3.1/../../../../arm-none-eabi/lib/thumb/v7e-m+fp/hard\libc_nano.a
LOAD c:/st/stm32cubeide_1.5.0/stm32cubeide/plugins/com.st.stm32cube.ide.mcu.externaltools.gnu-tools-for-stm32.9-2020-q2-update.win32_1.5.0.202011040924/tools/bin/../lib/gcc/arm-none-eabi/9.3.1/../../../../arm-none-eabi/lib/thumb/v7e-m+fp/hard\libm.a
END GROUP
START GROUP
LOAD c:/st/stm32cubeide_1.5.0/stm32cubeide/plugins/com.st.stm32cube.ide.mcu.externaltools.gnu-tools-for-stm32.9-2020-q2-update.win32_1.5.0.202011040924/tools/bin/../lib/gcc/arm-none-eabi/9.3.1/thumb/v7e-m+fp/hard\libgcc.a
LOAD c:/st/stm32cubeide_1.5.0/stm32cubeide/plugins/com.st.stm32cube.ide.mcu.externaltools.gnu-tools-for-stm32.9-2020-q2-update.win32_1.5.0.202011040924/tools/bin/../lib/gcc/arm-none-eabi/9.3.1/../../../../arm-none-eabi/lib/thumb/v7e-m+fp/hard\libc_nano.a
END GROUP
START GROUP
LOAD c:/st/stm32cubeide_1.5.0/stm32cubeide/plugins/com.st.stm32cube.ide.mcu.externaltools.gnu-tools-for-stm32.9-2020-q2-update.win32_1.5.0.202011040924/tools/bin/../lib/gcc/arm-none-eabi/9.3.1/thumb/v7e-m+fp/hard\libgcc.a
LOAD c:/st/stm32cubeide_1.5.0/stm32cubeide/plugins/com.st.stm32cube.ide.mcu.externaltools.gnu-tools-for-stm32.9-2020-q2-update.win32_1.5.0.202011040924/tools/bin/../lib/gcc/arm-none-eabi/9.3.1/../../../../arm-none-eabi/lib/thumb/v7e-m+fp/hard\libc_nano.a
LOAD c:/st/stm32cubeide_1.5.0/stm32cubeide/plugins/com.st.stm32cube.ide.mcu.externaltools.gnu-tools-for-stm32.9-2020-q2-update.win32_1.5.0.202011040924/tools/bin/../lib/gcc/arm-none-eabi/9.3.1/../../../../arm-none-eabi/lib/thumb/v7e-m+fp/hard\libnosys.a
END GROUP
START GROUP
LOAD c:/st/stm32cubeide_1.5.0/stm32cubeide/plugins/com.st.stm32cube.ide.mcu.externaltools.gnu-tools-for-stm32.9-2020-q2-update.win32_1.5.0.202011040924/tools/bin/../lib/gcc/arm-none-eabi/9.3.1/thumb/v7e-m+fp/hard\libgcc.a
LOAD c:/st/stm32cubeide_1.5.0/stm32cubeide/plugins/com.st.stm32cube.ide.mcu.externaltools.gnu-tools-for-stm32.9-2020-q2-update.win32_1.5.0.202011040924/tools/bin/../lib/gcc/arm-none-eabi/9.3.1/../../../../arm-none-eabi/lib/thumb/v7e-m+fp/hard\libc_nano.a
LOAD c:/st/stm32cubeide_1.5.0/stm32cubeide/plugins/com.st.stm32cube.ide.mcu.externaltools.gnu-tools-for-stm32.9-2020-q2-update.win32_1.5.0.202011040924/tools/bin/../lib/gcc/arm-none-eabi/9.3.1/../../../../arm-none-eabi/lib/thumb/v7e-m+fp/hard\libnosys.a
END GROUP
LOAD c:/st/stm32cubeide_1.5.0/stm32cubeide/plugins/com.st.stm32cube.ide.mcu.externaltools.gnu-tools-for-stm32.9-2020-q2-update.win32_1.5.0.202011040924/tools/bin/../lib/gcc/arm-none-eabi/9.3.1/thumb/v7e-m+fp/hard/crtend.o
LOAD c:/st/stm32cubeide_1.5.0/stm32cubeide/plugins/com.st.stm32cube.ide.mcu.externaltools.gnu-tools-for-stm32.9-2020-q2-update.win32_1.5.0.202011040924/tools/bin/../lib/gcc/arm-none-eabi/9.3.1/thumb/v7e-m+fp/hard/crtn.o
                0x0000000020020000                _estack = (ORIGIN (RAM) + LENGTH (RAM))
                0x0000000000000200                _Min_Heap_Size = 0x200
                0x0000000000000400                _Min_Stack_Size = 0x400

.isr_vector     0x0000000008000000      0x188
                0x0000000008000000                . = ALIGN (0x4)
 *(.isr_vector)
 .isr_vector    0x0000000008000000      0x188 Core/Startup/startup_stm32f407vetx.o
                0x0000000008000000                g_pfnVectors
                0x0000000008000188                . = ALIGN (0x4)

.text           0x0000000008000188     0x3f94
                0x0000000008000188                . = ALIGN (0x4)
 *(.text)
 .text          0x0000000008000188       0x40 c:/st/stm32cubeide_1.5.0/stm32cubeide/plugins/com.st.stm32cube.ide.mcu.externaltools.gnu-tools-for-stm32.9-2020-q2-update.win32_1.5.0.202011040924/tools/bin/../lib/gcc/arm-none-eabi/9.3.1/thumb/v7e-m+fp/hard/crtbegin.o
 .text          0x00000000080001c8       0x30 c:/st/stm32cubeide_1.5.0/stm32cubeide/plugins/com.st.stm32cube.ide.mcu.externaltools.gnu-tools-for-stm32.9-2020-q2-update.win32_1.5.0.202011040924/tools/bin/../lib/gcc/arm-none-eabi/9.3.1/thumb/v7e-m+fp/hard\libgcc.a(_aeabi_uldivmod.o)
                0x00000000080001c8                __aeabi_uldivmod
 .text          0x00000000080001f8      0x2c4 c:/st/stm32cubeide_1.5.0/stm32cubeide/plugins/com.st.stm32cube.ide.mcu.externaltools.gnu-tools-for-stm32.9-2020-q2-update.win32_1.5.0.202011040924/tools/bin/../lib/gcc/arm-none-eabi/9.3.1/thumb/v7e-m+fp/hard\libgcc.a(_udivmoddi4.o)
                0x00000000080001f8                __udivmoddi4
 .text          0x00000000080004bc        0x4 c:/st/stm32cubeide_1.5.0/stm32cubeide/plugins/com.st.stm32cube.ide.mcu.externaltools.gnu-tools-for-stm32.9-2020-q2-update.win32_1.5.0.202011040924/tools/bin/../lib/gcc/arm-none-eabi/9.3.1/thumb/v7e-m+fp/hard\libgcc.a(_dvmd_tls.o)
                0x00000000080004bc                __aeabi_idiv0
                0x00000000080004bc                __aeabi_ldiv0
 *(.text*)
 .text.console_if_open
                0x00000000080004c0       0x28 Core/Src/console_if.o
 .text.console_if_in_cmplt
                0x00000000080004e8       0x44 Core/Src/console_if.o
 .text.console_if_send
                0x000000000800052c       0x74 Core/Src/console_if.o
 .text.HAL_USB_OTG_FS_MspInit
                0x00000000080005a0       0x48 Core/Src/hal_usb.o
                0x00000000080005a0                HAL_USB_OTG_FS_MspInit
 .text.HAL_USB_OTG_FS_MspDeInit
                0x00000000080005e8       0x24 Core/Src/hal_usb.o
                0x00000000080005e8                HAL_USB_OTG_FS_MspDeInit
 .text.HAL_USBD_Setup
                0x000000000800060c       0x34 Core/Src/hal_usb.o
                0x000000000800060c                HAL_USBD_Setup
 .text.OTG_FS_IRQHandler
                0x0000000008000640       0x18 Core/Src/hal_usb.o
                0x0000000008000640                OTG_FS_IRQHandler
 .text.main     0x0000000008000658       0x1e Core/Src/main.o
                0x0000000008000658                main
 *fill*         0x0000000008000676        0x2 
 .text.SystemClock_Config
                0x0000000008000678       0xd4 Core/Src/main.o
                0x0000000008000678                SystemClock_Config
 .text.MX_NVIC_Init
                0x000000000800074c       0x28 Core/Src/main.o
 .text.MX_GPIO_Init
                0x0000000008000774       0x98 Core/Src/main.o
 .text.HAL_GPIO_EXTI_Callback
                0x000000000800080c       0x38 Core/Src/main.o
                0x000000000800080c                HAL_GPIO_EXTI_Callback
 .text.Error_Handler
                0x0000000008000844        0xa Core/Src/main.o
                0x0000000008000844                Error_Handler
 *fill*         0x000000000800084e        0x2 
 .text.HAL_MspInit
                0x0000000008000850       0x50 Core/Src/stm32f4xx_hal_msp.o
                0x0000000008000850                HAL_MspInit
 .text.NMI_Handler
                0x00000000080008a0        0x6 Core/Src/stm32f4xx_it.o
                0x00000000080008a0                NMI_Handler
 .text.HardFault_Handler
                0x00000000080008a6        0x6 Core/Src/stm32f4xx_it.o
                0x00000000080008a6                HardFault_Handler
 .text.MemManage_Handler
                0x00000000080008ac        0x6 Core/Src/stm32f4xx_it.o
                0x00000000080008ac                MemManage_Handler
 .text.BusFault_Handler
                0x00000000080008b2        0x6 Core/Src/stm32f4xx_it.o
                0x00000000080008b2                BusFault_Handler
 .text.UsageFault_Handler
                0x00000000080008b8        0x6 Core/Src/stm32f4xx_it.o
                0x00000000080008b8                UsageFault_Handler
 .text.SVC_Handler
                0x00000000080008be        0xe Core/Src/stm32f4xx_it.o
                0x00000000080008be                SVC_Handler
 .text.DebugMon_Handler
                0x00000000080008cc        0xe Core/Src/stm32f4xx_it.o
                0x00000000080008cc                DebugMon_Handler
 .text.PendSV_Handler
                0x00000000080008da        0xe Core/Src/stm32f4xx_it.o
                0x00000000080008da                PendSV_Handler
 .text.SysTick_Handler
                0x00000000080008e8        0xc Core/Src/stm32f4xx_it.o
                0x00000000080008e8                SysTick_Handler
 .text.EXTI3_IRQHandler
                0x00000000080008f4        0xe Core/Src/stm32f4xx_it.o
                0x00000000080008f4                EXTI3_IRQHandler
 .text.EXTI4_IRQHandler
                0x0000000008000902        0xe Core/Src/stm32f4xx_it.o
                0x0000000008000902                EXTI4_IRQHandler
 .text.SystemInit
                0x0000000008000910       0x24 Core/Src/system_stm32f4xx.o
                0x0000000008000910                SystemInit
 .text.UsbDevice_Init
                0x0000000008000934       0x5c Core/Src/usb_device.o
                0x0000000008000934                UsbDevice_Init
 .text.Reset_Handler
                0x0000000008000990       0x50 Core/Startup/startup_stm32f407vetx.o
                0x0000000008000990                Reset_Handler
 .text.Default_Handler
                0x00000000080009e0        0x2 Core/Startup/startup_stm32f407vetx.o
                0x00000000080009e0                RTC_Alarm_IRQHandler
                0x00000000080009e0                HASH_RNG_IRQHandler
                0x00000000080009e0                EXTI2_IRQHandler
                0x00000000080009e0                TIM8_CC_IRQHandler
                0x00000000080009e0                TIM1_CC_IRQHandler
                0x00000000080009e0                DMA2_Stream5_IRQHandler
                0x00000000080009e0                DMA1_Stream5_IRQHandler
                0x00000000080009e0                PVD_IRQHandler
                0x00000000080009e0                SDIO_IRQHandler
                0x00000000080009e0                TAMP_STAMP_IRQHandler
                0x00000000080009e0                CAN2_RX1_IRQHandler
                0x00000000080009e0                TIM8_TRG_COM_TIM14_IRQHandler
                0x00000000080009e0                TIM1_UP_TIM10_IRQHandler
                0x00000000080009e0                TIM8_UP_TIM13_IRQHandler
                0x00000000080009e0                I2C3_ER_IRQHandler
                0x00000000080009e0                EXTI0_IRQHandler
                0x00000000080009e0                I2C2_EV_IRQHandler
                0x00000000080009e0                DMA1_Stream2_IRQHandler
                0x00000000080009e0                CAN1_RX0_IRQHandler
                0x00000000080009e0                FPU_IRQHandler
                0x00000000080009e0                OTG_HS_WKUP_IRQHandler
                0x00000000080009e0                CAN2_SCE_IRQHandler
                0x00000000080009e0                DMA2_Stream2_IRQHandler
                0x00000000080009e0                SPI1_IRQHandler
                0x00000000080009e0                TIM6_DAC_IRQHandler
                0x00000000080009e0                TIM1_BRK_TIM9_IRQHandler
                0x00000000080009e0                DCMI_IRQHandler
                0x00000000080009e0                CAN2_RX0_IRQHandler
                0x00000000080009e0                DMA2_Stream3_IRQHandler
                0x00000000080009e0                USART6_IRQHandler
                0x00000000080009e0                USART3_IRQHandler
                0x00000000080009e0                CAN1_RX1_IRQHandler
                0x00000000080009e0                UART5_IRQHandler
                0x00000000080009e0                DMA2_Stream0_IRQHandler
                0x00000000080009e0                TIM4_IRQHandler
                0x00000000080009e0                I2C1_EV_IRQHandler
                0x00000000080009e0                DMA1_Stream6_IRQHandler
                0x00000000080009e0                DMA1_Stream1_IRQHandler
                0x00000000080009e0                UART4_IRQHandler
                0x00000000080009e0                TIM3_IRQHandler
                0x00000000080009e0                RCC_IRQHandler
                0x00000000080009e0                TIM8_BRK_TIM12_IRQHandler
                0x00000000080009e0                Default_Handler
                0x00000000080009e0                EXTI15_10_IRQHandler
                0x00000000080009e0                ADC_IRQHandler
                0x00000000080009e0                DMA1_Stream7_IRQHandler
                0x00000000080009e0                TIM7_IRQHandler
                0x00000000080009e0                CAN2_TX_IRQHandler
                0x00000000080009e0                TIM5_IRQHandler
                0x00000000080009e0                DMA2_Stream7_IRQHandler
                0x00000000080009e0                I2C3_EV_IRQHandler
                0x00000000080009e0                EXTI9_5_IRQHandler
                0x00000000080009e0                RTC_WKUP_IRQHandler
                0x00000000080009e0                ETH_WKUP_IRQHandler
                0x00000000080009e0                SPI2_IRQHandler
                0x00000000080009e0                OTG_HS_EP1_IN_IRQHandler
                0x00000000080009e0                DMA1_Stream0_IRQHandler
                0x00000000080009e0                CAN1_TX_IRQHandler
                0x00000000080009e0                FSMC_IRQHandler
                0x00000000080009e0                ETH_IRQHandler
                0x00000000080009e0                OTG_HS_EP1_OUT_IRQHandler
                0x00000000080009e0                WWDG_IRQHandler
                0x00000000080009e0                TIM2_IRQHandler
                0x00000000080009e0                OTG_FS_WKUP_IRQHandler
                0x00000000080009e0                TIM1_TRG_COM_TIM11_IRQHandler
                0x00000000080009e0                OTG_HS_IRQHandler
                0x00000000080009e0                EXTI1_IRQHandler
                0x00000000080009e0                USART2_IRQHandler
                0x00000000080009e0                I2C2_ER_IRQHandler
                0x00000000080009e0                DMA2_Stream1_IRQHandler
                0x00000000080009e0                CAN1_SCE_IRQHandler
                0x00000000080009e0                FLASH_IRQHandler
                0x00000000080009e0                DMA2_Stream4_IRQHandler
                0x00000000080009e0                USART1_IRQHandler
                0x00000000080009e0                SPI3_IRQHandler
                0x00000000080009e0                DMA1_Stream4_IRQHandler
                0x00000000080009e0                I2C1_ER_IRQHandler
                0x00000000080009e0                DMA2_Stream6_IRQHandler
                0x00000000080009e0                DMA1_Stream3_IRQHandler
 .text.USBD_CDC_Transmit
                0x00000000080009e2       0x28 Core/USBDevice-master/Class/CDC/usbd_cdc.o
                0x00000000080009e2                USBD_CDC_Transmit
 .text.USBD_EpAddr2Ref
                0x0000000008000a0a       0x40 Core/USBDevice-master/Class/HID/usbd_hid.o
 .text.USBD_EpOpen
                0x0000000008000a4a       0x3e Core/USBDevice-master/Class/HID/usbd_hid.o
 .text.USBD_EpClose
                0x0000000008000a88       0x2e Core/USBDevice-master/Class/HID/usbd_hid.o
 *fill*         0x0000000008000ab6        0x2 
 .text.hid_getDesc
                0x0000000008000ab8       0x8c Core/USBDevice-master/Class/HID/usbd_hid.o
 .text.hid_getString
                0x0000000008000b44       0x1e Core/USBDevice-master/Class/HID/usbd_hid.o
 .text.hid_init
                0x0000000008000b62       0x68 Core/USBDevice-master/Class/HID/usbd_hid.o
 .text.hid_deinit
                0x0000000008000bca       0x36 Core/USBDevice-master/Class/HID/usbd_hid.o
 .text.hid_setupStage
                0x0000000008000c00      0x1bc Core/USBDevice-master/Class/HID/usbd_hid.o
 .text.hid_dataStage
                0x0000000008000dbc       0x56 Core/USBDevice-master/Class/HID/usbd_hid.o
 .text.hid_inData
                0x0000000008000e12       0x36 Core/USBDevice-master/Class/HID/usbd_hid.o
 .text.USBD_HID_MountInterface
                0x0000000008000e48       0x9c Core/USBDevice-master/Class/HID/usbd_hid.o
                0x0000000008000e48                USBD_HID_MountInterface
 .text.USBD_HID_ReportIn
                0x0000000008000ee4       0x68 Core/USBDevice-master/Class/HID/usbd_hid.o
                0x0000000008000ee4                USBD_HID_ReportIn
 .text.USBD_Init
                0x0000000008000f4c       0x64 Core/USBDevice-master/Device/usbd.o
                0x0000000008000f4c                USBD_Init
 .text.USBD_Connect
                0x0000000008000fb0       0x16 Core/USBDevice-master/Device/usbd.o
                0x0000000008000fb0                USBD_Connect
 .text.USBD_ResetCallback
                0x0000000008000fc6       0x32 Core/USBDevice-master/Device/usbd.o
                0x0000000008000fc6                USBD_ResetCallback
 .text.USBD_SetAddress
                0x0000000008000ff8       0x48 Core/USBDevice-master/Device/usbd.o
 .text.USBD_SetConfig
                0x0000000008001040       0x30 Core/USBDevice-master/Device/usbd.o
 .text.USBD_GetConfig
                0x0000000008001070       0x2c Core/USBDevice-master/Device/usbd.o
 .text.USBD_GetStatus
                0x000000000800109c       0x2a Core/USBDevice-master/Device/usbd.o
 .text.USBD_SetFeature
                0x00000000080010c6       0x34 Core/USBDevice-master/Device/usbd.o
 .text.USBD_ClearFeature
                0x00000000080010fa       0x34 Core/USBDevice-master/Device/usbd.o
 *fill*         0x000000000800112e        0x2 
 .text.USBD_DevRequest
                0x0000000008001130       0xb4 Core/USBDevice-master/Device/usbd.o
                0x0000000008001130                USBD_DevRequest
 .text.USBD_IfClass_DataStage
                0x00000000080011e4       0x24 Core/USBDevice-master/Device/usbd_ctrl.o
 .text.USBD_CtrlSendError
                0x0000000008001208       0x30 Core/USBDevice-master/Device/usbd_ctrl.o
 .text.USBD_CtrlSendStatus
                0x0000000008001238       0x24 Core/USBDevice-master/Device/usbd_ctrl.o
 .text.USBD_CtrlReceiveStatus
                0x000000000800125c       0x24 Core/USBDevice-master/Device/usbd_ctrl.o
 .text.USBD_CtrlInCallback
                0x0000000008001280       0x9c Core/USBDevice-master/Device/usbd_ctrl.o
                0x0000000008001280                USBD_CtrlInCallback
 .text.USBD_CtrlOutCallback
                0x000000000800131c       0x4c Core/USBDevice-master/Device/usbd_ctrl.o
                0x000000000800131c                USBD_CtrlOutCallback
 .text.USBD_CtrlSendData
                0x0000000008001368       0x5c Core/USBDevice-master/Device/usbd_ctrl.o
                0x0000000008001368                USBD_CtrlSendData
 .text.USBD_CtrlReceiveData
                0x00000000080013c4       0x5c Core/USBDevice-master/Device/usbd_ctrl.o
                0x00000000080013c4                USBD_CtrlReceiveData
 .text.USBD_SetupCallback
                0x0000000008001420       0x7a Core/USBDevice-master/Device/usbd_ctrl.o
                0x0000000008001420                USBD_SetupCallback
 .text.USBD_EpAddr2Ref
                0x000000000800149a       0x40 Core/USBDevice-master/Device/usbd_desc.o
 .text.USBD_IfClass_GetDesc
                0x00000000080014da       0x34 Core/USBDevice-master/Device/usbd_desc.o
 *fill*         0x000000000800150e        0x2 
 .text.USBD_DeviceDesc
                0x0000000008001510       0x60 Core/USBDevice-master/Device/usbd_desc.o
 .text.USBD_ConfigDesc
                0x0000000008001570       0xbe Core/USBDevice-master/Device/usbd_desc.o
 .text.USBD_GetStringDesc
                0x000000000800162e       0x92 Core/USBDevice-master/Device/usbd_desc.o
 .text.USBD_GetDescriptor
                0x00000000080016c0       0xf8 Core/USBDevice-master/Device/usbd_desc.o
                0x00000000080016c0                USBD_GetDescriptor
 .text.USBD_EpDesc
                0x00000000080017b8       0x50 Core/USBDevice-master/Device/usbd_desc.o
                0x00000000080017b8                USBD_EpDesc
 .text.USBD_EpAddr2Ref
                0x0000000008001808       0x40 Core/USBDevice-master/Device/usbd_ep.o
 .text.USBD_IfClass_InData
                0x0000000008001848       0x28 Core/USBDevice-master/Device/usbd_ep.o
 .text.USBD_IfClass_OutData
                0x0000000008001870       0x28 Core/USBDevice-master/Device/usbd_ep.o
 .text.USBD_EpSend
                0x0000000008001898       0x5a Core/USBDevice-master/Device/usbd_ep.o
                0x0000000008001898                USBD_EpSend
 .text.USBD_EpInCallback
                0x00000000080018f2       0x40 Core/USBDevice-master/Device/usbd_ep.o
                0x00000000080018f2                USBD_EpInCallback
 .text.USBD_EpOutCallback
                0x0000000008001932       0x40 Core/USBDevice-master/Device/usbd_ep.o
                0x0000000008001932                USBD_EpOutCallback
 .text.USBD_EpRequest
                0x0000000008001972      0x126 Core/USBDevice-master/Device/usbd_ep.o
                0x0000000008001972                USBD_EpRequest
 .text.USBD_IfClass_GetString
                0x0000000008001a98       0x32 Core/USBDevice-master/Device/usbd_if.o
 .text.USBD_IfClass_Init
                0x0000000008001aca       0x24 Core/USBDevice-master/Device/usbd_if.o
 .text.USBD_IfClass_Deinit
                0x0000000008001aee       0x24 Core/USBDevice-master/Device/usbd_if.o
 .text.USBD_IfClass_SetupStage
                0x0000000008001b12       0x2a Core/USBDevice-master/Device/usbd_if.o
 .text.USBD_IfConfig
                0x0000000008001b3c       0xa0 Core/USBDevice-master/Device/usbd_if.o
                0x0000000008001b3c                USBD_IfConfig
 .text.USBD_IfString
                0x0000000008001bdc       0x56 Core/USBDevice-master/Device/usbd_if.o
                0x0000000008001bdc                USBD_IfString
 .text.USBD_IfRequest
                0x0000000008001c32       0xb2 Core/USBDevice-master/Device/usbd_if.o
                0x0000000008001c32                USBD_IfRequest
 .text.USB_prvConnectCtrl
                0x0000000008001ce4       0x36 Core/XPD_USB/xpd_usb_otg.o
 .text.USB_prvFlushTxFifo
                0x0000000008001d1a       0x26 Core/XPD_USB/xpd_usb_otg.o
 .text.USB_prvFlushRxFifo
                0x0000000008001d40       0x1c Core/XPD_USB/xpd_usb_otg.o
 .text.USB_prvClearEpInts
                0x0000000008001d5c       0x64 Core/XPD_USB/xpd_usb_otg.o
 .text.USB_prvWriteFifo
                0x0000000008001dc0       0x6c Core/XPD_USB/xpd_usb_otg.o
 .text.USB_prvReadFifo
                0x0000000008001e2c       0x62 Core/XPD_USB/xpd_usb_otg.o
 .text.USB_prvTransmitPacket
                0x0000000008001e8e       0xc8 Core/XPD_USB/xpd_usb_otg.o
 .text.USB_prvEpSend
                0x0000000008001f56      0x15c Core/XPD_USB/xpd_usb_otg.o
 .text.USB_prvEpReceive
                0x00000000080020b2       0xf8 Core/XPD_USB/xpd_usb_otg.o
 *fill*         0x00000000080021aa        0x2 
 .text.USB_prvPrepareSetup
                0x00000000080021ac       0x4c Core/XPD_USB/xpd_usb_otg.o
 .text.USB_prvInEpEventHandler
                0x00000000080021f8       0xd0 Core/XPD_USB/xpd_usb_otg.o
 .text.USB_prvOutEpEventHandler
                0x00000000080022c8       0xe2 Core/XPD_USB/xpd_usb_otg.o
 .text.USB_prvCtrlEpOpen
                0x00000000080023aa       0xfa Core/XPD_USB/xpd_usb_otg.o
 .text.USB_prvReset
                0x00000000080024a4       0x30 Core/XPD_USB/xpd_usb_otg.o
 .text.USB_prvPhyInit
                0x00000000080024d4       0x90 Core/XPD_USB/xpd_usb_otg.o
 .text.USB_vDevInit
                0x0000000008002564      0x1ac Core/XPD_USB/xpd_usb_otg.o
                0x0000000008002564                USB_vDevInit
 .text.USB_vDevStart_IT
                0x0000000008002710       0x7c Core/XPD_USB/xpd_usb_otg.o
                0x0000000008002710                USB_vDevStart_IT
 .text.USB_vSetAddress
                0x000000000800278c       0x30 Core/XPD_USB/xpd_usb_otg.o
                0x000000000800278c                USB_vSetAddress
 .text.USB_vCtrlEpOpen
                0x00000000080027bc       0x1c Core/XPD_USB/xpd_usb_otg.o
                0x00000000080027bc                USB_vCtrlEpOpen
 .text.USB_vEpOpen
                0x00000000080027d8      0x12c Core/XPD_USB/xpd_usb_otg.o
                0x00000000080027d8                USB_vEpOpen
 .text.USB_vEpClose
                0x0000000008002904       0xfe Core/XPD_USB/xpd_usb_otg.o
                0x0000000008002904                USB_vEpClose
 .text.USB_vEpSetStall
                0x0000000008002a02       0x6a Core/XPD_USB/xpd_usb_otg.o
                0x0000000008002a02                USB_vEpSetStall
 .text.USB_vEpClearStall
                0x0000000008002a6c       0x62 Core/XPD_USB/xpd_usb_otg.o
                0x0000000008002a6c                USB_vEpClearStall
 .text.USB_vEpReceive
                0x0000000008002ace       0x48 Core/XPD_USB/xpd_usb_otg.o
                0x0000000008002ace                USB_vEpReceive
 .text.USB_vEpSend
                0x0000000008002b16       0x4e Core/XPD_USB/xpd_usb_otg.o
                0x0000000008002b16                USB_vEpSend
 .text.USB_vDevIRQHandler
                0x0000000008002b64      0x2b4 Core/XPD_USB/xpd_usb_otg.o
                0x0000000008002b64                USB_vDevIRQHandler
 .text.USB_vAllocateEPs
                0x0000000008002e18      0x130 Core/XPD_USB/xpd_usb_otg.o
                0x0000000008002e18                USB_vAllocateEPs
 .text.HAL_Init
                0x0000000008002f48       0x44 Drivers/STM32F4xx_HAL_Driver/Src/stm32f4xx_hal.o
                0x0000000008002f48                HAL_Init
 .text.HAL_InitTick
                0x0000000008002f8c       0x60 Drivers/STM32F4xx_HAL_Driver/Src/stm32f4xx_hal.o
                0x0000000008002f8c                HAL_InitTick
 .text.HAL_IncTick
                0x0000000008002fec       0x28 Drivers/STM32F4xx_HAL_Driver/Src/stm32f4xx_hal.o
                0x0000000008002fec                HAL_IncTick
 .text.HAL_GetTick
                0x0000000008003014       0x18 Drivers/STM32F4xx_HAL_Driver/Src/stm32f4xx_hal.o
                0x0000000008003014                HAL_GetTick
 .text.__NVIC_SetPriorityGrouping
                0x000000000800302c       0x48 Drivers/STM32F4xx_HAL_Driver/Src/stm32f4xx_hal_cortex.o
 .text.__NVIC_GetPriorityGrouping
                0x0000000008003074       0x1c Drivers/STM32F4xx_HAL_Driver/Src/stm32f4xx_hal_cortex.o
 .text.__NVIC_EnableIRQ
                0x0000000008003090       0x3c Drivers/STM32F4xx_HAL_Driver/Src/stm32f4xx_hal_cortex.o
 .text.__NVIC_DisableIRQ
                0x00000000080030cc       0x48 Drivers/STM32F4xx_HAL_Driver/Src/stm32f4xx_hal_cortex.o
 .text.__NVIC_SetPriority
                0x0000000008003114       0x54 Drivers/STM32F4xx_HAL_Driver/Src/stm32f4xx_hal_cortex.o
 .text.NVIC_EncodePriority
                0x0000000008003168       0x66 Drivers/STM32F4xx_HAL_Driver/Src/stm32f4xx_hal_cortex.o
 *fill*         0x00000000080031ce        0x2 
 .text.SysTick_Config
                0x00000000080031d0       0x44 Drivers/STM32F4xx_HAL_Driver/Src/stm32f4xx_hal_cortex.o
 .text.HAL_NVIC_SetPriorityGrouping
                0x0000000008003214       0x16 Drivers/STM32F4xx_HAL_Driver/Src/stm32f4xx_hal_cortex.o
                0x0000000008003214                HAL_NVIC_SetPriorityGrouping
 .text.HAL_NVIC_SetPriority
                0x000000000800322a       0x38 Drivers/STM32F4xx_HAL_Driver/Src/stm32f4xx_hal_cortex.o
                0x000000000800322a                HAL_NVIC_SetPriority
 .text.HAL_NVIC_EnableIRQ
                0x0000000008003262       0x1c Drivers/STM32F4xx_HAL_Driver/Src/stm32f4xx_hal_cortex.o
                0x0000000008003262                HAL_NVIC_EnableIRQ
 .text.HAL_NVIC_DisableIRQ
                0x000000000800327e       0x1c Drivers/STM32F4xx_HAL_Driver/Src/stm32f4xx_hal_cortex.o
                0x000000000800327e                HAL_NVIC_DisableIRQ
 .text.HAL_SYSTICK_Config
                0x000000000800329a       0x18 Drivers/STM32F4xx_HAL_Driver/Src/stm32f4xx_hal_cortex.o
                0x000000000800329a                HAL_SYSTICK_Config
 *fill*         0x00000000080032b2        0x2 
 .text.HAL_GPIO_Init
                0x00000000080032b4      0x338 Drivers/STM32F4xx_HAL_Driver/Src/stm32f4xx_hal_gpio.o
                0x00000000080032b4                HAL_GPIO_Init
 .text.HAL_GPIO_DeInit
                0x00000000080035ec      0x1f8 Drivers/STM32F4xx_HAL_Driver/Src/stm32f4xx_hal_gpio.o
                0x00000000080035ec                HAL_GPIO_DeInit
 .text.HAL_GPIO_EXTI_IRQHandler
                0x00000000080037e4       0x30 Drivers/STM32F4xx_HAL_Driver/Src/stm32f4xx_hal_gpio.o
                0x00000000080037e4                HAL_GPIO_EXTI_IRQHandler
 .text.HAL_RCC_OscConfig
                0x0000000008003814      0x4f0 Drivers/STM32F4xx_HAL_Driver/Src/stm32f4xx_hal_rcc.o
                0x0000000008003814                HAL_RCC_OscConfig
 .text.HAL_RCC_ClockConfig
                0x0000000008003d04      0x1cc Drivers/STM32F4xx_HAL_Driver/Src/stm32f4xx_hal_rcc.o
                0x0000000008003d04                HAL_RCC_ClockConfig
 .text.HAL_RCC_GetSysClockFreq
                0x0000000008003ed0      0x1c4 Drivers/STM32F4xx_HAL_Driver/Src/stm32f4xx_hal_rcc.o
                0x0000000008003ed0                HAL_RCC_GetSysClockFreq
 .text.HAL_RCC_GetHCLKFreq
                0x0000000008004094       0x18 Drivers/STM32F4xx_HAL_Driver/Src/stm32f4xx_hal_rcc.o
                0x0000000008004094                HAL_RCC_GetHCLKFreq
 .text.__libc_init_array
                0x00000000080040ac       0x48 c:/st/stm32cubeide_1.5.0/stm32cubeide/plugins/com.st.stm32cube.ide.mcu.externaltools.gnu-tools-for-stm32.9-2020-q2-update.win32_1.5.0.202011040924/tools/bin/../lib/gcc/arm-none-eabi/9.3.1/../../../../arm-none-eabi/lib/thumb/v7e-m+fp/hard\libc_nano.a(lib_a-init.o)
                0x00000000080040ac                __libc_init_array
 .text.memset   0x00000000080040f4       0x10 c:/st/stm32cubeide_1.5.0/stm32cubeide/plugins/com.st.stm32cube.ide.mcu.externaltools.gnu-tools-for-stm32.9-2020-q2-update.win32_1.5.0.202011040924/tools/bin/../lib/gcc/arm-none-eabi/9.3.1/../../../../arm-none-eabi/lib/thumb/v7e-m+fp/hard\libc_nano.a(lib_a-memset.o)
                0x00000000080040f4                memset
 *(.glue_7)
 .glue_7        0x0000000008004104        0x0 linker stubs
 *(.glue_7t)
 .glue_7t       0x0000000008004104        0x0 linker stubs
 *(.eh_frame)
 .eh_frame      0x0000000008004104        0x0 c:/st/stm32cubeide_1.5.0/stm32cubeide/plugins/com.st.stm32cube.ide.mcu.externaltools.gnu-tools-for-stm32.9-2020-q2-update.win32_1.5.0.202011040924/tools/bin/../lib/gcc/arm-none-eabi/9.3.1/thumb/v7e-m+fp/hard/crtbegin.o
 *(.init)
 .init          0x0000000008004104        0x4 c:/st/stm32cubeide_1.5.0/stm32cubeide/plugins/com.st.stm32cube.ide.mcu.externaltools.gnu-tools-for-stm32.9-2020-q2-update.win32_1.5.0.202011040924/tools/bin/../lib/gcc/arm-none-eabi/9.3.1/thumb/v7e-m+fp/hard/crti.o
                0x0000000008004104                _init
 .init          0x0000000008004108        0x8 c:/st/stm32cubeide_1.5.0/stm32cubeide/plugins/com.st.stm32cube.ide.mcu.externaltools.gnu-tools-for-stm32.9-2020-q2-update.win32_1.5.0.202011040924/tools/bin/../lib/gcc/arm-none-eabi/9.3.1/thumb/v7e-m+fp/hard/crtn.o
 *(.fini)
 .fini          0x0000000008004110        0x4 c:/st/stm32cubeide_1.5.0/stm32cubeide/plugins/com.st.stm32cube.ide.mcu.externaltools.gnu-tools-for-stm32.9-2020-q2-update.win32_1.5.0.202011040924/tools/bin/../lib/gcc/arm-none-eabi/9.3.1/thumb/v7e-m+fp/hard/crti.o
                0x0000000008004110                _fini
 .fini          0x0000000008004114        0x8 c:/st/stm32cubeide_1.5.0/stm32cubeide/plugins/com.st.stm32cube.ide.mcu.externaltools.gnu-tools-for-stm32.9-2020-q2-update.win32_1.5.0.202011040924/tools/bin/../lib/gcc/arm-none-eabi/9.3.1/thumb/v7e-m+fp/hard/crtn.o
                0x000000000800411c                . = ALIGN (0x4)
                0x000000000800411c                _etext = .

.vfp11_veneer   0x000000000800411c        0x0
 .vfp11_veneer  0x000000000800411c        0x0 linker stubs

.v4_bx          0x000000000800411c        0x0
 .v4_bx         0x000000000800411c        0x0 linker stubs

.iplt           0x000000000800411c        0x0
 .iplt          0x000000000800411c        0x0 c:/st/stm32cubeide_1.5.0/stm32cubeide/plugins/com.st.stm32cube.ide.mcu.externaltools.gnu-tools-for-stm32.9-2020-q2-update.win32_1.5.0.202011040924/tools/bin/../lib/gcc/arm-none-eabi/9.3.1/thumb/v7e-m+fp/hard/crtbegin.o

.rodata         0x000000000800411c      0x184
                0x000000000800411c                . = ALIGN (0x4)
 *(.rodata)
 .rodata        0x000000000800411c       0x1c Core/Src/console_if.o
 .rodata        0x0000000008004138       0x10 Core/Src/keyboard_if.o
 .rodata        0x0000000008004148       0x4a Core/Src/usb_device.o
 *(.rodata*)
 *fill*         0x0000000008004192        0x2 
 .rodata.console_app
                0x0000000008004194       0x14 Core/Src/console_if.o
 .rodata.console_if
                0x00000000080041a8        0x4 Core/Src/console_if.o
                0x00000000080041a8                console_if
 .rodata.ReportDescriptor
                0x00000000080041ac       0x3f Core/Src/keyboard_if.o
                0x00000000080041ac                ReportDescriptor
 *fill*         0x00000000080041eb        0x1 
 .rodata.keyboard_report
                0x00000000080041ec       0x14 Core/Src/keyboard_if.o
 .rodata.keyboard_app
                0x0000000008004200       0x20 Core/Src/keyboard_if.o
 .rodata.keyboard_if
                0x0000000008004220        0x4 Core/Src/keyboard_if.o
                0x0000000008004220                keyboard_if
 .rodata.AHBPrescTable
                0x0000000008004224       0x10 Core/Src/system_stm32f4xx.o
                0x0000000008004224                AHBPrescTable
 .rodata.hdev_cfg
                0x0000000008004234       0x1c Core/Src/usb_device.o
                0x0000000008004234                hdev_cfg
 .rodata.UsbDevice
                0x0000000008004250        0x4 Core/Src/usb_device.o
                0x0000000008004250                UsbDevice
 .rodata.hid_desc
                0x0000000008004254       0x12 Core/USBDevice-master/Class/HID/usbd_hid.o
 *fill*         0x0000000008004266        0x2 
 .rodata.hid_cbks
                0x0000000008004268       0x20 Core/USBDevice-master/Class/HID/usbd_hid.o
 .rodata.usbd_langIdDesc
                0x0000000008004288        0x4 Core/USBDevice-master/Device/usbd_desc.o
 .rodata.usbd_deviceDesc
                0x000000000800428c       0x12 Core/USBDevice-master/Device/usbd_desc.o
                0x00000000080042a0                . = ALIGN (0x4)
 *fill*         0x000000000800429e        0x2 

.ARM.extab      0x00000000080042a0        0x0
                0x00000000080042a0                . = ALIGN (0x4)
 *(.ARM.extab* .gnu.linkonce.armextab.*)
                0x00000000080042a0                . = ALIGN (0x4)

.ARM            0x00000000080042a0        0x8
                0x00000000080042a0                . = ALIGN (0x4)
                0x00000000080042a0                __exidx_start = .
 *(.ARM.exidx*)
 .ARM.exidx     0x00000000080042a0        0x8 c:/st/stm32cubeide_1.5.0/stm32cubeide/plugins/com.st.stm32cube.ide.mcu.externaltools.gnu-tools-for-stm32.9-2020-q2-update.win32_1.5.0.202011040924/tools/bin/../lib/gcc/arm-none-eabi/9.3.1/thumb/v7e-m+fp/hard\libgcc.a(_udivmoddi4.o)
                0x00000000080042a8                __exidx_end = .
                0x00000000080042a8                . = ALIGN (0x4)

.rel.dyn        0x00000000080042a8        0x0
 .rel.iplt      0x00000000080042a8        0x0 c:/st/stm32cubeide_1.5.0/stm32cubeide/plugins/com.st.stm32cube.ide.mcu.externaltools.gnu-tools-for-stm32.9-2020-q2-update.win32_1.5.0.202011040924/tools/bin/../lib/gcc/arm-none-eabi/9.3.1/thumb/v7e-m+fp/hard/crtbegin.o

.preinit_array  0x00000000080042a8        0x0
                0x00000000080042a8                . = ALIGN (0x4)
                0x00000000080042a8                PROVIDE (__preinit_array_start = .)
 *(.preinit_array*)
                0x00000000080042a8                PROVIDE (__preinit_array_end = .)
                0x00000000080042a8                . = ALIGN (0x4)

.init_array     0x00000000080042a8        0x4
                0x00000000080042a8                . = ALIGN (0x4)
                0x00000000080042a8                PROVIDE (__init_array_start = .)
 *(SORT_BY_NAME(.init_array.*))
 *(.init_array*)
 .init_array    0x00000000080042a8        0x4 c:/st/stm32cubeide_1.5.0/stm32cubeide/plugins/com.st.stm32cube.ide.mcu.externaltools.gnu-tools-for-stm32.9-2020-q2-update.win32_1.5.0.202011040924/tools/bin/../lib/gcc/arm-none-eabi/9.3.1/thumb/v7e-m+fp/hard/crtbegin.o
                0x00000000080042ac                PROVIDE (__init_array_end = .)
                0x00000000080042ac                . = ALIGN (0x4)

.fini_array     0x00000000080042ac        0x4
                0x00000000080042ac                . = ALIGN (0x4)
                [!provide]                        PROVIDE (__fini_array_start = .)
 *(SORT_BY_NAME(.fini_array.*))
 *(.fini_array*)
 .fini_array    0x00000000080042ac        0x4 c:/st/stm32cubeide_1.5.0/stm32cubeide/plugins/com.st.stm32cube.ide.mcu.externaltools.gnu-tools-for-stm32.9-2020-q2-update.win32_1.5.0.202011040924/tools/bin/../lib/gcc/arm-none-eabi/9.3.1/thumb/v7e-m+fp/hard/crtbegin.o
                [!provide]                        PROVIDE (__fini_array_end = .)
                0x00000000080042b0                . = ALIGN (0x4)
                0x00000000080042b0                _sidata = LOADADDR (.data)

.data           0x0000000020000000       0x40 load address 0x00000000080042b0
                0x0000000020000000                . = ALIGN (0x4)
                0x0000000020000000                _sdata = .
 *(.data)
 *(.data*)
 .data._console_if
                0x0000000020000000       0x20 Core/Src/console_if.o
                0x0000000020000000                _console_if
 .data._keyboard_if
                0x0000000020000020       0x14 Core/Src/keyboard_if.o
                0x0000000020000020                _keyboard_if
 .data.SystemCoreClock
                0x0000000020000034        0x4 Core/Src/system_stm32f4xx.o
                0x0000000020000034                SystemCoreClock
 .data.uwTickPrio
                0x0000000020000038        0x4 Drivers/STM32F4xx_HAL_Driver/Src/stm32f4xx_hal.o
                0x0000000020000038                uwTickPrio
 .data.uwTickFreq
                0x000000002000003c        0x1 Drivers/STM32F4xx_HAL_Driver/Src/stm32f4xx_hal.o
                0x000000002000003c                uwTickFreq
 *(.RamFunc)
 *(.RamFunc*)
                0x0000000020000040                . = ALIGN (0x4)
 *fill*         0x000000002000003d        0x3 
                0x0000000020000040                _edata = .

.igot.plt       0x0000000020000040        0x0 load address 0x00000000080042f0
 .igot.plt      0x0000000020000040        0x0 c:/st/stm32cubeide_1.5.0/stm32cubeide/plugins/com.st.stm32cube.ide.mcu.externaltools.gnu-tools-for-stm32.9-2020-q2-update.win32_1.5.0.202011040924/tools/bin/../lib/gcc/arm-none-eabi/9.3.1/thumb/v7e-m+fp/hard/crtbegin.o
                0x0000000020000040                . = ALIGN (0x4)

.bss            0x0000000020000040      0x42c load address 0x00000000080042f0
                0x0000000020000040                _sbss = .
                0x0000000020000040                __bss_start__ = _sbss
 *(.bss)
 .bss           0x0000000020000040       0x1c c:/st/stm32cubeide_1.5.0/stm32cubeide/plugins/com.st.stm32cube.ide.mcu.externaltools.gnu-tools-for-stm32.9-2020-q2-update.win32_1.5.0.202011040924/tools/bin/../lib/gcc/arm-none-eabi/9.3.1/thumb/v7e-m+fp/hard/crtbegin.o
 *(.bss*)
 .bss.console_if_IN
                0x000000002000005c      0x206 Core/Src/console_if.o
 *fill*         0x0000000020000262        0x2 
 .bss.kbHID     0x0000000020000264        0x8 Core/Src/keyboard_if.o
                0x0000000020000264                kbHID
 *(COMMON)
 COMMON         0x000000002000026c      0x1fc Core/Src/usb_device.o
                0x000000002000026c                hUsbDevice
 COMMON         0x0000000020000468        0x4 Drivers/STM32F4xx_HAL_Driver/Src/stm32f4xx_hal.o
                0x0000000020000468                uwTick
                0x000000002000046c                . = ALIGN (0x4)
                0x000000002000046c                _ebss = .
                0x000000002000046c                __bss_end__ = _ebss

._user_heap_stack
                0x000000002000046c      0x604 load address 0x00000000080042f0
                0x0000000020000470                . = ALIGN (0x8)
 *fill*         0x000000002000046c        0x4 
                [!provide]                        PROVIDE (end = .)
                0x0000000020000470                PROVIDE (_end = .)
                0x0000000020000670                . = (. + _Min_Heap_Size)
 *fill*         0x0000000020000470      0x200 
                0x0000000020000a70                . = (. + _Min_Stack_Size)
 *fill*         0x0000000020000670      0x400 
                0x0000000020000a70                . = ALIGN (0x8)

/DISCARD/
 libc.a(*)
 libm.a(*)
 libgcc.a(*)

.ARM.attributes
                0x0000000000000000       0x30
 *(.ARM.attributes)
 .ARM.attributes
                0x0000000000000000       0x1e c:/st/stm32cubeide_1.5.0/stm32cubeide/plugins/com.st.stm32cube.ide.mcu.externaltools.gnu-tools-for-stm32.9-2020-q2-update.win32_1.5.0.202011040924/tools/bin/../lib/gcc/arm-none-eabi/9.3.1/thumb/v7e-m+fp/hard/crti.o
 .ARM.attributes
                0x000000000000001e       0x34 c:/st/stm32cubeide_1.5.0/stm32cubeide/plugins/com.st.stm32cube.ide.mcu.externaltools.gnu-tools-for-stm32.9-2020-q2-update.win32_1.5.0.202011040924/tools/bin/../lib/gcc/arm-none-eabi/9.3.1/thumb/v7e-m+fp/hard/crtbegin.o
 .ARM.attributes
                0x0000000000000052       0x34 Core/Src/console_if.o
 .ARM.attributes
                0x0000000000000086       0x34 Core/Src/hal_usb.o
 .ARM.attributes
                0x00000000000000ba       0x39 Core/Src/keyboard_if.o
 .ARM.attributes
                0x00000000000000f3       0x34 Core/Src/main.o
 .ARM.attributes
                0x0000000000000127       0x34 Core/Src/stm32f4xx_hal_msp.o
 .ARM.attributes
                0x000000000000015b       0x34 Core/Src/stm32f4xx_it.o
 .ARM.attributes
                0x000000000000018f       0x34 Core/Src/system_stm32f4xx.o
 .ARM.attributes
                0x00000000000001c3       0x34 Core/Src/usb_device.o
 .ARM.attributes
                0x00000000000001f7       0x21 Core/Startup/startup_stm32f407vetx.o
 .ARM.attributes
                0x0000000000000218       0x34 Core/USBDevice-master/Class/CDC/usbd_cdc.o
 .ARM.attributes
                0x000000000000024c       0x34 Core/USBDevice-master/Class/HID/usbd_hid.o
 .ARM.attributes
                0x0000000000000280       0x34 Core/USBDevice-master/Device/usbd.o
 .ARM.attributes
                0x00000000000002b4       0x34 Core/USBDevice-master/Device/usbd_ctrl.o
 .ARM.attributes
                0x00000000000002e8       0x34 Core/USBDevice-master/Device/usbd_desc.o
 .ARM.attributes
                0x000000000000031c       0x34 Core/USBDevice-master/Device/usbd_ep.o
 .ARM.attributes
                0x0000000000000350       0x34 Core/USBDevice-master/Device/usbd_if.o
 .ARM.attributes
                0x0000000000000384       0x34 Core/XPD_USB/xpd_usb_otg.o
 .ARM.attributes
                0x00000000000003b8       0x34 Drivers/STM32F4xx_HAL_Driver/Src/stm32f4xx_hal.o
 .ARM.attributes
                0x00000000000003ec       0x34 Drivers/STM32F4xx_HAL_Driver/Src/stm32f4xx_hal_cortex.o
 .ARM.attributes
                0x0000000000000420       0x34 Drivers/STM32F4xx_HAL_Driver/Src/stm32f4xx_hal_gpio.o
 .ARM.attributes
                0x0000000000000454       0x34 Drivers/STM32F4xx_HAL_Driver/Src/stm32f4xx_hal_rcc.o
 .ARM.attributes
                0x0000000000000488       0x34 c:/st/stm32cubeide_1.5.0/stm32cubeide/plugins/com.st.stm32cube.ide.mcu.externaltools.gnu-tools-for-stm32.9-2020-q2-update.win32_1.5.0.202011040924/tools/bin/../lib/gcc/arm-none-eabi/9.3.1/../../../../arm-none-eabi/lib/thumb/v7e-m+fp/hard\libc_nano.a(lib_a-init.o)
 .ARM.attributes
                0x00000000000004bc       0x34 c:/st/stm32cubeide_1.5.0/stm32cubeide/plugins/com.st.stm32cube.ide.mcu.externaltools.gnu-tools-for-stm32.9-2020-q2-update.win32_1.5.0.202011040924/tools/bin/../lib/gcc/arm-none-eabi/9.3.1/../../../../arm-none-eabi/lib/thumb/v7e-m+fp/hard\libc_nano.a(lib_a-memset.o)
 .ARM.attributes
                0x00000000000004f0       0x1e c:/st/stm32cubeide_1.5.0/stm32cubeide/plugins/com.st.stm32cube.ide.mcu.externaltools.gnu-tools-for-stm32.9-2020-q2-update.win32_1.5.0.202011040924/tools/bin/../lib/gcc/arm-none-eabi/9.3.1/thumb/v7e-m+fp/hard\libgcc.a(_aeabi_uldivmod.o)
 .ARM.attributes
                0x000000000000050e       0x34 c:/st/stm32cubeide_1.5.0/stm32cubeide/plugins/com.st.stm32cube.ide.mcu.externaltools.gnu-tools-for-stm32.9-2020-q2-update.win32_1.5.0.202011040924/tools/bin/../lib/gcc/arm-none-eabi/9.3.1/thumb/v7e-m+fp/hard\libgcc.a(_udivmoddi4.o)
 .ARM.attributes
                0x0000000000000542       0x1e c:/st/stm32cubeide_1.5.0/stm32cubeide/plugins/com.st.stm32cube.ide.mcu.externaltools.gnu-tools-for-stm32.9-2020-q2-update.win32_1.5.0.202011040924/tools/bin/../lib/gcc/arm-none-eabi/9.3.1/thumb/v7e-m+fp/hard\libgcc.a(_dvmd_tls.o)
 .ARM.attributes
                0x0000000000000560       0x1e c:/st/stm32cubeide_1.5.0/stm32cubeide/plugins/com.st.stm32cube.ide.mcu.externaltools.gnu-tools-for-stm32.9-2020-q2-update.win32_1.5.0.202011040924/tools/bin/../lib/gcc/arm-none-eabi/9.3.1/thumb/v7e-m+fp/hard/crtn.o
OUTPUT(Auto_Login_Composite_USB.elf elf32-littlearm)
LOAD linker stubs
LOAD c:/st/stm32cubeide_1.5.0/stm32cubeide/plugins/com.st.stm32cube.ide.mcu.externaltools.gnu-tools-for-stm32.9-2020-q2-update.win32_1.5.0.202011040924/tools/bin/../lib/gcc/arm-none-eabi/9.3.1/../../../../arm-none-eabi/lib/thumb/v7e-m+fp/hard\libc.a
LOAD c:/st/stm32cubeide_1.5.0/stm32cubeide/plugins/com.st.stm32cube.ide.mcu.externaltools.gnu-tools-for-stm32.9-2020-q2-update.win32_1.5.0.202011040924/tools/bin/../lib/gcc/arm-none-eabi/9.3.1/../../../../arm-none-eabi/lib/thumb/v7e-m+fp/hard\libm.a
LOAD c:/st/stm32cubeide_1.5.0/stm32cubeide/plugins/com.st.stm32cube.ide.mcu.externaltools.gnu-tools-for-stm32.9-2020-q2-update.win32_1.5.0.202011040924/tools/bin/../lib/gcc/arm-none-eabi/9.3.1/thumb/v7e-m+fp/hard\libgcc.a

.debug_info     0x0000000000000000    0x354cc
 .debug_info    0x0000000000000000     0x3d94 Core/Src/console_if.o
 .debug_info    0x0000000000003d94     0x3619 Core/Src/hal_usb.o
 .debug_info    0x00000000000073ad     0x3d2c Core/Src/keyboard_if.o
 .debug_info    0x000000000000b0d9     0x3c13 Core/Src/main.o
 .debug_info    0x000000000000ecec      0x394 Core/Src/stm32f4xx_hal_msp.o
 .debug_info    0x000000000000f080      0x25e Core/Src/stm32f4xx_it.o
 .debug_info    0x000000000000f2de      0x5a4 Core/Src/system_stm32f4xx.o
 .debug_info    0x000000000000f882     0x35df Core/Src/usb_device.o
 .debug_info    0x0000000000012e61       0x22 Core/Startup/startup_stm32f407vetx.o
 .debug_info    0x0000000000012e83     0x459f Core/USBDevice-master/Class/CDC/usbd_cdc.o
 .debug_info    0x0000000000017422     0x430a Core/USBDevice-master/Class/HID/usbd_hid.o
 .debug_info    0x000000000001b72c     0x3d29 Core/USBDevice-master/Device/usbd.o
 .debug_info    0x000000000001f455     0x3b7b Core/USBDevice-master/Device/usbd_ctrl.o
 .debug_info    0x0000000000022fd0     0x3f6d Core/USBDevice-master/Device/usbd_desc.o
 .debug_info    0x0000000000026f3d     0x3c84 Core/USBDevice-master/Device/usbd_ep.o
 .debug_info    0x000000000002abc1     0x3c07 Core/USBDevice-master/Device/usbd_if.o
 .debug_info    0x000000000002e7c8     0x42a7 Core/XPD_USB/xpd_usb_otg.o
 .debug_info    0x0000000000032a6f      0x9b2 Drivers/STM32F4xx_HAL_Driver/Src/stm32f4xx_hal.o
 .debug_info    0x0000000000033421      0xed7 Drivers/STM32F4xx_HAL_Driver/Src/stm32f4xx_hal_cortex.o
 .debug_info    0x00000000000342f8      0x83e Drivers/STM32F4xx_HAL_Driver/Src/stm32f4xx_hal_gpio.o
 .debug_info    0x0000000000034b36      0x996 Drivers/STM32F4xx_HAL_Driver/Src/stm32f4xx_hal_rcc.o

.debug_abbrev   0x0000000000000000     0x3b9c
 .debug_abbrev  0x0000000000000000      0x378 Core/Src/console_if.o
 .debug_abbrev  0x0000000000000378      0x31a Core/Src/hal_usb.o
 .debug_abbrev  0x0000000000000692      0x2e5 Core/Src/keyboard_if.o
 .debug_abbrev  0x0000000000000977      0x36c Core/Src/main.o
 .debug_abbrev  0x0000000000000ce3      0x11d Core/Src/stm32f4xx_hal_msp.o
 .debug_abbrev  0x0000000000000e00       0xd2 Core/Src/stm32f4xx_it.o
 .debug_abbrev  0x0000000000000ed2      0x145 Core/Src/system_stm32f4xx.o
 .debug_abbrev  0x0000000000001017      0x2c1 Core/Src/usb_device.o
 .debug_abbrev  0x00000000000012d8       0x12 Core/Startup/startup_stm32f407vetx.o
 .debug_abbrev  0x00000000000012ea      0x428 Core/USBDevice-master/Class/CDC/usbd_cdc.o
 .debug_abbrev  0x0000000000001712      0x433 Core/USBDevice-master/Class/HID/usbd_hid.o
 .debug_abbrev  0x0000000000001b45      0x403 Core/USBDevice-master/Device/usbd.o
 .debug_abbrev  0x0000000000001f48      0x376 Core/USBDevice-master/Device/usbd_ctrl.o
 .debug_abbrev  0x00000000000022be      0x433 Core/USBDevice-master/Device/usbd_desc.o
 .debug_abbrev  0x00000000000026f1      0x392 Core/USBDevice-master/Device/usbd_ep.o
 .debug_abbrev  0x0000000000002a83      0x3b5 Core/USBDevice-master/Device/usbd_if.o
 .debug_abbrev  0x0000000000002e38      0x3d5 Core/XPD_USB/xpd_usb_otg.o
 .debug_abbrev  0x000000000000320d      0x1ed Drivers/STM32F4xx_HAL_Driver/Src/stm32f4xx_hal.o
 .debug_abbrev  0x00000000000033fa      0x33c Drivers/STM32F4xx_HAL_Driver/Src/stm32f4xx_hal_cortex.o
 .debug_abbrev  0x0000000000003736      0x1f1 Drivers/STM32F4xx_HAL_Driver/Src/stm32f4xx_hal_gpio.o
 .debug_abbrev  0x0000000000003927      0x275 Drivers/STM32F4xx_HAL_Driver/Src/stm32f4xx_hal_rcc.o

.debug_aranges  0x0000000000000000      0x8e0
 .debug_aranges
                0x0000000000000000       0x38 Core/Src/console_if.o
 .debug_aranges
                0x0000000000000038       0x38 Core/Src/hal_usb.o
 .debug_aranges
                0x0000000000000070       0x18 Core/Src/keyboard_if.o
 .debug_aranges
                0x0000000000000088       0x48 Core/Src/main.o
 .debug_aranges
                0x00000000000000d0       0x20 Core/Src/stm32f4xx_hal_msp.o
 .debug_aranges
                0x00000000000000f0       0x70 Core/Src/stm32f4xx_it.o
 .debug_aranges
                0x0000000000000160       0x28 Core/Src/system_stm32f4xx.o
 .debug_aranges
                0x0000000000000188       0x20 Core/Src/usb_device.o
 .debug_aranges
                0x00000000000001a8       0x28 Core/Startup/startup_stm32f407vetx.o
 .debug_aranges
                0x00000000000001d0       0x90 Core/USBDevice-master/Class/CDC/usbd_cdc.o
 .debug_aranges
                0x0000000000000260       0x78 Core/USBDevice-master/Class/HID/usbd_hid.o
 .debug_aranges
                0x00000000000002d8       0x90 Core/USBDevice-master/Device/usbd.o
 .debug_aranges
                0x0000000000000368       0x60 Core/USBDevice-master/Device/usbd_ctrl.o
 .debug_aranges
                0x00000000000003c8       0x58 Core/USBDevice-master/Device/usbd_desc.o
 .debug_aranges
                0x0000000000000420       0x58 Core/USBDevice-master/Device/usbd_ep.o
 .debug_aranges
                0x0000000000000478       0x50 Core/USBDevice-master/Device/usbd_if.o
 .debug_aranges
                0x00000000000004c8      0x130 Core/XPD_USB/xpd_usb_otg.o
 .debug_aranges
                0x00000000000005f8       0xf0 Drivers/STM32F4xx_HAL_Driver/Src/stm32f4xx_hal.o
 .debug_aranges
                0x00000000000006e8      0x118 Drivers/STM32F4xx_HAL_Driver/Src/stm32f4xx_hal_cortex.o
 .debug_aranges
                0x0000000000000800       0x58 Drivers/STM32F4xx_HAL_Driver/Src/stm32f4xx_hal_gpio.o
 .debug_aranges
                0x0000000000000858       0x88 Drivers/STM32F4xx_HAL_Driver/Src/stm32f4xx_hal_rcc.o

.debug_ranges   0x0000000000000000      0x7e0
 .debug_ranges  0x0000000000000000       0x28 Core/Src/console_if.o
 .debug_ranges  0x0000000000000028       0x28 Core/Src/hal_usb.o
 .debug_ranges  0x0000000000000050       0x38 Core/Src/main.o
 .debug_ranges  0x0000000000000088       0x10 Core/Src/stm32f4xx_hal_msp.o
 .debug_ranges  0x0000000000000098       0x60 Core/Src/stm32f4xx_it.o
 .debug_ranges  0x00000000000000f8       0x18 Core/Src/system_stm32f4xx.o
 .debug_ranges  0x0000000000000110       0x10 Core/Src/usb_device.o
 .debug_ranges  0x0000000000000120       0x20 Core/Startup/startup_stm32f407vetx.o
 .debug_ranges  0x0000000000000140       0x80 Core/USBDevice-master/Class/CDC/usbd_cdc.o
 .debug_ranges  0x00000000000001c0       0x68 Core/USBDevice-master/Class/HID/usbd_hid.o
 .debug_ranges  0x0000000000000228       0x80 Core/USBDevice-master/Device/usbd.o
 .debug_ranges  0x00000000000002a8       0x50 Core/USBDevice-master/Device/usbd_ctrl.o
 .debug_ranges  0x00000000000002f8       0x48 Core/USBDevice-master/Device/usbd_desc.o
 .debug_ranges  0x0000000000000340       0x48 Core/USBDevice-master/Device/usbd_ep.o
 .debug_ranges  0x0000000000000388       0x58 Core/USBDevice-master/Device/usbd_if.o
 .debug_ranges  0x00000000000003e0      0x158 Core/XPD_USB/xpd_usb_otg.o
 .debug_ranges  0x0000000000000538       0xe0 Drivers/STM32F4xx_HAL_Driver/Src/stm32f4xx_hal.o
 .debug_ranges  0x0000000000000618      0x108 Drivers/STM32F4xx_HAL_Driver/Src/stm32f4xx_hal_cortex.o
 .debug_ranges  0x0000000000000720       0x48 Drivers/STM32F4xx_HAL_Driver/Src/stm32f4xx_hal_gpio.o
 .debug_ranges  0x0000000000000768       0x78 Drivers/STM32F4xx_HAL_Driver/Src/stm32f4xx_hal_rcc.o

.debug_macro    0x0000000000000000    0x2260a
 .debug_macro   0x0000000000000000      0x3d6 Core/Src/console_if.o
 .debug_macro   0x00000000000003d6      0xaa8 Core/Src/console_if.o
 .debug_macro   0x0000000000000e7e       0x22 Core/Src/console_if.o
 .debug_macro   0x0000000000000ea0       0x22 Core/Src/console_if.o
 .debug_macro   0x0000000000000ec2       0x8e Core/Src/console_if.o
 .debug_macro   0x0000000000000f50       0x51 Core/Src/console_if.o
 .debug_macro   0x0000000000000fa1      0x103 Core/Src/console_if.o
 .debug_macro   0x00000000000010a4       0x6a Core/Src/console_if.o
 .debug_macro   0x000000000000110e      0x1df Core/Src/console_if.o
 .debug_macro   0x00000000000012ed       0x82 Core/Src/console_if.o
 .debug_macro   0x000000000000136f       0x58 Core/Src/console_if.o
 .debug_macro   0x00000000000013c7      0x174 Core/Src/console_if.o
 .debug_macro   0x000000000000153b       0x2e Core/Src/console_if.o
 .debug_macro   0x0000000000001569       0x2f Core/Src/console_if.o
 .debug_macro   0x0000000000001598       0x1c Core/Src/console_if.o
 .debug_macro   0x00000000000015b4       0x22 Core/Src/console_if.o
 .debug_macro   0x00000000000015d6       0xdf Core/Src/console_if.o
 .debug_macro   0x00000000000016b5     0x102d Core/Src/console_if.o
 .debug_macro   0x00000000000026e2      0x11f Core/Src/console_if.o
 .debug_macro   0x0000000000002801    0x15e3c Core/Src/console_if.o
 .debug_macro   0x000000000001863d       0x43 Core/Src/console_if.o
 .debug_macro   0x0000000000018680      0x28f Core/Src/console_if.o
 .debug_macro   0x000000000001890f     0x3659 Core/Src/console_if.o
 .debug_macro   0x000000000001bf68       0x56 Core/Src/console_if.o
 .debug_macro   0x000000000001bfbe      0x96b Core/Src/console_if.o
 .debug_macro   0x000000000001c929      0x9fe Core/Src/console_if.o
 .debug_macro   0x000000000001d327      0x117 Core/Src/console_if.o
 .debug_macro   0x000000000001d43e      0x13e Core/Src/console_if.o
 .debug_macro   0x000000000001d57c       0x82 Core/Src/console_if.o
 .debug_macro   0x000000000001d5fe      0x174 Core/Src/console_if.o
 .debug_macro   0x000000000001d772      0x287 Core/Src/console_if.o
 .debug_macro   0x000000000001d9f9       0x5f Core/Src/console_if.o
 .debug_macro   0x000000000001da58      0x236 Core/Src/console_if.o
 .debug_macro   0x000000000001dc8e      0x12c Core/Src/console_if.o
 .debug_macro   0x000000000001ddba      0x21e Core/Src/console_if.o
 .debug_macro   0x000000000001dfd8       0x2e Core/Src/console_if.o
 .debug_macro   0x000000000001e006      0x11a Core/Src/console_if.o
 .debug_macro   0x000000000001e120       0x7e Core/Src/console_if.o
 .debug_macro   0x000000000001e19e       0x89 Core/Src/console_if.o
 .debug_macro   0x000000000001e227      0x12d Core/Src/console_if.o
 .debug_macro   0x000000000001e354       0x2e Core/Src/console_if.o
 .debug_macro   0x000000000001e382       0x34 Core/Src/console_if.o
 .debug_macro   0x000000000001e3b6       0x28 Core/Src/console_if.o
 .debug_macro   0x000000000001e3de       0x2e Core/Src/console_if.o
 .debug_macro   0x000000000001e40c       0x10 Core/Src/console_if.o
 .debug_macro   0x000000000001e41c       0x52 Core/Src/console_if.o
 .debug_macro   0x000000000001e46e       0x18 Core/Src/console_if.o
 .debug_macro   0x000000000001e486       0x3c Core/Src/console_if.o
 .debug_macro   0x000000000001e4c2       0x34 Core/Src/console_if.o
 .debug_macro   0x000000000001e4f6       0x16 Core/Src/console_if.o
 .debug_macro   0x000000000001e50c       0x43 Core/Src/console_if.o
 .debug_macro   0x000000000001e54f       0x34 Core/Src/console_if.o
 .debug_macro   0x000000000001e583       0x10 Core/Src/console_if.o
 .debug_macro   0x000000000001e593       0x58 Core/Src/console_if.o
 .debug_macro   0x000000000001e5eb       0x71 Core/Src/console_if.o
 .debug_macro   0x000000000001e65c       0x1c Core/Src/console_if.o
 .debug_macro   0x000000000001e678      0x12a Core/Src/console_if.o
 .debug_macro   0x000000000001e7a2      0x23b Core/Src/console_if.o
 .debug_macro   0x000000000001e9dd       0x1c Core/Src/console_if.o
 .debug_macro   0x000000000001e9f9       0x35 Core/Src/console_if.o
 .debug_macro   0x000000000001ea2e      0x333 Core/Src/console_if.o
 .debug_macro   0x000000000001ed61       0x10 Core/Src/console_if.o
 .debug_macro   0x000000000001ed71       0x10 Core/Src/console_if.o
 .debug_macro   0x000000000001ed81       0x1c Core/Src/console_if.o
 .debug_macro   0x000000000001ed9d       0x52 Core/Src/console_if.o
 .debug_macro   0x000000000001edef       0x22 Core/Src/console_if.o
 .debug_macro   0x000000000001ee11       0x10 Core/Src/console_if.o
 .debug_macro   0x000000000001ee21       0x40 Core/Src/console_if.o
 .debug_macro   0x000000000001ee61       0xd5 Core/Src/console_if.o
 .debug_macro   0x000000000001ef36       0x1c Core/Src/console_if.o
 .debug_macro   0x000000000001ef52       0x3d Core/Src/console_if.o
 .debug_macro   0x000000000001ef8f       0x16 Core/Src/console_if.o
 .debug_macro   0x000000000001efa5      0x145 Core/Src/console_if.o
 .debug_macro   0x000000000001f0ea       0x16 Core/Src/console_if.o
 .debug_macro   0x000000000001f100       0x20 Core/Src/console_if.o
 .debug_macro   0x000000000001f120      0x265 Core/Src/hal_usb.o
 .debug_macro   0x000000000001f385       0x5c Core/Src/hal_usb.o
 .debug_macro   0x000000000001f3e1       0x3b Core/Src/hal_usb.o
 .debug_macro   0x000000000001f41c       0x7c Core/Src/hal_usb.o
 .debug_macro   0x000000000001f498       0x2e Core/Src/hal_usb.o
 .debug_macro   0x000000000001f4c6       0x1c Core/Src/hal_usb.o
 .debug_macro   0x000000000001f4e2       0xc9 Core/Src/hal_usb.o
 .debug_macro   0x000000000001f5ab       0x22 Core/Src/hal_usb.o
 .debug_macro   0x000000000001f5cd      0x3c8 Core/Src/keyboard_if.o
 .debug_macro   0x000000000001f995       0x16 Core/Src/keyboard_if.o
 .debug_macro   0x000000000001f9ab      0x255 Core/Src/main.o
 .debug_macro   0x000000000001fc00       0x28 Core/Src/main.o
 .debug_macro   0x000000000001fc28       0x7c Core/Src/main.o
 .debug_macro   0x000000000001fca4       0x10 Core/Src/main.o
 .debug_macro   0x000000000001fcb4      0x1bf Core/Src/stm32f4xx_hal_msp.o
 .debug_macro   0x000000000001fe73      0x1c9 Core/Src/stm32f4xx_it.o
 .debug_macro   0x000000000002003c      0x1b0 Core/Src/system_stm32f4xx.o
 .debug_macro   0x00000000000201ec      0x246 Core/Src/usb_device.o
 .debug_macro   0x0000000000020432      0x360 Core/USBDevice-master/Class/CDC/usbd_cdc.o
 .debug_macro   0x0000000000020792       0x22 Core/USBDevice-master/Class/CDC/usbd_cdc.o
 .debug_macro   0x00000000000207b4       0x6a Core/USBDevice-master/Class/CDC/usbd_cdc.o
 .debug_macro   0x000000000002081e       0x10 Core/USBDevice-master/Class/CDC/usbd_cdc.o
 .debug_macro   0x000000000002082e       0x35 Core/USBDevice-master/Class/CDC/usbd_cdc.o
 .debug_macro   0x0000000000020863      0x359 Core/USBDevice-master/Class/HID/usbd_hid.o
 .debug_macro   0x0000000000020bbc      0x348 Core/USBDevice-master/Device/usbd.o
 .debug_macro   0x0000000000020f04      0x348 Core/USBDevice-master/Device/usbd_ctrl.o
 .debug_macro   0x000000000002124c      0x352 Core/USBDevice-master/Device/usbd_desc.o
 .debug_macro   0x000000000002159e      0x348 Core/USBDevice-master/Device/usbd_ep.o
 .debug_macro   0x00000000000218e6      0x348 Core/USBDevice-master/Device/usbd_if.o
 .debug_macro   0x0000000000021c2e      0x292 Core/XPD_USB/xpd_usb_otg.o
 .debug_macro   0x0000000000021ec0      0x210 Drivers/STM32F4xx_HAL_Driver/Src/stm32f4xx_hal.o
 .debug_macro   0x00000000000220d0      0x1b0 Drivers/STM32F4xx_HAL_Driver/Src/stm32f4xx_hal_cortex.o
 .debug_macro   0x0000000000022280      0x1b6 Drivers/STM32F4xx_HAL_Driver/Src/stm32f4xx_hal_gpio.o
 .debug_macro   0x0000000000022436      0x1d4 Drivers/STM32F4xx_HAL_Driver/Src/stm32f4xx_hal_rcc.o

.debug_line     0x0000000000000000     0xe249
 .debug_line    0x0000000000000000      0xb7e Core/Src/console_if.o
 .debug_line    0x0000000000000b7e      0x8f3 Core/Src/hal_usb.o
 .debug_line    0x0000000000001471      0xa44 Core/Src/keyboard_if.o
 .debug_line    0x0000000000001eb5      0x947 Core/Src/main.o
 .debug_line    0x00000000000027fc      0x67e Core/Src/stm32f4xx_hal_msp.o
 .debug_line    0x0000000000002e7a      0x770 Core/Src/stm32f4xx_it.o
 .debug_line    0x00000000000035ea      0x6ff Core/Src/system_stm32f4xx.o
 .debug_line    0x0000000000003ce9      0x878 Core/Src/usb_device.o
 .debug_line    0x0000000000004561       0x88 Core/Startup/startup_stm32f407vetx.o
 .debug_line    0x00000000000045e9      0xdce Core/USBDevice-master/Class/CDC/usbd_cdc.o
 .debug_line    0x00000000000053b7      0xdb5 Core/USBDevice-master/Class/HID/usbd_hid.o
 .debug_line    0x000000000000616c      0xcff Core/USBDevice-master/Device/usbd.o
 .debug_line    0x0000000000006e6b      0xc80 Core/USBDevice-master/Device/usbd_ctrl.o
 .debug_line    0x0000000000007aeb      0xcfa Core/USBDevice-master/Device/usbd_desc.o
 .debug_line    0x00000000000087e5      0xc74 Core/USBDevice-master/Device/usbd_ep.o
 .debug_line    0x0000000000009459      0xc40 Core/USBDevice-master/Device/usbd_if.o
 .debug_line    0x000000000000a099     0x1479 Core/XPD_USB/xpd_usb_otg.o
 .debug_line    0x000000000000b512      0x965 Drivers/STM32F4xx_HAL_Driver/Src/stm32f4xx_hal.o
 .debug_line    0x000000000000be77      0xc14 Drivers/STM32F4xx_HAL_Driver/Src/stm32f4xx_hal_cortex.o
 .debug_line    0x000000000000ca8b      0xadd Drivers/STM32F4xx_HAL_Driver/Src/stm32f4xx_hal_gpio.o
 .debug_line    0x000000000000d568      0xce1 Drivers/STM32F4xx_HAL_Driver/Src/stm32f4xx_hal_rcc.o

.debug_str      0x0000000000000000    0xc3f06
 .debug_str     0x0000000000000000    0xbfe8a Core/Src/console_if.o
                                      0xc047d (size before relaxing)
 .debug_str     0x00000000000bfe8a      0xd3a Core/Src/hal_usb.o
                                      0xbca67 (size before relaxing)
 .debug_str     0x00000000000c0bc4      0x1eb Core/Src/keyboard_if.o
                                      0xc0062 (size before relaxing)
 .debug_str     0x00000000000c0daf      0x2f8 Core/Src/main.o
                                      0xbc769 (size before relaxing)
 .debug_str     0x00000000000c10a7       0x2c Core/Src/stm32f4xx_hal_msp.o
                                      0xba497 (size before relaxing)
 .debug_str     0x00000000000c10d3       0xdf Core/Src/stm32f4xx_it.o
                                      0xba45b (size before relaxing)
 .debug_str     0x00000000000c11b2       0xaf Core/Src/system_stm32f4xx.o
                                      0xba48f (size before relaxing)
 .debug_str     0x00000000000c1261       0x3c Core/Src/usb_device.o
                                      0xbbf86 (size before relaxing)
 .debug_str     0x00000000000c129d       0x36 Core/Startup/startup_stm32f407vetx.o
                                         0x85 (size before relaxing)
 .debug_str     0x00000000000c12d3      0xc09 Core/USBDevice-master/Class/CDC/usbd_cdc.o
                                      0xc02fd (size before relaxing)
 .debug_str     0x00000000000c1edc      0x362 Core/USBDevice-master/Class/HID/usbd_hid.o
                                      0xc006f (size before relaxing)
 .debug_str     0x00000000000c223e      0x136 Core/USBDevice-master/Device/usbd.o
                                      0xbfbaa (size before relaxing)
 .debug_str     0x00000000000c2374       0xd1 Core/USBDevice-master/Device/usbd_ctrl.o
                                      0xbfa65 (size before relaxing)
 .debug_str     0x00000000000c2445      0x213 Core/USBDevice-master/Device/usbd_desc.o
                                      0xbfd83 (size before relaxing)
 .debug_str     0x00000000000c2658       0x8c Core/USBDevice-master/Device/usbd_ep.o
                                      0xbfb3c (size before relaxing)
 .debug_str     0x00000000000c26e4       0xb1 Core/USBDevice-master/Device/usbd_if.o
                                      0xbfb9f (size before relaxing)
 .debug_str     0x00000000000c2795      0xaa6 Core/XPD_USB/xpd_usb_otg.o
                                      0xbd061 (size before relaxing)
 .debug_str     0x00000000000c323b      0x58d Drivers/STM32F4xx_HAL_Driver/Src/stm32f4xx_hal.o
                                      0xbaf71 (size before relaxing)
 .debug_str     0x00000000000c37c8      0x39e Drivers/STM32F4xx_HAL_Driver/Src/stm32f4xx_hal_cortex.o
                                      0xbad60 (size before relaxing)
 .debug_str     0x00000000000c3b66      0x15b Drivers/STM32F4xx_HAL_Driver/Src/stm32f4xx_hal_gpio.o
                                      0xba636 (size before relaxing)
 .debug_str     0x00000000000c3cc1      0x245 Drivers/STM32F4xx_HAL_Driver/Src/stm32f4xx_hal_rcc.o
                                      0xba891 (size before relaxing)

.comment        0x0000000000000000       0x53
 .comment       0x0000000000000000       0x53 Core/Src/console_if.o
                                         0x54 (size before relaxing)
 .comment       0x0000000000000053       0x54 Core/Src/hal_usb.o
 .comment       0x0000000000000053       0x54 Core/Src/keyboard_if.o
 .comment       0x0000000000000053       0x54 Core/Src/main.o
 .comment       0x0000000000000053       0x54 Core/Src/stm32f4xx_hal_msp.o
 .comment       0x0000000000000053       0x54 Core/Src/stm32f4xx_it.o
 .comment       0x0000000000000053       0x54 Core/Src/system_stm32f4xx.o
 .comment       0x0000000000000053       0x54 Core/Src/usb_device.o
 .comment       0x0000000000000053       0x54 Core/USBDevice-master/Class/CDC/usbd_cdc.o
 .comment       0x0000000000000053       0x54 Core/USBDevice-master/Class/HID/usbd_hid.o
 .comment       0x0000000000000053       0x54 Core/USBDevice-master/Device/usbd.o
 .comment       0x0000000000000053       0x54 Core/USBDevice-master/Device/usbd_ctrl.o
 .comment       0x0000000000000053       0x54 Core/USBDevice-master/Device/usbd_desc.o
 .comment       0x0000000000000053       0x54 Core/USBDevice-master/Device/usbd_ep.o
 .comment       0x0000000000000053       0x54 Core/USBDevice-master/Device/usbd_if.o
 .comment       0x0000000000000053       0x54 Core/XPD_USB/xpd_usb_otg.o
 .comment       0x0000000000000053       0x54 Drivers/STM32F4xx_HAL_Driver/Src/stm32f4xx_hal.o
 .comment       0x0000000000000053       0x54 Drivers/STM32F4xx_HAL_Driver/Src/stm32f4xx_hal_cortex.o
 .comment       0x0000000000000053       0x54 Drivers/STM32F4xx_HAL_Driver/Src/stm32f4xx_hal_gpio.o
 .comment       0x0000000000000053       0x54 Drivers/STM32F4xx_HAL_Driver/Src/stm32f4xx_hal_rcc.o

.debug_frame    0x0000000000000000     0x2050
 .debug_frame   0x0000000000000000       0xa4 Core/Src/console_if.o
 .debug_frame   0x00000000000000a4       0x94 Core/Src/hal_usb.o
 .debug_frame   0x0000000000000138       0xcc Core/Src/main.o
 .debug_frame   0x0000000000000204       0x38 Core/Src/stm32f4xx_hal_msp.o
 .debug_frame   0x000000000000023c      0x13c Core/Src/stm32f4xx_it.o
 .debug_frame   0x0000000000000378       0x58 Core/Src/system_stm32f4xx.o
 .debug_frame   0x00000000000003d0       0x2c Core/Src/usb_device.o
 .debug_frame   0x00000000000003fc      0x23c Core/USBDevice-master/Class/CDC/usbd_cdc.o
 .debug_frame   0x0000000000000638      0x1d0 Core/USBDevice-master/Class/HID/usbd_hid.o
 .debug_frame   0x0000000000000808      0x234 Core/USBDevice-master/Device/usbd.o
 .debug_frame   0x0000000000000a3c      0x154 Core/USBDevice-master/Device/usbd_ctrl.o
 .debug_frame   0x0000000000000b90      0x144 Core/USBDevice-master/Device/usbd_desc.o
 .debug_frame   0x0000000000000cd4      0x134 Core/USBDevice-master/Device/usbd_ep.o
 .debug_frame   0x0000000000000e08      0x10c Core/USBDevice-master/Device/usbd_if.o
 .debug_frame   0x0000000000000f14      0x548 Core/XPD_USB/xpd_usb_otg.o
 .debug_frame   0x000000000000145c      0x374 Drivers/STM32F4xx_HAL_Driver/Src/stm32f4xx_hal.o
 .debug_frame   0x00000000000017d0      0x498 Drivers/STM32F4xx_HAL_Driver/Src/stm32f4xx_hal_cortex.o
 .debug_frame   0x0000000000001c68      0x14c Drivers/STM32F4xx_HAL_Driver/Src/stm32f4xx_hal_gpio.o
 .debug_frame   0x0000000000001db4      0x1f0 Drivers/STM32F4xx_HAL_Driver/Src/stm32f4xx_hal_rcc.o
 .debug_frame   0x0000000000001fa4       0x2c c:/st/stm32cubeide_1.5.0/stm32cubeide/plugins/com.st.stm32cube.ide.mcu.externaltools.gnu-tools-for-stm32.9-2020-q2-update.win32_1.5.0.202011040924/tools/bin/../lib/gcc/arm-none-eabi/9.3.1/../../../../arm-none-eabi/lib/thumb/v7e-m+fp/hard\libc_nano.a(lib_a-init.o)
 .debug_frame   0x0000000000001fd0       0x20 c:/st/stm32cubeide_1.5.0/stm32cubeide/plugins/com.st.stm32cube.ide.mcu.externaltools.gnu-tools-for-stm32.9-2020-q2-update.win32_1.5.0.202011040924/tools/bin/../lib/gcc/arm-none-eabi/9.3.1/../../../../arm-none-eabi/lib/thumb/v7e-m+fp/hard\libc_nano.a(lib_a-memset.o)
 .debug_frame   0x0000000000001ff0       0x2c c:/st/stm32cubeide_1.5.0/stm32cubeide/plugins/com.st.stm32cube.ide.mcu.externaltools.gnu-tools-for-stm32.9-2020-q2-update.win32_1.5.0.202011040924/tools/bin/../lib/gcc/arm-none-eabi/9.3.1/thumb/v7e-m+fp/hard\libgcc.a(_aeabi_uldivmod.o)
 .debug_frame   0x000000000000201c       0x34 c:/st/stm32cubeide_1.5.0/stm32cubeide/plugins/com.st.stm32cube.ide.mcu.externaltools.gnu-tools-for-stm32.9-2020-q2-update.win32_1.5.0.202011040924/tools/bin/../lib/gcc/arm-none-eabi/9.3.1/thumb/v7e-m+fp/hard\libgcc.a(_udivmoddi4.o)
