Archive member included to satisfy reference by file (symbol)

c:/st/stm32cubeide_1.5.0/stm32cubeide/plugins/com.st.stm32cube.ide.mcu.externaltools.gnu-tools-for-stm32.9-2020-q2-update.win32_1.5.0.202011040924/tools/bin/../lib/gcc/arm-none-eabi/9.3.1/../../../../arm-none-eabi/lib/thumb/v7e-m+fp/hard\libc_nano.a(lib_a-errno.o)
                              Core/Src/syscalls.o (__errno)
c:/st/stm32cubeide_1.5.0/stm32cubeide/plugins/com.st.stm32cube.ide.mcu.externaltools.gnu-tools-for-stm32.9-2020-q2-update.win32_1.5.0.202011040924/tools/bin/../lib/gcc/arm-none-eabi/9.3.1/../../../../arm-none-eabi/lib/thumb/v7e-m+fp/hard\libc_nano.a(lib_a-exit.o)
                              c:/st/stm32cubeide_1.5.0/stm32cubeide/plugins/com.st.stm32cube.ide.mcu.externaltools.gnu-tools-for-stm32.9-2020-q2-update.win32_1.5.0.202011040924/tools/bin/../lib/gcc/arm-none-eabi/9.3.1/../../../../arm-none-eabi/lib/thumb/v7e-m+fp/hard/crt0.o (exit)
c:/st/stm32cubeide_1.5.0/stm32cubeide/plugins/com.st.stm32cube.ide.mcu.externaltools.gnu-tools-for-stm32.9-2020-q2-update.win32_1.5.0.202011040924/tools/bin/../lib/gcc/arm-none-eabi/9.3.1/../../../../arm-none-eabi/lib/thumb/v7e-m+fp/hard\libc_nano.a(lib_a-impure.o)
                              c:/st/stm32cubeide_1.5.0/stm32cubeide/plugins/com.st.stm32cube.ide.mcu.externaltools.gnu-tools-for-stm32.9-2020-q2-update.win32_1.5.0.202011040924/tools/bin/../lib/gcc/arm-none-eabi/9.3.1/../../../../arm-none-eabi/lib/thumb/v7e-m+fp/hard\libc_nano.a(lib_a-exit.o) (_global_impure_ptr)
c:/st/stm32cubeide_1.5.0/stm32cubeide/plugins/com.st.stm32cube.ide.mcu.externaltools.gnu-tools-for-stm32.9-2020-q2-update.win32_1.5.0.202011040924/tools/bin/../lib/gcc/arm-none-eabi/9.3.1/../../../../arm-none-eabi/lib/thumb/v7e-m+fp/hard\libc_nano.a(lib_a-init.o)
                              c:/st/stm32cubeide_1.5.0/stm32cubeide/plugins/com.st.stm32cube.ide.mcu.externaltools.gnu-tools-for-stm32.9-2020-q2-update.win32_1.5.0.202011040924/tools/bin/../lib/gcc/arm-none-eabi/9.3.1/../../../../arm-none-eabi/lib/thumb/v7e-m+fp/hard/crt0.o (__libc_init_array)
c:/st/stm32cubeide_1.5.0/stm32cubeide/plugins/com.st.stm32cube.ide.mcu.externaltools.gnu-tools-for-stm32.9-2020-q2-update.win32_1.5.0.202011040924/tools/bin/../lib/gcc/arm-none-eabi/9.3.1/../../../../arm-none-eabi/lib/thumb/v7e-m+fp/hard\libc_nano.a(lib_a-memcpy-stub.o)
                              Core/Src/console_if.o (memcpy)
c:/st/stm32cubeide_1.5.0/stm32cubeide/plugins/com.st.stm32cube.ide.mcu.externaltools.gnu-tools-for-stm32.9-2020-q2-update.win32_1.5.0.202011040924/tools/bin/../lib/gcc/arm-none-eabi/9.3.1/../../../../arm-none-eabi/lib/thumb/v7e-m+fp/hard\libc_nano.a(lib_a-memset.o)
                              c:/st/stm32cubeide_1.5.0/stm32cubeide/plugins/com.st.stm32cube.ide.mcu.externaltools.gnu-tools-for-stm32.9-2020-q2-update.win32_1.5.0.202011040924/tools/bin/../lib/gcc/arm-none-eabi/9.3.1/../../../../arm-none-eabi/lib/thumb/v7e-m+fp/hard/crt0.o (memset)
c:/st/stm32cubeide_1.5.0/stm32cubeide/plugins/com.st.stm32cube.ide.mcu.externaltools.gnu-tools-for-stm32.9-2020-q2-update.win32_1.5.0.202011040924/tools/bin/../lib/gcc/arm-none-eabi/9.3.1/../../../../arm-none-eabi/lib/thumb/v7e-m+fp/hard\libc_nano.a(lib_a-reent.o)
                              Core/Src/console_if.o (errno)
c:/st/stm32cubeide_1.5.0/stm32cubeide/plugins/com.st.stm32cube.ide.mcu.externaltools.gnu-tools-for-stm32.9-2020-q2-update.win32_1.5.0.202011040924/tools/bin/../lib/gcc/arm-none-eabi/9.3.1/../../../../arm-none-eabi/lib/thumb/v7e-m+fp/hard\libc_nano.a(lib_a-nano-freer.o)
                              c:/st/stm32cubeide_1.5.0/stm32cubeide/plugins/com.st.stm32cube.ide.mcu.externaltools.gnu-tools-for-stm32.9-2020-q2-update.win32_1.5.0.202011040924/tools/bin/../lib/gcc/arm-none-eabi/9.3.1/../../../../arm-none-eabi/lib/thumb/v7e-m+fp/hard\libc_nano.a(lib_a-reent.o) (_free_r)
c:/st/stm32cubeide_1.5.0/stm32cubeide/plugins/com.st.stm32cube.ide.mcu.externaltools.gnu-tools-for-stm32.9-2020-q2-update.win32_1.5.0.202011040924/tools/bin/../lib/gcc/arm-none-eabi/9.3.1/../../../../arm-none-eabi/lib/thumb/v7e-m+fp/hard\libc_nano.a(lib_a-nano-mallocr.o)
                              c:/st/stm32cubeide_1.5.0/stm32cubeide/plugins/com.st.stm32cube.ide.mcu.externaltools.gnu-tools-for-stm32.9-2020-q2-update.win32_1.5.0.202011040924/tools/bin/../lib/gcc/arm-none-eabi/9.3.1/../../../../arm-none-eabi/lib/thumb/v7e-m+fp/hard\libc_nano.a(lib_a-nano-freer.o) (__malloc_free_list)
c:/st/stm32cubeide_1.5.0/stm32cubeide/plugins/com.st.stm32cube.ide.mcu.externaltools.gnu-tools-for-stm32.9-2020-q2-update.win32_1.5.0.202011040924/tools/bin/../lib/gcc/arm-none-eabi/9.3.1/../../../../arm-none-eabi/lib/thumb/v7e-m+fp/hard\libc_nano.a(lib_a-sbrkr.o)
[...]
Memory Configuration

Name             Origin             Length             Attributes
CCMRAM           0x0000000010000000 0x0000000000010000 xrw
RAM              0x0000000020000000 0x0000000000020000 xrw
FLASH            0x0000000008000000 0x0000000000080000 xr
DATA             0x00000000080e0000 0x0000000000020000 xrw
*default*        0x0000000000000000 0xffffffffffffffff

Linker script and memory map

LOAD c:/st/stm32cubeide_1.5.0/stm32cubeide/plugins/com.st.stm32cube.ide.mcu.externaltools.gnu-tools-for-stm32.9-2020-q2-update.win32_1.5.0.202011040924/tools/bin/../lib/gcc/arm-none-eabi/9.3.1/thumb/v7e-m+fp/hard/crti.o
LOAD c:/st/stm32cubeide_1.5.0/stm32cubeide/plugins/com.st.stm32cube.ide.mcu.externaltools.gnu-tools-for-stm32.9-2020-q2-update.win32_1.5.0.202011040924/tools/bin/../lib/gcc/arm-none-eabi/9.3.1/thumb/v7e-m+fp/hard/crtbegin.o
LOAD c:/st/stm32cubeide_1.5.0/stm32cubeide/plugins/com.st.stm32cube.ide.mcu.externaltools.gnu-tools-for-stm32.9-2020-q2-update.win32_1.5.0.202011040924/tools/bin/../lib/gcc/arm-none-eabi/9.3.1/../../../../arm-none-eabi/lib/thumb/v7e-m+fp/hard/crt0.o
LOAD Core/Src/console_if.o
LOAD Core/Src/flash_memory.o
LOAD Core/Src/hal_usb.o
LOAD Core/Src/keyboard_if.o
LOAD Core/Src/keypress.o
LOAD Core/Src/logins.o
LOAD Core/Src/main.o
LOAD Core/Src/stm32f4xx_hal_msp.o
LOAD Core/Src/stm32f4xx_it.o
LOAD Core/Src/syscalls.o
LOAD Core/Src/sysmem.o
LOAD Core/Src/system_stm32f4xx.o
LOAD Core/Src/usb_device.o
LOAD Core/Startup/startup_stm32f407vetx.o
LOAD Core/USBDevice-master/Class/CDC/usbd_cdc.o
LOAD Core/USBDevice-master/Class/CDC/usbd_ncm.o
LOAD Core/USBDevice-master/Class/DFU/usbd_dfu.o
LOAD Core/USBDevice-master/Class/HID/usbd_hid.o
LOAD Core/USBDevice-master/Class/MSC/usbd_msc.o
LOAD Core/USBDevice-master/Class/MSC/usbd_msc_scsi.o
LOAD Core/USBDevice-master/Device/usbd.o
LOAD Core/USBDevice-master/Device/usbd_ctrl.o
LOAD Core/USBDevice-master/Device/usbd_desc.o
LOAD Core/USBDevice-master/Device/usbd_ep.o
LOAD Core/USBDevice-master/Device/usbd_if.o
LOAD Core/USBDevice-master/Device/usbd_microsoft_os.o
LOAD Core/USBDevice-master/Device/usbd_utils.o
LOAD Core/XPD_USB/xpd_usb.o
LOAD Core/XPD_USB/xpd_usb_otg.o
LOAD Drivers/STM32F4xx_HAL_Driver/Src/stm32f4xx_hal.o
LOAD Drivers/STM32F4xx_HAL_Driver/Src/stm32f4xx_hal_cortex.o
LOAD Drivers/STM32F4xx_HAL_Driver/Src/stm32f4xx_hal_dma.o
LOAD Drivers/STM32F4xx_HAL_Driver/Src/stm32f4xx_hal_dma_ex.o
LOAD Drivers/STM32F4xx_HAL_Driver/Src/stm32f4xx_hal_exti.o
LOAD Drivers/STM32F4xx_HAL_Driver/Src/stm32f4xx_hal_flash.o
LOAD Drivers/STM32F4xx_HAL_Driver/Src/stm32f4xx_hal_flash_ex.o
LOAD Drivers/STM32F4xx_HAL_Driver/Src/stm32f4xx_hal_flash_ramfunc.o
LOAD Drivers/STM32F4xx_HAL_Driver/Src/stm32f4xx_hal_gpio.o
LOAD Drivers/STM32F4xx_HAL_Driver/Src/stm32f4xx_hal_pwr.o
LOAD Drivers/STM32F4xx_HAL_Driver/Src/stm32f4xx_hal_pwr_ex.o
LOAD Drivers/STM32F4xx_HAL_Driver/Src/stm32f4xx_hal_rcc.o
LOAD Drivers/STM32F4xx_HAL_Driver/Src/stm32f4xx_hal_rcc_ex.o
LOAD Drivers/STM32F4xx_HAL_Driver/Src/stm32f4xx_hal_tim.o
LOAD Drivers/STM32F4xx_HAL_Driver/Src/stm32f4xx_hal_tim_ex.o
START GROUP
LOAD c:/st/stm32cubeide_1.5.0/stm32cubeide/plugins/com.st.stm32cube.ide.mcu.externaltools.gnu-tools-for-stm32.9-2020-q2-update.win32_1.5.0.202011040924/tools/bin/../lib/gcc/arm-none-eabi/9.3.1/../../../../arm-none-eabi/lib/thumb/v7e-m+fp/hard\libc_nano.a
LOAD c:/st/stm32cubeide_1.5.0/stm32cubeide/plugins/com.st.stm32cube.ide.mcu.externaltools.gnu-tools-for-stm32.9-2020-q2-update.win32_1.5.0.202011040924/tools/bin/../lib/gcc/arm-none-eabi/9.3.1/../../../../arm-none-eabi/lib/thumb/v7e-m+fp/hard\libm.a
END GROUP
START GROUP
LOAD c:/st/stm32cubeide_1.5.0/stm32cubeide/plugins/com.st.stm32cube.ide.mcu.externaltools.gnu-tools-for-stm32.9-2020-q2-update.win32_1.5.0.202011040924/tools/bin/../lib/gcc/arm-none-eabi/9.3.1/thumb/v7e-m+fp/hard\libgcc.a
LOAD c:/st/stm32cubeide_1.5.0/stm32cubeide/plugins/com.st.stm32cube.ide.mcu.externaltools.gnu-tools-for-stm32.9-2020-q2-update.win32_1.5.0.202011040924/tools/bin/../lib/gcc/arm-none-eabi/9.3.1/../../../../arm-none-eabi/lib/thumb/v7e-m+fp/hard\libc_nano.a
END GROUP
START GROUP
LOAD c:/st/stm32cubeide_1.5.0/stm32cubeide/plugins/com.st.stm32cube.ide.mcu.externaltools.gnu-tools-for-stm32.9-2020-q2-update.win32_1.5.0.202011040924/tools/bin/../lib/gcc/arm-none-eabi/9.3.1/thumb/v7e-m+fp/hard\libgcc.a
LOAD c:/st/stm32cubeide_1.5.0/stm32cubeide/plugins/com.st.stm32cube.ide.mcu.externaltools.gnu-tools-for-stm32.9-2020-q2-update.win32_1.5.0.202011040924/tools/bin/../lib/gcc/arm-none-eabi/9.3.1/../../../../arm-none-eabi/lib/thumb/v7e-m+fp/hard\libc_nano.a
LOAD c:/st/stm32cubeide_1.5.0/stm32cubeide/plugins/com.st.stm32cube.ide.mcu.externaltools.gnu-tools-for-stm32.9-2020-q2-update.win32_1.5.0.202011040924/tools/bin/../lib/gcc/arm-none-eabi/9.3.1/../../../../arm-none-eabi/lib/thumb/v7e-m+fp/hard\libnosys.a
END GROUP
START GROUP
LOAD c:/st/stm32cubeide_1.5.0/stm32cubeide/plugins/com.st.stm32cube.ide.mcu.externaltools.gnu-tools-for-stm32.9-2020-q2-update.win32_1.5.0.202011040924/tools/bin/../lib/gcc/arm-none-eabi/9.3.1/thumb/v7e-m+fp/hard\libgcc.a
LOAD c:/st/stm32cubeide_1.5.0/stm32cubeide/plugins/com.st.stm32cube.ide.mcu.externaltools.gnu-tools-for-stm32.9-2020-q2-update.win32_1.5.0.202011040924/tools/bin/../lib/gcc/arm-none-eabi/9.3.1/../../../../arm-none-eabi/lib/thumb/v7e-m+fp/hard\libc_nano.a
LOAD c:/st/stm32cubeide_1.5.0/stm32cubeide/plugins/com.st.stm32cube.ide.mcu.externaltools.gnu-tools-for-stm32.9-2020-q2-update.win32_1.5.0.202011040924/tools/bin/../lib/gcc/arm-none-eabi/9.3.1/../../../../arm-none-eabi/lib/thumb/v7e-m+fp/hard\libnosys.a
END GROUP
LOAD c:/st/stm32cubeide_1.5.0/stm32cubeide/plugins/com.st.stm32cube.ide.mcu.externaltools.gnu-tools-for-stm32.9-2020-q2-update.win32_1.5.0.202011040924/tools/bin/../lib/gcc/arm-none-eabi/9.3.1/thumb/v7e-m+fp/hard/crtend.o
LOAD c:/st/stm32cubeide_1.5.0/stm32cubeide/plugins/com.st.stm32cube.ide.mcu.externaltools.gnu-tools-for-stm32.9-2020-q2-update.win32_1.5.0.202011040924/tools/bin/../lib/gcc/arm-none-eabi/9.3.1/thumb/v7e-m+fp/hard/crtn.o
                0x0000000020020000                _estack = (ORIGIN (RAM) + LENGTH (RAM))
                0x0000000000000200                _Min_Heap_Size = 0x200
                0x0000000000000400                _Min_Stack_Size = 0x400

.user_data      0x00000000080e0000      0x208
                0x00000000080e0000                . = ALIGN (0x4)
 *(.user_data)
 .user_data     0x00000000080e0000      0x208 Core/Src/logins.o
                0x00000000080e0000                flash_data
                0x00000000080e0208                . = ALIGN (0x4)

.isr_vector     0x0000000008000000      0x188
                0x0000000008000000                . = ALIGN (0x4)
 *(.isr_vector)
 .isr_vector    0x0000000008000000      0x188 Core/Startup/startup_stm32f407vetx.o
                0x0000000008000000                g_pfnVectors
                0x0000000008000188                . = ALIGN (0x4)

.text           0x0000000008000188     0x661c
                0x0000000008000188                . = ALIGN (0x4)
 *(.text)
 .text          0x0000000008000188       0x40 c:/st/stm32cubeide_1.5.0/stm32cubeide/plugins/com.st.stm32cube.ide.mcu.externaltools.gnu-tools-for-stm32.9-2020-q2-update.win32_1.5.0.202011040924/tools/bin/../lib/gcc/arm-none-eabi/9.3.1/thumb/v7e-m+fp/hard/crtbegin.o
 .text          0x00000000080001c8       0x30 c:/st/stm32cubeide_1.5.0/stm32cubeide/plugins/com.st.stm32cube.ide.mcu.externaltools.gnu-tools-for-stm32.9-2020-q2-update.win32_1.5.0.202011040924/tools/bin/../lib/gcc/arm-none-eabi/9.3.1/thumb/v7e-m+fp/hard\libgcc.a(_aeabi_uldivmod.o)
                0x00000000080001c8                __aeabi_uldivmod
 .text          0x00000000080001f8      0x2c4 c:/st/stm32cubeide_1.5.0/stm32cubeide/plugins/com.st.stm32cube.ide.mcu.externaltools.gnu-tools-for-stm32.9-2020-q2-update.win32_1.5.0.202011040924/tools/bin/../lib/gcc/arm-none-eabi/9.3.1/thumb/v7e-m+fp/hard\libgcc.a(_udivmoddi4.o)
                0x00000000080001f8                __udivmoddi4
 .text          0x00000000080004bc        0x4 c:/st/stm32cubeide_1.5.0/stm32cubeide/plugins/com.st.stm32cube.ide.mcu.externaltools.gnu-tools-for-stm32.9-2020-q2-update.win32_1.5.0.202011040924/tools/bin/../lib/gcc/arm-none-eabi/9.3.1/thumb/v7e-m+fp/hard\libgcc.a(_dvmd_tls.o)
                0x00000000080004bc                __aeabi_idiv0
                0x00000000080004bc                __aeabi_ldiv0
 *(.text*)
 .text.console_if_open
                0x00000000080004c0       0x3c Core/Src/console_if.o
 .text.console_if_in_cmplt
                0x00000000080004fc       0x44 Core/Src/console_if.o
 .text.console_if_send
                0x0000000008000540       0x74 Core/Src/console_if.o
 .text._write   0x00000000080005b4      0x128 Core/Src/console_if.o
                0x00000000080005b4                _write
 .text.console_if_out_cmplt
                0x00000000080006dc       0x44 Core/Src/console_if.o
 .text.console_if_recv
                0x0000000008000720       0x74 Core/Src/console_if.o
 .text._read    0x0000000008000794       0xfc Core/Src/console_if.o
                0x0000000008000794                _read
 .text.read_ready
                0x0000000008000890       0x54 Core/Src/console_if.o
                0x0000000008000890                read_ready
 .text.Flash_Write_Data
                0x00000000080008e4       0xb4 Core/Src/flash_memory.o
                0x00000000080008e4                Flash_Write_Data
 .text.Flash_Read_Data
                0x0000000008000998       0x3e Core/Src/flash_memory.o
                0x0000000008000998                Flash_Read_Data
 *fill*         0x00000000080009d6        0x2 
 .text.GetSector
                0x00000000080009d8      0x160 Core/Src/flash_memory.o
                0x00000000080009d8                GetSector
 .text.HAL_USB_OTG_FS_MspInit
                0x0000000008000b38       0x48 Core/Src/hal_usb.o
                0x0000000008000b38                HAL_USB_OTG_FS_MspInit
 .text.HAL_USB_OTG_FS_MspDeInit
                0x0000000008000b80       0x24 Core/Src/hal_usb.o
                0x0000000008000b80                HAL_USB_OTG_FS_MspDeInit
 .text.HAL_USBD_Setup
                0x0000000008000ba4       0x34 Core/Src/hal_usb.o
                0x0000000008000ba4                HAL_USBD_Setup
 .text.OTG_FS_IRQHandler
                0x0000000008000bd8       0x18 Core/Src/hal_usb.o
                0x0000000008000bd8                OTG_FS_IRQHandler
 .text.type_login
                0x0000000008000bf0      0x130 Core/Src/keypress.o
                0x0000000008000bf0                type_login
 .text.send_key
                0x0000000008000d20       0x68 Core/Src/keypress.o
                0x0000000008000d20                send_key
 .text.Logins_Init
                0x0000000008000d88       0x84 Core/Src/logins.o
                0x0000000008000d88                Logins_Init
 .text.Set_Login
                0x0000000008000e0c       0x8c Core/Src/logins.o
                0x0000000008000e0c                Set_Login
 .text.Get_Logins
                0x0000000008000e98      0x120 Core/Src/logins.o
                0x0000000008000e98                Get_Logins
 .text.Set_Logins
                0x0000000008000fb8      0x118 Core/Src/logins.o
                0x0000000008000fb8                Set_Logins
 .text.Set_Output_Buffer
                0x00000000080010d0       0xe4 Core/Src/logins.o
                0x00000000080010d0                Set_Output_Buffer
 .text.main     0x00000000080011b4      0x140 Core/Src/main.o
                0x00000000080011b4                main
 .text.SystemClock_Config
                0x00000000080012f4       0xd4 Core/Src/main.o
                0x00000000080012f4                SystemClock_Config
 .text.MX_NVIC_Init
                0x00000000080013c8       0x28 Core/Src/main.o
 .text.MX_TIM1_Init
                0x00000000080013f0       0xa0 Core/Src/main.o
 .text.MX_GPIO_Init
                0x0000000008001490       0xc0 Core/Src/main.o
 .text.HAL_GPIO_EXTI_Callback
                0x0000000008001550       0xb8 Core/Src/main.o
                0x0000000008001550                HAL_GPIO_EXTI_Callback
 .text.HAL_TIM_PeriodElapsedCallback
                0x0000000008001608       0x44 Core/Src/main.o
                0x0000000008001608                HAL_TIM_PeriodElapsedCallback
 .text.set_device_state
                0x000000000800164c       0x50 Core/Src/main.o
                0x000000000800164c                set_device_state
 .text.Error_Handler
                0x000000000800169c        0xa Core/Src/main.o
                0x000000000800169c                Error_Handler
 *fill*         0x00000000080016a6        0x2 
 .text.HAL_MspInit
                0x00000000080016a8       0x50 Core/Src/stm32f4xx_hal_msp.o
                0x00000000080016a8                HAL_MspInit
 .text.HAL_TIM_Base_MspInit
                0x00000000080016f8       0x50 Core/Src/stm32f4xx_hal_msp.o
                0x00000000080016f8                HAL_TIM_Base_MspInit
 .text.NMI_Handler
                0x0000000008001748        0x6 Core/Src/stm32f4xx_it.o
                0x0000000008001748                NMI_Handler
 .text.HardFault_Handler
                0x000000000800174e        0x6 Core/Src/stm32f4xx_it.o
                0x000000000800174e                HardFault_Handler
 .text.MemManage_Handler
                0x0000000008001754        0x6 Core/Src/stm32f4xx_it.o
                0x0000000008001754                MemManage_Handler
 .text.BusFault_Handler
                0x000000000800175a        0x6 Core/Src/stm32f4xx_it.o
                0x000000000800175a                BusFault_Handler
 .text.UsageFault_Handler
                0x0000000008001760        0x6 Core/Src/stm32f4xx_it.o
                0x0000000008001760                UsageFault_Handler
 .text.SVC_Handler
                0x0000000008001766        0xe Core/Src/stm32f4xx_it.o
                0x0000000008001766                SVC_Handler
 .text.DebugMon_Handler
                0x0000000008001774        0xe Core/Src/stm32f4xx_it.o
                0x0000000008001774                DebugMon_Handler
 .text.PendSV_Handler
                0x0000000008001782        0xe Core/Src/stm32f4xx_it.o
                0x0000000008001782                PendSV_Handler
 .text.SysTick_Handler
                0x0000000008001790        0xc Core/Src/stm32f4xx_it.o
                0x0000000008001790                SysTick_Handler
 .text.EXTI3_IRQHandler
                0x000000000800179c        0xe Core/Src/stm32f4xx_it.o
                0x000000000800179c                EXTI3_IRQHandler
 .text.EXTI4_IRQHandler
                0x00000000080017aa        0xe Core/Src/stm32f4xx_it.o
                0x00000000080017aa                EXTI4_IRQHandler
 .text.TIM1_UP_TIM10_IRQHandler
                0x00000000080017b8       0x14 Core/Src/stm32f4xx_it.o
                0x00000000080017b8                TIM1_UP_TIM10_IRQHandler
 .text.SystemInit
                0x00000000080017cc       0x24 Core/Src/system_stm32f4xx.o
                0x00000000080017cc                SystemInit
 .text.UsbDevice_Init
                0x00000000080017f0       0xe0 Core/Src/usb_device.o
                0x00000000080017f0                UsbDevice_Init
 .text.Reset_Handler
                0x00000000080018d0       0x50 Core/Startup/startup_stm32f407vetx.o
                0x00000000080018d0                Reset_Handler
 .text.Default_Handler
                0x0000000008001920        0x2 Core/Startup/startup_stm32f407vetx.o
                0x0000000008001920                RTC_Alarm_IRQHandler
                0x0000000008001920                HASH_RNG_IRQHandler
                0x0000000008001920                EXTI2_IRQHandler
                0x0000000008001920                TIM8_CC_IRQHandler
                0x0000000008001920                TIM1_CC_IRQHandler
                0x0000000008001920                DMA2_Stream5_IRQHandler
                0x0000000008001920                DMA1_Stream5_IRQHandler
                0x0000000008001920                PVD_IRQHandler
                0x0000000008001920                SDIO_IRQHandler
                0x0000000008001920                TAMP_STAMP_IRQHandler
                0x0000000008001920                CAN2_RX1_IRQHandler
                0x0000000008001920                TIM8_TRG_COM_TIM14_IRQHandler
                0x0000000008001920                TIM8_UP_TIM13_IRQHandler
                0x0000000008001920                I2C3_ER_IRQHandler
                0x0000000008001920                EXTI0_IRQHandler
                0x0000000008001920                I2C2_EV_IRQHandler
                0x0000000008001920                DMA1_Stream2_IRQHandler
                0x0000000008001920                CAN1_RX0_IRQHandler
                0x0000000008001920                FPU_IRQHandler
                0x0000000008001920                OTG_HS_WKUP_IRQHandler
                0x0000000008001920                CAN2_SCE_IRQHandler
                0x0000000008001920                DMA2_Stream2_IRQHandler
                0x0000000008001920                SPI1_IRQHandler
                0x0000000008001920                TIM6_DAC_IRQHandler
                0x0000000008001920                TIM1_BRK_TIM9_IRQHandler
                0x0000000008001920                DCMI_IRQHandler
                0x0000000008001920                CAN2_RX0_IRQHandler
                0x0000000008001920                DMA2_Stream3_IRQHandler
                0x0000000008001920                USART6_IRQHandler
                0x0000000008001920                USART3_IRQHandler
                0x0000000008001920                CAN1_RX1_IRQHandler
                0x0000000008001920                UART5_IRQHandler
                0x0000000008001920                DMA2_Stream0_IRQHandler
                0x0000000008001920                TIM4_IRQHandler
                0x0000000008001920                I2C1_EV_IRQHandler
                0x0000000008001920                DMA1_Stream6_IRQHandler
                0x0000000008001920                DMA1_Stream1_IRQHandler
                0x0000000008001920                UART4_IRQHandler
                0x0000000008001920                TIM3_IRQHandler
                0x0000000008001920                RCC_IRQHandler
                0x0000000008001920                TIM8_BRK_TIM12_IRQHandler
                0x0000000008001920                Default_Handler
                0x0000000008001920                EXTI15_10_IRQHandler
                0x0000000008001920                ADC_IRQHandler
                0x0000000008001920                DMA1_Stream7_IRQHandler
                0x0000000008001920                TIM7_IRQHandler
                0x0000000008001920                CAN2_TX_IRQHandler
                0x0000000008001920                TIM5_IRQHandler
                0x0000000008001920                DMA2_Stream7_IRQHandler
                0x0000000008001920                I2C3_EV_IRQHandler
                0x0000000008001920                EXTI9_5_IRQHandler
                0x0000000008001920                RTC_WKUP_IRQHandler
                0x0000000008001920                ETH_WKUP_IRQHandler
                0x0000000008001920                SPI2_IRQHandler
                0x0000000008001920                OTG_HS_EP1_IN_IRQHandler
                0x0000000008001920                DMA1_Stream0_IRQHandler
                0x0000000008001920                CAN1_TX_IRQHandler
                0x0000000008001920                FSMC_IRQHandler
                0x0000000008001920                ETH_IRQHandler
                0x0000000008001920                OTG_HS_EP1_OUT_IRQHandler
                0x0000000008001920                WWDG_IRQHandler
                0x0000000008001920                TIM2_IRQHandler
                0x0000000008001920                OTG_FS_WKUP_IRQHandler
                0x0000000008001920                TIM1_TRG_COM_TIM11_IRQHandler
                0x0000000008001920                OTG_HS_IRQHandler
                0x0000000008001920                EXTI1_IRQHandler
                0x0000000008001920                USART2_IRQHandler
                0x0000000008001920                I2C2_ER_IRQHandler
                0x0000000008001920                DMA2_Stream1_IRQHandler
                0x0000000008001920                CAN1_SCE_IRQHandler
                0x0000000008001920                FLASH_IRQHandler
                0x0000000008001920                DMA2_Stream4_IRQHandler
                0x0000000008001920                USART1_IRQHandler
                0x0000000008001920                SPI3_IRQHandler
                0x0000000008001920                DMA1_Stream4_IRQHandler
                0x0000000008001920                I2C1_ER_IRQHandler
                0x0000000008001920                DMA2_Stream6_IRQHandler
                0x0000000008001920                DMA1_Stream3_IRQHandler
 .text.USBD_EpAddr2Ref
                0x0000000008001922       0x40 Core/USBDevice-master/Class/CDC/usbd_cdc.o
 .text.USBD_EpOpen
                0x0000000008001962       0x3e Core/USBDevice-master/Class/CDC/usbd_cdc.o
 .text.USBD_EpClose
                0x00000000080019a0       0x2e Core/USBDevice-master/Class/CDC/usbd_cdc.o
 *fill*         0x00000000080019ce        0x2 
 .text.cdc_getDesc
                0x00000000080019d0      0x104 Core/USBDevice-master/Class/CDC/usbd_cdc.o
 .text.cdc_getString
                0x0000000008001ad4       0x1e Core/USBDevice-master/Class/CDC/usbd_cdc.o
 .text.cdc_init
                0x0000000008001af2       0x6a Core/USBDevice-master/Class/CDC/usbd_cdc.o
 .text.cdc_deinit
                0x0000000008001b5c       0x68 Core/USBDevice-master/Class/CDC/usbd_cdc.o
 .text.cdc_setupStage
                0x0000000008001bc4       0x7a Core/USBDevice-master/Class/CDC/usbd_cdc.o
 .text.cdc_dataStage
                0x0000000008001c3e       0x2c Core/USBDevice-master/Class/CDC/usbd_cdc.o
 .text.cdc_outData
                0x0000000008001c6a       0x36 Core/USBDevice-master/Class/CDC/usbd_cdc.o
 .text.cdc_inData
                0x0000000008001ca0       0x8e Core/USBDevice-master/Class/CDC/usbd_cdc.o
 *fill*         0x0000000008001d2e        0x2 
 .text.USBD_CDC_MountInterface
                0x0000000008001d30      0x104 Core/USBDevice-master/Class/CDC/usbd_cdc.o
                0x0000000008001d30                USBD_CDC_MountInterface
 .text.USBD_CDC_Transmit
                0x0000000008001e34       0x28 Core/USBDevice-master/Class/CDC/usbd_cdc.o
                0x0000000008001e34                USBD_CDC_Transmit
 .text.USBD_CDC_Receive
                0x0000000008001e5c       0x28 Core/USBDevice-master/Class/CDC/usbd_cdc.o
                0x0000000008001e5c                USBD_CDC_Receive
 .text.USBD_EpAddr2Ref
                0x0000000008001e84       0x40 Core/USBDevice-master/Class/HID/usbd_hid.o
 .text.USBD_EpOpen
                0x0000000008001ec4       0x3e Core/USBDevice-master/Class/HID/usbd_hid.o
 .text.USBD_EpClose
                0x0000000008001f02       0x2e Core/USBDevice-master/Class/HID/usbd_hid.o
 .text.hid_getDesc
                0x0000000008001f30       0x8c Core/USBDevice-master/Class/HID/usbd_hid.o
 .text.hid_getString
                0x0000000008001fbc       0x40 Core/USBDevice-master/Class/HID/usbd_hid.o
 .text.hid_init
                0x0000000008001ffc       0x68 Core/USBDevice-master/Class/HID/usbd_hid.o
 .text.hid_deinit
                0x0000000008002064       0x36 Core/USBDevice-master/Class/HID/usbd_hid.o
 *fill*         0x000000000800209a        0x2 
 .text.hid_setupStage
                0x000000000800209c      0x1bc Core/USBDevice-master/Class/HID/usbd_hid.o
 .text.hid_dataStage
                0x0000000008002258       0x56 Core/USBDevice-master/Class/HID/usbd_hid.o
 .text.hid_inData
                0x00000000080022ae       0x36 Core/USBDevice-master/Class/HID/usbd_hid.o
 .text.USBD_HID_MountInterface
                0x00000000080022e4       0x9c Core/USBDevice-master/Class/HID/usbd_hid.o
                0x00000000080022e4                USBD_HID_MountInterface
 .text.USBD_HID_ReportIn
                0x0000000008002380       0x68 Core/USBDevice-master/Class/HID/usbd_hid.o
                0x0000000008002380                USBD_HID_ReportIn
 .text.USBD_Init
                0x00000000080023e8       0x64 Core/USBDevice-master/Device/usbd.o
                0x00000000080023e8                USBD_Init
 .text.USBD_Deinit
                0x000000000800244c       0x1e Core/USBDevice-master/Device/usbd.o
                0x000000000800244c                USBD_Deinit
 .text.USBD_UnmountInterfaces
                0x000000000800246a       0x74 Core/USBDevice-master/Device/usbd.o
                0x000000000800246a                USBD_UnmountInterfaces
 .text.USBD_Connect
                0x00000000080024de       0x16 Core/USBDevice-master/Device/usbd.o
                0x00000000080024de                USBD_Connect
 .text.USBD_Disconnect
                0x00000000080024f4       0x1e Core/USBDevice-master/Device/usbd.o
                0x00000000080024f4                USBD_Disconnect
 .text.USBD_ResetCallback
                0x0000000008002512       0x32 Core/USBDevice-master/Device/usbd.o
                0x0000000008002512                USBD_ResetCallback
 .text.USBD_SetAddress
                0x0000000008002544       0x48 Core/USBDevice-master/Device/usbd.o
 .text.USBD_SetConfig
                0x000000000800258c       0x30 Core/USBDevice-master/Device/usbd.o
 .text.USBD_GetConfig
                0x00000000080025bc       0x2c Core/USBDevice-master/Device/usbd.o
 .text.USBD_GetStatus
                0x00000000080025e8       0x2a Core/USBDevice-master/Device/usbd.o
 .text.USBD_SetFeature
                0x0000000008002612       0x34 Core/USBDevice-master/Device/usbd.o
 .text.USBD_ClearFeature
                0x0000000008002646       0x34 Core/USBDevice-master/Device/usbd.o
 *fill*         0x000000000800267a        0x2 
 .text.USBD_DevRequest
                0x000000000800267c       0xb4 Core/USBDevice-master/Device/usbd.o
                0x000000000800267c                USBD_DevRequest
 .text.USBD_IfClass_DataStage
                0x0000000008002730       0x24 Core/USBDevice-master/Device/usbd_ctrl.o
 .text.USBD_CtrlSendError
                0x0000000008002754       0x30 Core/USBDevice-master/Device/usbd_ctrl.o
 .text.USBD_CtrlSendStatus
                0x0000000008002784       0x24 Core/USBDevice-master/Device/usbd_ctrl.o
 .text.USBD_CtrlReceiveStatus
                0x00000000080027a8       0x24 Core/USBDevice-master/Device/usbd_ctrl.o
 .text.USBD_CtrlInCallback
                0x00000000080027cc       0x9c Core/USBDevice-master/Device/usbd_ctrl.o
                0x00000000080027cc                USBD_CtrlInCallback
 .text.USBD_CtrlOutCallback
                0x0000000008002868       0x4c Core/USBDevice-master/Device/usbd_ctrl.o
                0x0000000008002868                USBD_CtrlOutCallback
 .text.USBD_CtrlSendData
                0x00000000080028b4       0x5c Core/USBDevice-master/Device/usbd_ctrl.o
                0x00000000080028b4                USBD_CtrlSendData
 .text.USBD_CtrlReceiveData
                0x0000000008002910       0x5c Core/USBDevice-master/Device/usbd_ctrl.o
                0x0000000008002910                USBD_CtrlReceiveData
 .text.USBD_SetupCallback
                0x000000000800296c       0x7a Core/USBDevice-master/Device/usbd_ctrl.o
                0x000000000800296c                USBD_SetupCallback
 .text.USBD_EpAddr2Ref
                0x00000000080029e6       0x40 Core/USBDevice-master/Device/usbd_desc.o
 .text.USBD_IfClass_GetDesc
                0x0000000008002a26       0x34 Core/USBDevice-master/Device/usbd_desc.o
 *fill*         0x0000000008002a5a        0x2 
 .text.USBD_DeviceDesc
                0x0000000008002a5c       0x60 Core/USBDevice-master/Device/usbd_desc.o
 .text.USBD_ConfigDesc
                0x0000000008002abc       0xbe Core/USBDevice-master/Device/usbd_desc.o
 .text.USBD_GetStringDesc
                0x0000000008002b7a       0x92 Core/USBDevice-master/Device/usbd_desc.o
 .text.USBD_GetDescriptor
                0x0000000008002c0c       0xf8 Core/USBDevice-master/Device/usbd_desc.o
                0x0000000008002c0c                USBD_GetDescriptor
 .text.USBD_EpDesc
                0x0000000008002d04       0x50 Core/USBDevice-master/Device/usbd_desc.o
                0x0000000008002d04                USBD_EpDesc
 .text.USBD_EpAddr2Ref
                0x0000000008002d54       0x40 Core/USBDevice-master/Device/usbd_ep.o
 .text.USBD_IfClass_InData
                0x0000000008002d94       0x28 Core/USBDevice-master/Device/usbd_ep.o
 .text.USBD_IfClass_OutData
                0x0000000008002dbc       0x28 Core/USBDevice-master/Device/usbd_ep.o
 .text.USBD_EpSend
                0x0000000008002de4       0x5a Core/USBDevice-master/Device/usbd_ep.o
                0x0000000008002de4                USBD_EpSend
 .text.USBD_EpReceive
                0x0000000008002e3e       0x58 Core/USBDevice-master/Device/usbd_ep.o
                0x0000000008002e3e                USBD_EpReceive
 .text.USBD_EpInCallback
                0x0000000008002e96       0x40 Core/USBDevice-master/Device/usbd_ep.o
                0x0000000008002e96                USBD_EpInCallback
 .text.USBD_EpOutCallback
                0x0000000008002ed6       0x40 Core/USBDevice-master/Device/usbd_ep.o
                0x0000000008002ed6                USBD_EpOutCallback
 .text.USBD_EpRequest
                0x0000000008002f16      0x126 Core/USBDevice-master/Device/usbd_ep.o
                0x0000000008002f16                USBD_EpRequest
 .text.USBD_IfClass_GetString
                0x000000000800303c       0x32 Core/USBDevice-master/Device/usbd_if.o
 .text.USBD_IfClass_Init
                0x000000000800306e       0x24 Core/USBDevice-master/Device/usbd_if.o
 .text.USBD_IfClass_Deinit
                0x0000000008003092       0x24 Core/USBDevice-master/Device/usbd_if.o
 .text.USBD_IfClass_SetupStage
                0x00000000080030b6       0x2a Core/USBDevice-master/Device/usbd_if.o
 .text.USBD_IfConfig
                0x00000000080030e0       0xa0 Core/USBDevice-master/Device/usbd_if.o
                0x00000000080030e0                USBD_IfConfig
 .text.USBD_IfString
                0x0000000008003180       0x56 Core/USBDevice-master/Device/usbd_if.o
                0x0000000008003180                USBD_IfString
 .text.USBD_IfRequest
                0x00000000080031d6       0xb2 Core/USBDevice-master/Device/usbd_if.o
                0x00000000080031d6                USBD_IfRequest
 .text.USB_prvConnectCtrl
                0x0000000008003288       0x36 Core/XPD_USB/xpd_usb_otg.o
 .text.USB_prvFlushTxFifo
                0x00000000080032be       0x26 Core/XPD_USB/xpd_usb_otg.o
 .text.USB_prvFlushRxFifo
                0x00000000080032e4       0x1c Core/XPD_USB/xpd_usb_otg.o
 .text.USB_prvClearEpInts
                0x0000000008003300       0x64 Core/XPD_USB/xpd_usb_otg.o
 .text.USB_prvWriteFifo
                0x0000000008003364       0x6c Core/XPD_USB/xpd_usb_otg.o
 .text.USB_prvReadFifo
                0x00000000080033d0       0x62 Core/XPD_USB/xpd_usb_otg.o
 .text.USB_prvTransmitPacket
                0x0000000008003432       0xc8 Core/XPD_USB/xpd_usb_otg.o
 .text.USB_prvEpSend
                0x00000000080034fa      0x15c Core/XPD_USB/xpd_usb_otg.o
 .text.USB_prvEpReceive
                0x0000000008003656       0xf8 Core/XPD_USB/xpd_usb_otg.o
 *fill*         0x000000000800374e        0x2 
 .text.USB_prvPrepareSetup
                0x0000000008003750       0x4c Core/XPD_USB/xpd_usb_otg.o
 .text.USB_prvInEpEventHandler
                0x000000000800379c       0xd0 Core/XPD_USB/xpd_usb_otg.o
 .text.USB_prvOutEpEventHandler
                0x000000000800386c       0xe2 Core/XPD_USB/xpd_usb_otg.o
 .text.USB_prvCtrlEpOpen
                0x000000000800394e       0xfa Core/XPD_USB/xpd_usb_otg.o
 .text.USB_prvReset
                0x0000000008003a48       0x30 Core/XPD_USB/xpd_usb_otg.o
 .text.USB_prvPhyInit
                0x0000000008003a78       0x90 Core/XPD_USB/xpd_usb_otg.o
 .text.USB_prvHsPhyDeinit
                0x0000000008003b08       0x24 Core/XPD_USB/xpd_usb_otg.o
 .text.USB_vDevInit
                0x0000000008003b2c      0x1ac Core/XPD_USB/xpd_usb_otg.o
                0x0000000008003b2c                USB_vDevInit
 .text.USB_vDevDeinit
                0x0000000008003cd8       0x58 Core/XPD_USB/xpd_usb_otg.o
                0x0000000008003cd8                USB_vDevDeinit
 .text.USB_vDevStart_IT
                0x0000000008003d30       0x7c Core/XPD_USB/xpd_usb_otg.o
                0x0000000008003d30                USB_vDevStart_IT
 .text.USB_vDevStop_IT
                0x0000000008003dac       0x7c Core/XPD_USB/xpd_usb_otg.o
                0x0000000008003dac                USB_vDevStop_IT
 .text.USB_vSetAddress
                0x0000000008003e28       0x30 Core/XPD_USB/xpd_usb_otg.o
                0x0000000008003e28                USB_vSetAddress
 .text.USB_vCtrlEpOpen
                0x0000000008003e58       0x1c Core/XPD_USB/xpd_usb_otg.o
                0x0000000008003e58                USB_vCtrlEpOpen
 .text.USB_vEpOpen
                0x0000000008003e74      0x12c Core/XPD_USB/xpd_usb_otg.o
                0x0000000008003e74                USB_vEpOpen
 .text.USB_vEpClose
                0x0000000008003fa0       0xfe Core/XPD_USB/xpd_usb_otg.o
                0x0000000008003fa0                USB_vEpClose
 .text.USB_vEpSetStall
                0x000000000800409e       0x6a Core/XPD_USB/xpd_usb_otg.o
                0x000000000800409e                USB_vEpSetStall
 .text.USB_vEpClearStall
                0x0000000008004108       0x62 Core/XPD_USB/xpd_usb_otg.o
                0x0000000008004108                USB_vEpClearStall
 .text.USB_vEpReceive
                0x000000000800416a       0x48 Core/XPD_USB/xpd_usb_otg.o
                0x000000000800416a                USB_vEpReceive
 .text.USB_vEpSend
                0x00000000080041b2       0x4e Core/XPD_USB/xpd_usb_otg.o
                0x00000000080041b2                USB_vEpSend
 .text.USB_vDevIRQHandler
                0x0000000008004200      0x2b4 Core/XPD_USB/xpd_usb_otg.o
                0x0000000008004200                USB_vDevIRQHandler
 .text.USB_vAllocateEPs
                0x00000000080044b4      0x130 Core/XPD_USB/xpd_usb_otg.o
                0x00000000080044b4                USB_vAllocateEPs
 .text.HAL_Init
                0x00000000080045e4       0x44 Drivers/STM32F4xx_HAL_Driver/Src/stm32f4xx_hal.o
                0x00000000080045e4                HAL_Init
 .text.HAL_InitTick
                0x0000000008004628       0x60 Drivers/STM32F4xx_HAL_Driver/Src/stm32f4xx_hal.o
                0x0000000008004628                HAL_InitTick
 .text.HAL_IncTick
                0x0000000008004688       0x28 Drivers/STM32F4xx_HAL_Driver/Src/stm32f4xx_hal.o
                0x0000000008004688                HAL_IncTick
 .text.HAL_GetTick
                0x00000000080046b0       0x18 Drivers/STM32F4xx_HAL_Driver/Src/stm32f4xx_hal.o
                0x00000000080046b0                HAL_GetTick
 .text.HAL_Delay
                0x00000000080046c8       0x48 Drivers/STM32F4xx_HAL_Driver/Src/stm32f4xx_hal.o
                0x00000000080046c8                HAL_Delay
 .text.__NVIC_SetPriorityGrouping
                0x0000000008004710       0x48 Drivers/STM32F4xx_HAL_Driver/Src/stm32f4xx_hal_cortex.o
 .text.__NVIC_GetPriorityGrouping
                0x0000000008004758       0x1c Drivers/STM32F4xx_HAL_Driver/Src/stm32f4xx_hal_cortex.o
 .text.__NVIC_EnableIRQ
                0x0000000008004774       0x3c Drivers/STM32F4xx_HAL_Driver/Src/stm32f4xx_hal_cortex.o
 .text.__NVIC_DisableIRQ
                0x00000000080047b0       0x48 Drivers/STM32F4xx_HAL_Driver/Src/stm32f4xx_hal_cortex.o
 .text.__NVIC_SetPriority
                0x00000000080047f8       0x54 Drivers/STM32F4xx_HAL_Driver/Src/stm32f4xx_hal_cortex.o
 .text.NVIC_EncodePriority
                0x000000000800484c       0x66 Drivers/STM32F4xx_HAL_Driver/Src/stm32f4xx_hal_cortex.o
 *fill*         0x00000000080048b2        0x2 
 .text.SysTick_Config
                0x00000000080048b4       0x44 Drivers/STM32F4xx_HAL_Driver/Src/stm32f4xx_hal_cortex.o
 .text.HAL_NVIC_SetPriorityGrouping
                0x00000000080048f8       0x16 Drivers/STM32F4xx_HAL_Driver/Src/stm32f4xx_hal_cortex.o
                0x00000000080048f8                HAL_NVIC_SetPriorityGrouping
 .text.HAL_NVIC_SetPriority
                0x000000000800490e       0x38 Drivers/STM32F4xx_HAL_Driver/Src/stm32f4xx_hal_cortex.o
                0x000000000800490e                HAL_NVIC_SetPriority
 .text.HAL_NVIC_EnableIRQ
                0x0000000008004946       0x1c Drivers/STM32F4xx_HAL_Driver/Src/stm32f4xx_hal_cortex.o
                0x0000000008004946                HAL_NVIC_EnableIRQ
 .text.HAL_NVIC_DisableIRQ
                0x0000000008004962       0x1c Drivers/STM32F4xx_HAL_Driver/Src/stm32f4xx_hal_cortex.o
                0x0000000008004962                HAL_NVIC_DisableIRQ
 .text.HAL_SYSTICK_Config
                0x000000000800497e       0x18 Drivers/STM32F4xx_HAL_Driver/Src/stm32f4xx_hal_cortex.o
                0x000000000800497e                HAL_SYSTICK_Config
 *fill*         0x0000000008004996        0x2 
 .text.HAL_FLASH_Program
                0x0000000008004998       0xa8 Drivers/STM32F4xx_HAL_Driver/Src/stm32f4xx_hal_flash.o
                0x0000000008004998                HAL_FLASH_Program
 .text.HAL_FLASH_Unlock
                0x0000000008004a40       0x44 Drivers/STM32F4xx_HAL_Driver/Src/stm32f4xx_hal_flash.o
                0x0000000008004a40                HAL_FLASH_Unlock
 .text.HAL_FLASH_Lock
                0x0000000008004a84       0x20 Drivers/STM32F4xx_HAL_Driver/Src/stm32f4xx_hal_flash.o
                0x0000000008004a84                HAL_FLASH_Lock
 .text.HAL_FLASH_GetError
                0x0000000008004aa4       0x18 Drivers/STM32F4xx_HAL_Driver/Src/stm32f4xx_hal_flash.o
                0x0000000008004aa4                HAL_FLASH_GetError
 .text.FLASH_WaitForLastOperation
                0x0000000008004abc       0x80 Drivers/STM32F4xx_HAL_Driver/Src/stm32f4xx_hal_flash.o
                0x0000000008004abc                FLASH_WaitForLastOperation
 .text.FLASH_Program_DoubleWord
                0x0000000008004b3c       0x64 Drivers/STM32F4xx_HAL_Driver/Src/stm32f4xx_hal_flash.o
 .text.FLASH_Program_Word
                0x0000000008004ba0       0x44 Drivers/STM32F4xx_HAL_Driver/Src/stm32f4xx_hal_flash.o
 .text.FLASH_Program_HalfWord
                0x0000000008004be4       0x48 Drivers/STM32F4xx_HAL_Driver/Src/stm32f4xx_hal_flash.o
 .text.FLASH_Program_Byte
                0x0000000008004c2c       0x44 Drivers/STM32F4xx_HAL_Driver/Src/stm32f4xx_hal_flash.o
 .text.FLASH_SetErrorCode
                0x0000000008004c70       0xac Drivers/STM32F4xx_HAL_Driver/Src/stm32f4xx_hal_flash.o
 .text.HAL_FLASHEx_Erase
                0x0000000008004d1c       0xe0 Drivers/STM32F4xx_HAL_Driver/Src/stm32f4xx_hal_flash_ex.o
                0x0000000008004d1c                HAL_FLASHEx_Erase
 .text.FLASH_MassErase
                0x0000000008004dfc       0x48 Drivers/STM32F4xx_HAL_Driver/Src/stm32f4xx_hal_flash_ex.o
 .text.FLASH_Erase_Sector
                0x0000000008004e44       0x90 Drivers/STM32F4xx_HAL_Driver/Src/stm32f4xx_hal_flash_ex.o
                0x0000000008004e44                FLASH_Erase_Sector
 .text.FLASH_FlushCaches
                0x0000000008004ed4       0x8c Drivers/STM32F4xx_HAL_Driver/Src/stm32f4xx_hal_flash_ex.o
                0x0000000008004ed4                FLASH_FlushCaches
 .text.HAL_GPIO_Init
                0x0000000008004f60      0x338 Drivers/STM32F4xx_HAL_Driver/Src/stm32f4xx_hal_gpio.o
                0x0000000008004f60                HAL_GPIO_Init
 .text.HAL_GPIO_DeInit
                0x0000000008005298      0x1f8 Drivers/STM32F4xx_HAL_Driver/Src/stm32f4xx_hal_gpio.o
                0x0000000008005298                HAL_GPIO_DeInit
 .text.HAL_GPIO_ReadPin
                0x0000000008005490       0x30 Drivers/STM32F4xx_HAL_Driver/Src/stm32f4xx_hal_gpio.o
                0x0000000008005490                HAL_GPIO_ReadPin
 .text.HAL_GPIO_WritePin
                0x00000000080054c0       0x32 Drivers/STM32F4xx_HAL_Driver/Src/stm32f4xx_hal_gpio.o
                0x00000000080054c0                HAL_GPIO_WritePin
 *fill*         0x00000000080054f2        0x2 
 .text.HAL_GPIO_EXTI_IRQHandler
                0x00000000080054f4       0x30 Drivers/STM32F4xx_HAL_Driver/Src/stm32f4xx_hal_gpio.o
                0x00000000080054f4                HAL_GPIO_EXTI_IRQHandler
 .text.HAL_RCC_OscConfig
                0x0000000008005524      0x4f0 Drivers/STM32F4xx_HAL_Driver/Src/stm32f4xx_hal_rcc.o
                0x0000000008005524                HAL_RCC_OscConfig
 .text.HAL_RCC_ClockConfig
                0x0000000008005a14      0x1cc Drivers/STM32F4xx_HAL_Driver/Src/stm32f4xx_hal_rcc.o
                0x0000000008005a14                HAL_RCC_ClockConfig
 .text.HAL_RCC_GetSysClockFreq
                0x0000000008005be0      0x1c4 Drivers/STM32F4xx_HAL_Driver/Src/stm32f4xx_hal_rcc.o
                0x0000000008005be0                HAL_RCC_GetSysClockFreq
 .text.HAL_RCC_GetHCLKFreq
                0x0000000008005da4       0x18 Drivers/STM32F4xx_HAL_Driver/Src/stm32f4xx_hal_rcc.o
                0x0000000008005da4                HAL_RCC_GetHCLKFreq
 .text.HAL_TIM_Base_Init
                0x0000000008005dbc       0x9e Drivers/STM32F4xx_HAL_Driver/Src/stm32f4xx_hal_tim.o
                0x0000000008005dbc                HAL_TIM_Base_Init
 *fill*         0x0000000008005e5a        0x2 
 .text.HAL_TIM_Base_Start_IT
                0x0000000008005e5c       0xe0 Drivers/STM32F4xx_HAL_Driver/Src/stm32f4xx_hal_tim.o
                0x0000000008005e5c                HAL_TIM_Base_Start_IT
 .text.HAL_TIM_Base_Stop_IT
                0x0000000008005f3c       0x5e Drivers/STM32F4xx_HAL_Driver/Src/stm32f4xx_hal_tim.o
                0x0000000008005f3c                HAL_TIM_Base_Stop_IT
 .text.HAL_TIM_IRQHandler
                0x0000000008005f9a      0x210 Drivers/STM32F4xx_HAL_Driver/Src/stm32f4xx_hal_tim.o
                0x0000000008005f9a                HAL_TIM_IRQHandler
 .text.HAL_TIM_ConfigClockSource
                0x00000000080061aa      0x188 Drivers/STM32F4xx_HAL_Driver/Src/stm32f4xx_hal_tim.o
                0x00000000080061aa                HAL_TIM_ConfigClockSource
 .text.HAL_TIM_OC_DelayElapsedCallback
                0x0000000008006332       0x14 Drivers/STM32F4xx_HAL_Driver/Src/stm32f4xx_hal_tim.o
                0x0000000008006332                HAL_TIM_OC_DelayElapsedCallback
 .text.HAL_TIM_IC_CaptureCallback
                0x0000000008006346       0x14 Drivers/STM32F4xx_HAL_Driver/Src/stm32f4xx_hal_tim.o
                0x0000000008006346                HAL_TIM_IC_CaptureCallback
 .text.HAL_TIM_PWM_PulseFinishedCallback
                0x000000000800635a       0x14 Drivers/STM32F4xx_HAL_Driver/Src/stm32f4xx_hal_tim.o
                0x000000000800635a                HAL_TIM_PWM_PulseFinishedCallback
 .text.HAL_TIM_TriggerCallback
                0x000000000800636e       0x14 Drivers/STM32F4xx_HAL_Driver/Src/stm32f4xx_hal_tim.o
                0x000000000800636e                HAL_TIM_TriggerCallback
 *fill*         0x0000000008006382        0x2 
 .text.TIM_Base_SetConfig
                0x0000000008006384      0x140 Drivers/STM32F4xx_HAL_Driver/Src/stm32f4xx_hal_tim.o
                0x0000000008006384                TIM_Base_SetConfig
 .text.TIM_TI1_ConfigInputStage
                0x00000000080064c4       0x5e Drivers/STM32F4xx_HAL_Driver/Src/stm32f4xx_hal_tim.o
 .text.TIM_TI2_ConfigInputStage
                0x0000000008006522       0x60 Drivers/STM32F4xx_HAL_Driver/Src/stm32f4xx_hal_tim.o
 .text.TIM_ITRx_SetConfig
                0x0000000008006582       0x36 Drivers/STM32F4xx_HAL_Driver/Src/stm32f4xx_hal_tim.o
 .text.TIM_ETR_SetConfig
                0x00000000080065b8       0x40 Drivers/STM32F4xx_HAL_Driver/Src/stm32f4xx_hal_tim.o
                0x00000000080065b8                TIM_ETR_SetConfig
 .text.HAL_TIMEx_MasterConfigSynchronization
                0x00000000080065f8       0xf8 Drivers/STM32F4xx_HAL_Driver/Src/stm32f4xx_hal_tim_ex.o
                0x00000000080065f8                HAL_TIMEx_MasterConfigSynchronization
 .text.HAL_TIMEx_CommutCallback
                0x00000000080066f0       0x14 Drivers/STM32F4xx_HAL_Driver/Src/stm32f4xx_hal_tim_ex.o
                0x00000000080066f0                HAL_TIMEx_CommutCallback
 .text.HAL_TIMEx_BreakCallback
                0x0000000008006704       0x14 Drivers/STM32F4xx_HAL_Driver/Src/stm32f4xx_hal_tim_ex.o
                0x0000000008006704                HAL_TIMEx_BreakCallback
 .text.__libc_init_array
                0x0000000008006718       0x48 c:/st/stm32cubeide_1.5.0/stm32cubeide/plugins/com.st.stm32cube.ide.mcu.externaltools.gnu-tools-for-stm32.9-2020-q2-update.win32_1.5.0.202011040924/tools/bin/../lib/gcc/arm-none-eabi/9.3.1/../../../../arm-none-eabi/lib/thumb/v7e-m+fp/hard\libc_nano.a(lib_a-init.o)
                0x0000000008006718                __libc_init_array
 .text.memcpy   0x0000000008006760       0x1c c:/st/stm32cubeide_1.5.0/stm32cubeide/plugins/com.st.stm32cube.ide.mcu.externaltools.gnu-tools-for-stm32.9-2020-q2-update.win32_1.5.0.202011040924/tools/bin/../lib/gcc/arm-none-eabi/9.3.1/../../../../arm-none-eabi/lib/thumb/v7e-m+fp/hard\libc_nano.a(lib_a-memcpy-stub.o)
                0x0000000008006760                memcpy
 .text.memset   0x000000000800677c       0x10 c:/st/stm32cubeide_1.5.0/stm32cubeide/plugins/com.st.stm32cube.ide.mcu.externaltools.gnu-tools-for-stm32.9-2020-q2-update.win32_1.5.0.202011040924/tools/bin/../lib/gcc/arm-none-eabi/9.3.1/../../../../arm-none-eabi/lib/thumb/v7e-m+fp/hard\libc_nano.a(lib_a-memset.o)
                0x000000000800677c                memset
 *(.glue_7)
 .glue_7        0x000000000800678c        0x0 linker stubs
 *(.glue_7t)
 .glue_7t       0x000000000800678c        0x0 linker stubs
 *(.eh_frame)
 .eh_frame      0x000000000800678c        0x0 c:/st/stm32cubeide_1.5.0/stm32cubeide/plugins/com.st.stm32cube.ide.mcu.externaltools.gnu-tools-for-stm32.9-2020-q2-update.win32_1.5.0.202011040924/tools/bin/../lib/gcc/arm-none-eabi/9.3.1/thumb/v7e-m+fp/hard/crtbegin.o
 *(.init)
 .init          0x000000000800678c        0x4 c:/st/stm32cubeide_1.5.0/stm32cubeide/plugins/com.st.stm32cube.ide.mcu.externaltools.gnu-tools-for-stm32.9-2020-q2-update.win32_1.5.0.202011040924/tools/bin/../lib/gcc/arm-none-eabi/9.3.1/thumb/v7e-m+fp/hard/crti.o
                0x000000000800678c                _init
 .init          0x0000000008006790        0x8 c:/st/stm32cubeide_1.5.0/stm32cubeide/plugins/com.st.stm32cube.ide.mcu.externaltools.gnu-tools-for-stm32.9-2020-q2-update.win32_1.5.0.202011040924/tools/bin/../lib/gcc/arm-none-eabi/9.3.1/thumb/v7e-m+fp/hard/crtn.o
 *(.fini)
 .fini          0x0000000008006798        0x4 c:/st/stm32cubeide_1.5.0/stm32cubeide/plugins/com.st.stm32cube.ide.mcu.externaltools.gnu-tools-for-stm32.9-2020-q2-update.win32_1.5.0.202011040924/tools/bin/../lib/gcc/arm-none-eabi/9.3.1/thumb/v7e-m+fp/hard/crti.o
                0x0000000008006798                _fini
 .fini          0x000000000800679c        0x8 c:/st/stm32cubeide_1.5.0/stm32cubeide/plugins/com.st.stm32cube.ide.mcu.externaltools.gnu-tools-for-stm32.9-2020-q2-update.win32_1.5.0.202011040924/tools/bin/../lib/gcc/arm-none-eabi/9.3.1/thumb/v7e-m+fp/hard/crtn.o
                0x00000000080067a4                . = ALIGN (0x4)
                0x00000000080067a4                _etext = .

.vfp11_veneer   0x00000000080067a4        0x0
 .vfp11_veneer  0x00000000080067a4        0x0 linker stubs

.v4_bx          0x00000000080067a4        0x0
 .v4_bx         0x00000000080067a4        0x0 linker stubs

.iplt           0x00000000080067a4        0x0
 .iplt          0x00000000080067a4        0x0 c:/st/stm32cubeide_1.5.0/stm32cubeide/plugins/com.st.stm32cube.ide.mcu.externaltools.gnu-tools-for-stm32.9-2020-q2-update.win32_1.5.0.202011040924/tools/bin/../lib/gcc/arm-none-eabi/9.3.1/thumb/v7e-m+fp/hard/crtbegin.o

.rodata         0x00000000080067a4      0x1e4
                0x00000000080067a4                . = ALIGN (0x4)
 *(.rodata)
 .rodata        0x00000000080067a4       0x1c Core/Src/console_if.o
 .rodata        0x00000000080067c0       0x10 Core/Src/keyboard_if.o
 .rodata        0x00000000080067d0       0x4a Core/Src/usb_device.o
 *(.rodata*)
 *fill*         0x000000000800681a        0x2 
 .rodata.console_app
                0x000000000800681c       0x14 Core/Src/console_if.o
 .rodata.console_if
                0x0000000008006830        0x4 Core/Src/console_if.o
                0x0000000008006830                console_if
 .rodata.ReportDescriptor
                0x0000000008006834       0x3f Core/Src/keyboard_if.o
                0x0000000008006834                ReportDescriptor
 *fill*         0x0000000008006873        0x1 
 .rodata.keyboard_report
                0x0000000008006874       0x14 Core/Src/keyboard_if.o
 .rodata.keyboard_app
                0x0000000008006888       0x24 Core/Src/keyboard_if.o
 .rodata.keyboard_if
                0x00000000080068ac        0x4 Core/Src/keyboard_if.o
                0x00000000080068ac                keyboard_if
 .rodata.AHBPrescTable
                0x00000000080068b0       0x10 Core/Src/system_stm32f4xx.o
                0x00000000080068b0                AHBPrescTable
 .rodata.hdev_cfg
                0x00000000080068c0       0x1c Core/Src/usb_device.o
                0x00000000080068c0                hdev_cfg
 .rodata.lc     0x00000000080068dc        0x7 Core/Src/usb_device.o
                0x00000000080068dc                lc
 *fill*         0x00000000080068e3        0x1 
 .rodata.UsbDevice
                0x00000000080068e4        0x4 Core/Src/usb_device.o
                0x00000000080068e4                UsbDevice
 .rodata.cdc_desc
                0x00000000080068e8       0x34 Core/USBDevice-master/Class/CDC/usbd_cdc.o
 .rodata.cdc_cbks
                0x000000000800691c       0x20 Core/USBDevice-master/Class/CDC/usbd_cdc.o
 .rodata.hid_desc
                0x000000000800693c       0x12 Core/USBDevice-master/Class/HID/usbd_hid.o
 *fill*         0x000000000800694e        0x2 
 .rodata.hid_cbks
                0x0000000008006950       0x20 Core/USBDevice-master/Class/HID/usbd_hid.o
 .rodata.usbd_langIdDesc
                0x0000000008006970        0x4 Core/USBDevice-master/Device/usbd_desc.o
 .rodata.usbd_deviceDesc
                0x0000000008006974       0x12 Core/USBDevice-master/Device/usbd_desc.o
                0x0000000008006988                . = ALIGN (0x4)
 *fill*         0x0000000008006986        0x2 

.ARM.extab      0x0000000008006988        0x0
                0x0000000008006988                . = ALIGN (0x4)
 *(.ARM.extab* .gnu.linkonce.armextab.*)
                0x0000000008006988                . = ALIGN (0x4)

.ARM            0x0000000008006988        0x8
                0x0000000008006988                . = ALIGN (0x4)
                0x0000000008006988                __exidx_start = .
 *(.ARM.exidx*)
 .ARM.exidx     0x0000000008006988        0x8 c:/st/stm32cubeide_1.5.0/stm32cubeide/plugins/com.st.stm32cube.ide.mcu.externaltools.gnu-tools-for-stm32.9-2020-q2-update.win32_1.5.0.202011040924/tools/bin/../lib/gcc/arm-none-eabi/9.3.1/thumb/v7e-m+fp/hard\libgcc.a(_udivmoddi4.o)
                0x0000000008006990                __exidx_end = .
                0x0000000008006990                . = ALIGN (0x4)

.rel.dyn        0x0000000008006990        0x0
 .rel.iplt      0x0000000008006990        0x0 c:/st/stm32cubeide_1.5.0/stm32cubeide/plugins/com.st.stm32cube.ide.mcu.externaltools.gnu-tools-for-stm32.9-2020-q2-update.win32_1.5.0.202011040924/tools/bin/../lib/gcc/arm-none-eabi/9.3.1/thumb/v7e-m+fp/hard/crtbegin.o

.preinit_array  0x0000000008006990        0x0
                0x0000000008006990                . = ALIGN (0x4)
                0x0000000008006990                PROVIDE (__preinit_array_start = .)
 *(.preinit_array*)
                0x0000000008006990                PROVIDE (__preinit_array_end = .)
                0x0000000008006990                . = ALIGN (0x4)

.init_array     0x0000000008006990        0x4
                0x0000000008006990                . = ALIGN (0x4)
                0x0000000008006990                PROVIDE (__init_array_start = .)
 *(SORT_BY_NAME(.init_array.*))
 *(.init_array*)
 .init_array    0x0000000008006990        0x4 c:/st/stm32cubeide_1.5.0/stm32cubeide/plugins/com.st.stm32cube.ide.mcu.externaltools.gnu-tools-for-stm32.9-2020-q2-update.win32_1.5.0.202011040924/tools/bin/../lib/gcc/arm-none-eabi/9.3.1/thumb/v7e-m+fp/hard/crtbegin.o
                0x0000000008006994                PROVIDE (__init_array_end = .)
                0x0000000008006994                . = ALIGN (0x4)

.fini_array     0x0000000008006994        0x4
                0x0000000008006994                . = ALIGN (0x4)
                [!provide]                        PROVIDE (__fini_array_start = .)
 *(SORT_BY_NAME(.fini_array.*))
 *(.fini_array*)
 .fini_array    0x0000000008006994        0x4 c:/st/stm32cubeide_1.5.0/stm32cubeide/plugins/com.st.stm32cube.ide.mcu.externaltools.gnu-tools-for-stm32.9-2020-q2-update.win32_1.5.0.202011040924/tools/bin/../lib/gcc/arm-none-eabi/9.3.1/thumb/v7e-m+fp/hard/crtbegin.o
                [!provide]                        PROVIDE (__fini_array_end = .)
                0x0000000008006998                . = ALIGN (0x4)
                0x0000000008006998                _sidata = LOADADDR (.data)

.data           0x0000000020000000       0x40 load address 0x0000000008006998
                0x0000000020000000                . = ALIGN (0x4)
                0x0000000020000000                _sdata = .
 *(.data)
 *(.data*)
 .data._console_if
                0x0000000020000000       0x20 Core/Src/console_if.o
                0x0000000020000000                _console_if
 .data._keyboard_if
                0x0000000020000020       0x14 Core/Src/keyboard_if.o
                0x0000000020000020                _keyboard_if
 .data.SystemCoreClock
                0x0000000020000034        0x4 Core/Src/system_stm32f4xx.o
                0x0000000020000034                SystemCoreClock
 .data.uwTickPrio
                0x0000000020000038        0x4 Drivers/STM32F4xx_HAL_Driver/Src/stm32f4xx_hal.o
                0x0000000020000038                uwTickPrio
 .data.uwTickFreq
                0x000000002000003c        0x1 Drivers/STM32F4xx_HAL_Driver/Src/stm32f4xx_hal.o
                0x000000002000003c                uwTickFreq
 *(.RamFunc)
 *(.RamFunc*)
                0x0000000020000040                . = ALIGN (0x4)
 *fill*         0x000000002000003d        0x3 
                0x0000000020000040                _edata = .

.igot.plt       0x0000000020000040        0x0 load address 0x00000000080069d8
 .igot.plt      0x0000000020000040        0x0 c:/st/stm32cubeide_1.5.0/stm32cubeide/plugins/com.st.stm32cube.ide.mcu.externaltools.gnu-tools-for-stm32.9-2020-q2-update.win32_1.5.0.202011040924/tools/bin/../lib/gcc/arm-none-eabi/9.3.1/thumb/v7e-m+fp/hard/crtbegin.o
                0x0000000020000040                . = ALIGN (0x4)

.bss            0x0000000020000040      0xfa0 load address 0x00000000080069d8
                0x0000000020000040                _sbss = .
                0x0000000020000040                __bss_start__ = _sbss
 *(.bss)
 .bss           0x0000000020000040       0x1c c:/st/stm32cubeide_1.5.0/stm32cubeide/plugins/com.st.stm32cube.ide.mcu.externaltools.gnu-tools-for-stm32.9-2020-q2-update.win32_1.5.0.202011040924/tools/bin/../lib/gcc/arm-none-eabi/9.3.1/thumb/v7e-m+fp/hard/crtbegin.o
 *(.bss*)
 .bss.EraseInitStruct.8051
                0x000000002000005c       0x14 Core/Src/flash_memory.o
 .bss.type_state
                0x0000000020000070        0x1 Core/Src/main.o
                0x0000000020000070                type_state
 .bss.login_n   0x0000000020000071        0x1 Core/Src/main.o
                0x0000000020000071                login_n
 *(COMMON)
 *fill*         0x0000000020000072        0x2 
 COMMON         0x0000000020000074      0x814 Core/Src/console_if.o
                0x0000000020000074                console_if_OUT
                0x0000000020000480                console_if_IN
 COMMON         0x0000000020000888        0x8 Core/Src/keypress.o
                0x0000000020000888                keyboard
 COMMON         0x0000000020000890      0x248 Core/Src/logins.o
                0x0000000020000890                usernames
                0x0000000020000990                logins
                0x00000000200009d0                en_passwords
                0x00000000200009d4                en_usernames
                0x00000000200009d8                passwords
 COMMON         0x0000000020000ad8      0x2e4 Core/Src/main.o
                0x0000000020000ad8                program_state
                0x0000000020000adc                rx_buffer
                0x0000000020000b64                tx_buffer
                0x0000000020000d70                device_state
                0x0000000020000d74                htim1
 COMMON         0x0000000020000dbc      0x1fc Core/Src/usb_device.o
                0x0000000020000dbc                hUsbDevice
 COMMON         0x0000000020000fb8        0x4 Drivers/STM32F4xx_HAL_Driver/Src/stm32f4xx_hal.o
                0x0000000020000fb8                uwTick
 COMMON         0x0000000020000fbc       0x20 Drivers/STM32F4xx_HAL_Driver/Src/stm32f4xx_hal_flash.o
                0x0000000020000fbc                pFlash
 COMMON         0x0000000020000fdc        0x4 c:/st/stm32cubeide_1.5.0/stm32cubeide/plugins/com.st.stm32cube.ide.mcu.externaltools.gnu-tools-for-stm32.9-2020-q2-update.win32_1.5.0.202011040924/tools/bin/../lib/gcc/arm-none-eabi/9.3.1/../../../../arm-none-eabi/lib/thumb/v7e-m+fp/hard\libc_nano.a(lib_a-reent.o)
                0x0000000020000fdc                errno
                0x0000000020000fe0                . = ALIGN (0x4)
                0x0000000020000fe0                _ebss = .
                0x0000000020000fe0                __bss_end__ = _ebss

._user_heap_stack
                0x0000000020000fe0      0x600 load address 0x00000000080069d8
                0x0000000020000fe0                . = ALIGN (0x8)
                [!provide]                        PROVIDE (end = .)
                0x0000000020000fe0                PROVIDE (_end = .)
                0x00000000200011e0                . = (. + _Min_Heap_Size)
 *fill*         0x0000000020000fe0      0x200 
                0x00000000200015e0                . = (. + _Min_Stack_Size)
 *fill*         0x00000000200011e0      0x400 
                0x00000000200015e0                . = ALIGN (0x8)

/DISCARD/
 libc.a(*)
 libm.a(*)
 libgcc.a(*)

.ARM.attributes
                0x0000000000000000       0x30
 *(.ARM.attributes)
 .ARM.attributes
                0x0000000000000000       0x1e c:/st/stm32cubeide_1.5.0/stm32cubeide/plugins/com.st.stm32cube.ide.mcu.externaltools.gnu-tools-for-stm32.9-2020-q2-update.win32_1.5.0.202011040924/tools/bin/../lib/gcc/arm-none-eabi/9.3.1/thumb/v7e-m+fp/hard/crti.o
 .ARM.attributes
                0x000000000000001e       0x34 c:/st/stm32cubeide_1.5.0/stm32cubeide/plugins/com.st.stm32cube.ide.mcu.externaltools.gnu-tools-for-stm32.9-2020-q2-update.win32_1.5.0.202011040924/tools/bin/../lib/gcc/arm-none-eabi/9.3.1/thumb/v7e-m+fp/hard/crtbegin.o
 .ARM.attributes
                0x0000000000000052       0x34 Core/Src/console_if.o
 .ARM.attributes
                0x0000000000000086       0x34 Core/Src/flash_memory.o
 .ARM.attributes
                0x00000000000000ba       0x34 Core/Src/hal_usb.o
 .ARM.attributes
                0x00000000000000ee       0x39 Core/Src/keyboard_if.o
 .ARM.attributes
                0x0000000000000127       0x34 Core/Src/keypress.o
 .ARM.attributes
                0x000000000000015b       0x34 Core/Src/logins.o
 .ARM.attributes
                0x000000000000018f       0x34 Core/Src/main.o
 .ARM.attributes
                0x00000000000001c3       0x34 Core/Src/stm32f4xx_hal_msp.o
 .ARM.attributes
                0x00000000000001f7       0x34 Core/Src/stm32f4xx_it.o
 .ARM.attributes
                0x000000000000022b       0x34 Core/Src/system_stm32f4xx.o
 .ARM.attributes
                0x000000000000025f       0x34 Core/Src/usb_device.o
 .ARM.attributes
                0x0000000000000293       0x21 Core/Startup/startup_stm32f407vetx.o
 .ARM.attributes
                0x00000000000002b4       0x34 Core/USBDevice-master/Class/CDC/usbd_cdc.o
 .ARM.attributes
                0x00000000000002e8       0x34 Core/USBDevice-master/Class/HID/usbd_hid.o
 .ARM.attributes
                0x000000000000031c       0x34 Core/USBDevice-master/Device/usbd.o
 .ARM.attributes
                0x0000000000000350       0x34 Core/USBDevice-master/Device/usbd_ctrl.o
 .ARM.attributes
                0x0000000000000384       0x34 Core/USBDevice-master/Device/usbd_desc.o
 .ARM.attributes
                0x00000000000003b8       0x34 Core/USBDevice-master/Device/usbd_ep.o
 .ARM.attributes
                0x00000000000003ec       0x34 Core/USBDevice-master/Device/usbd_if.o
 .ARM.attributes
                0x0000000000000420       0x34 Core/XPD_USB/xpd_usb_otg.o
 .ARM.attributes
                0x0000000000000454       0x34 Drivers/STM32F4xx_HAL_Driver/Src/stm32f4xx_hal.o
 .ARM.attributes
                0x0000000000000488       0x34 Drivers/STM32F4xx_HAL_Driver/Src/stm32f4xx_hal_cortex.o
 .ARM.attributes
                0x00000000000004bc       0x34 Drivers/STM32F4xx_HAL_Driver/Src/stm32f4xx_hal_flash.o
 .ARM.attributes
                0x00000000000004f0       0x34 Drivers/STM32F4xx_HAL_Driver/Src/stm32f4xx_hal_flash_ex.o
 .ARM.attributes
                0x0000000000000524       0x34 Drivers/STM32F4xx_HAL_Driver/Src/stm32f4xx_hal_gpio.o
 .ARM.attributes
                0x0000000000000558       0x34 Drivers/STM32F4xx_HAL_Driver/Src/stm32f4xx_hal_rcc.o
 .ARM.attributes
                0x000000000000058c       0x34 Drivers/STM32F4xx_HAL_Driver/Src/stm32f4xx_hal_tim.o
 .ARM.attributes
                0x00000000000005c0       0x34 Drivers/STM32F4xx_HAL_Driver/Src/stm32f4xx_hal_tim_ex.o
 .ARM.attributes
                0x00000000000005f4       0x34 c:/st/stm32cubeide_1.5.0/stm32cubeide/plugins/com.st.stm32cube.ide.mcu.externaltools.gnu-tools-for-stm32.9-2020-q2-update.win32_1.5.0.202011040924/tools/bin/../lib/gcc/arm-none-eabi/9.3.1/../../../../arm-none-eabi/lib/thumb/v7e-m+fp/hard\libc_nano.a(lib_a-init.o)
 .ARM.attributes
                0x0000000000000628       0x34 c:/st/stm32cubeide_1.5.0/stm32cubeide/plugins/com.st.stm32cube.ide.mcu.externaltools.gnu-tools-for-stm32.9-2020-q2-update.win32_1.5.0.202011040924/tools/bin/../lib/gcc/arm-none-eabi/9.3.1/../../../../arm-none-eabi/lib/thumb/v7e-m+fp/hard\libc_nano.a(lib_a-memcpy-stub.o)
 .ARM.attributes
                0x000000000000065c       0x34 c:/st/stm32cubeide_1.5.0/stm32cubeide/plugins/com.st.stm32cube.ide.mcu.externaltools.gnu-tools-for-stm32.9-2020-q2-update.win32_1.5.0.202011040924/tools/bin/../lib/gcc/arm-none-eabi/9.3.1/../../../../arm-none-eabi/lib/thumb/v7e-m+fp/hard\libc_nano.a(lib_a-memset.o)
 .ARM.attributes
                0x0000000000000690       0x34 c:/st/stm32cubeide_1.5.0/stm32cubeide/plugins/com.st.stm32cube.ide.mcu.externaltools.gnu-tools-for-stm32.9-2020-q2-update.win32_1.5.0.202011040924/tools/bin/../lib/gcc/arm-none-eabi/9.3.1/../../../../arm-none-eabi/lib/thumb/v7e-m+fp/hard\libc_nano.a(lib_a-reent.o)
 .ARM.attributes
                0x00000000000006c4       0x1e c:/st/stm32cubeide_1.5.0/stm32cubeide/plugins/com.st.stm32cube.ide.mcu.externaltools.gnu-tools-for-stm32.9-2020-q2-update.win32_1.5.0.202011040924/tools/bin/../lib/gcc/arm-none-eabi/9.3.1/thumb/v7e-m+fp/hard\libgcc.a(_aeabi_uldivmod.o)
 .ARM.attributes
                0x00000000000006e2       0x34 c:/st/stm32cubeide_1.5.0/stm32cubeide/plugins/com.st.stm32cube.ide.mcu.externaltools.gnu-tools-for-stm32.9-2020-q2-update.win32_1.5.0.202011040924/tools/bin/../lib/gcc/arm-none-eabi/9.3.1/thumb/v7e-m+fp/hard\libgcc.a(_udivmoddi4.o)
 .ARM.attributes
                0x0000000000000716       0x1e c:/st/stm32cubeide_1.5.0/stm32cubeide/plugins/com.st.stm32cube.ide.mcu.externaltools.gnu-tools-for-stm32.9-2020-q2-update.win32_1.5.0.202011040924/tools/bin/../lib/gcc/arm-none-eabi/9.3.1/thumb/v7e-m+fp/hard\libgcc.a(_dvmd_tls.o)
 .ARM.attributes
                0x0000000000000734       0x1e c:/st/stm32cubeide_1.5.0/stm32cubeide/plugins/com.st.stm32cube.ide.mcu.externaltools.gnu-tools-for-stm32.9-2020-q2-update.win32_1.5.0.202011040924/tools/bin/../lib/gcc/arm-none-eabi/9.3.1/thumb/v7e-m+fp/hard/crtn.o
OUTPUT(Auto_Login_Composite_USB.elf elf32-littlearm)
LOAD linker stubs
LOAD c:/st/stm32cubeide_1.5.0/stm32cubeide/plugins/com.st.stm32cube.ide.mcu.externaltools.gnu-tools-for-stm32.9-2020-q2-update.win32_1.5.0.202011040924/tools/bin/../lib/gcc/arm-none-eabi/9.3.1/../../../../arm-none-eabi/lib/thumb/v7e-m+fp/hard\libc.a
LOAD c:/st/stm32cubeide_1.5.0/stm32cubeide/plugins/com.st.stm32cube.ide.mcu.externaltools.gnu-tools-for-stm32.9-2020-q2-update.win32_1.5.0.202011040924/tools/bin/../lib/gcc/arm-none-eabi/9.3.1/../../../../arm-none-eabi/lib/thumb/v7e-m+fp/hard\libm.a
LOAD c:/st/stm32cubeide_1.5.0/stm32cubeide/plugins/com.st.stm32cube.ide.mcu.externaltools.gnu-tools-for-stm32.9-2020-q2-update.win32_1.5.0.202011040924/tools/bin/../lib/gcc/arm-none-eabi/9.3.1/thumb/v7e-m+fp/hard\libgcc.a

.debug_info     0x0000000000000000    0x3f4cc
 .debug_info    0x0000000000000000     0x3f99 Core/Src/console_if.o
 .debug_info    0x0000000000003f99      0x33a Core/Src/flash_memory.o
 .debug_info    0x00000000000042d3     0x3619 Core/Src/hal_usb.o
 .debug_info    0x00000000000078ec     0x3cc3 Core/Src/keyboard_if.o
 .debug_info    0x000000000000b5af     0x3551 Core/Src/keypress.o
 .debug_info    0x000000000000eb00      0x45c Core/Src/logins.o
 .debug_info    0x000000000000ef5c     0x4110 Core/Src/main.o
 .debug_info    0x000000000001306c      0xbe5 Core/Src/stm32f4xx_hal_msp.o
 .debug_info    0x0000000000013c51      0x83d Core/Src/stm32f4xx_it.o
 .debug_info    0x000000000001448e      0x5a4 Core/Src/system_stm32f4xx.o
 .debug_info    0x0000000000014a32     0x3653 Core/Src/usb_device.o
 .debug_info    0x0000000000018085       0x22 Core/Startup/startup_stm32f407vetx.o
 .debug_info    0x00000000000180a7     0x459f Core/USBDevice-master/Class/CDC/usbd_cdc.o
 .debug_info    0x000000000001c646     0x4331 Core/USBDevice-master/Class/HID/usbd_hid.o
 .debug_info    0x0000000000020977     0x3d29 Core/USBDevice-master/Device/usbd.o
 .debug_info    0x00000000000246a0     0x3b7b Core/USBDevice-master/Device/usbd_ctrl.o
 .debug_info    0x000000000002821b     0x3f6d Core/USBDevice-master/Device/usbd_desc.o
 .debug_info    0x000000000002c188     0x3c84 Core/USBDevice-master/Device/usbd_ep.o
 .debug_info    0x000000000002fe0c     0x3c07 Core/USBDevice-master/Device/usbd_if.o
 .debug_info    0x0000000000033a13     0x42a7 Core/XPD_USB/xpd_usb_otg.o
 .debug_info    0x0000000000037cba      0x9b2 Drivers/STM32F4xx_HAL_Driver/Src/stm32f4xx_hal.o
 .debug_info    0x000000000003866c      0xed7 Drivers/STM32F4xx_HAL_Driver/Src/stm32f4xx_hal_cortex.o
 .debug_info    0x0000000000039543      0x679 Drivers/STM32F4xx_HAL_Driver/Src/stm32f4xx_hal_flash.o
 .debug_info    0x0000000000039bbc      0x78a Drivers/STM32F4xx_HAL_Driver/Src/stm32f4xx_hal_flash_ex.o
 .debug_info    0x000000000003a346      0x83e Drivers/STM32F4xx_HAL_Driver/Src/stm32f4xx_hal_gpio.o
 .debug_info    0x000000000003ab84      0x996 Drivers/STM32F4xx_HAL_Driver/Src/stm32f4xx_hal_rcc.o
 .debug_info    0x000000000003b51a     0x2a90 Drivers/STM32F4xx_HAL_Driver/Src/stm32f4xx_hal_tim.o
 .debug_info    0x000000000003dfaa     0x1522 Drivers/STM32F4xx_HAL_Driver/Src/stm32f4xx_hal_tim_ex.o

.debug_abbrev   0x0000000000000000     0x4cc8
 .debug_abbrev  0x0000000000000000      0x3a5 Core/Src/console_if.o
 .debug_abbrev  0x00000000000003a5      0x13f Core/Src/flash_memory.o
 .debug_abbrev  0x00000000000004e4      0x31a Core/Src/hal_usb.o
 .debug_abbrev  0x00000000000007fe      0x2e5 Core/Src/keyboard_if.o
 .debug_abbrev  0x0000000000000ae3      0x301 Core/Src/keypress.o
 .debug_abbrev  0x0000000000000de4      0x16d Core/Src/logins.o
 .debug_abbrev  0x0000000000000f51      0x3ea Core/Src/main.o
 .debug_abbrev  0x000000000000133b      0x1b7 Core/Src/stm32f4xx_hal_msp.o
 .debug_abbrev  0x00000000000014f2      0x176 Core/Src/stm32f4xx_it.o
 .debug_abbrev  0x0000000000001668      0x145 Core/Src/system_stm32f4xx.o
 .debug_abbrev  0x00000000000017ad      0x2e5 Core/Src/usb_device.o
 .debug_abbrev  0x0000000000001a92       0x12 Core/Startup/startup_stm32f407vetx.o
 .debug_abbrev  0x0000000000001aa4      0x428 Core/USBDevice-master/Class/CDC/usbd_cdc.o
 .debug_abbrev  0x0000000000001ecc      0x417 Core/USBDevice-master/Class/HID/usbd_hid.o
 .debug_abbrev  0x00000000000022e3      0x403 Core/USBDevice-master/Device/usbd.o
 .debug_abbrev  0x00000000000026e6      0x376 Core/USBDevice-master/Device/usbd_ctrl.o
 .debug_abbrev  0x0000000000002a5c      0x433 Core/USBDevice-master/Device/usbd_desc.o
 .debug_abbrev  0x0000000000002e8f      0x392 Core/USBDevice-master/Device/usbd_ep.o
 .debug_abbrev  0x0000000000003221      0x3b5 Core/USBDevice-master/Device/usbd_if.o
 .debug_abbrev  0x00000000000035d6      0x3d5 Core/XPD_USB/xpd_usb_otg.o
 .debug_abbrev  0x00000000000039ab      0x1ed Drivers/STM32F4xx_HAL_Driver/Src/stm32f4xx_hal.o
 .debug_abbrev  0x0000000000003b98      0x33c Drivers/STM32F4xx_HAL_Driver/Src/stm32f4xx_hal_cortex.o
 .debug_abbrev  0x0000000000003ed4      0x27c Drivers/STM32F4xx_HAL_Driver/Src/stm32f4xx_hal_flash.o
 .debug_abbrev  0x0000000000004150      0x24e Drivers/STM32F4xx_HAL_Driver/Src/stm32f4xx_hal_flash_ex.o
 .debug_abbrev  0x000000000000439e      0x1f1 Drivers/STM32F4xx_HAL_Driver/Src/stm32f4xx_hal_gpio.o
 .debug_abbrev  0x000000000000458f      0x275 Drivers/STM32F4xx_HAL_Driver/Src/stm32f4xx_hal_rcc.o
 .debug_abbrev  0x0000000000004804      0x25e Drivers/STM32F4xx_HAL_Driver/Src/stm32f4xx_hal_tim.o
 .debug_abbrev  0x0000000000004a62      0x266 Drivers/STM32F4xx_HAL_Driver/Src/stm32f4xx_hal_tim_ex.o

.debug_aranges  0x0000000000000000     0x1038
 .debug_aranges
                0x0000000000000000       0x58 Core/Src/console_if.o
 .debug_aranges
                0x0000000000000058       0x30 Core/Src/flash_memory.o
 .debug_aranges
                0x0000000000000088       0x38 Core/Src/hal_usb.o
 .debug_aranges
                0x00000000000000c0       0x18 Core/Src/keyboard_if.o
 .debug_aranges
                0x00000000000000d8       0x28 Core/Src/keypress.o
 .debug_aranges
                0x0000000000000100       0x40 Core/Src/logins.o
 .debug_aranges
                0x0000000000000140       0x60 Core/Src/main.o
 .debug_aranges
                0x00000000000001a0       0x30 Core/Src/stm32f4xx_hal_msp.o
 .debug_aranges
                0x00000000000001d0       0x78 Core/Src/stm32f4xx_it.o
 .debug_aranges
                0x0000000000000248       0x28 Core/Src/system_stm32f4xx.o
 .debug_aranges
                0x0000000000000270       0x20 Core/Src/usb_device.o
 .debug_aranges
                0x0000000000000290       0x28 Core/Startup/startup_stm32f407vetx.o
 .debug_aranges
                0x00000000000002b8       0x90 Core/USBDevice-master/Class/CDC/usbd_cdc.o
 .debug_aranges
                0x0000000000000348       0x78 Core/USBDevice-master/Class/HID/usbd_hid.o
 .debug_aranges
                0x00000000000003c0       0x90 Core/USBDevice-master/Device/usbd.o
 .debug_aranges
                0x0000000000000450       0x60 Core/USBDevice-master/Device/usbd_ctrl.o
 .debug_aranges
                0x00000000000004b0       0x58 Core/USBDevice-master/Device/usbd_desc.o
 .debug_aranges
                0x0000000000000508       0x58 Core/USBDevice-master/Device/usbd_ep.o
 .debug_aranges
                0x0000000000000560       0x50 Core/USBDevice-master/Device/usbd_if.o
 .debug_aranges
                0x00000000000005b0      0x130 Core/XPD_USB/xpd_usb_otg.o
 .debug_aranges
                0x00000000000006e0       0xf0 Drivers/STM32F4xx_HAL_Driver/Src/stm32f4xx_hal.o
 .debug_aranges
                0x00000000000007d0      0x118 Drivers/STM32F4xx_HAL_Driver/Src/stm32f4xx_hal_cortex.o
 .debug_aranges
                0x00000000000008e8       0xa0 Drivers/STM32F4xx_HAL_Driver/Src/stm32f4xx_hal_flash.o
 .debug_aranges
                0x0000000000000988       0x98 Drivers/STM32F4xx_HAL_Driver/Src/stm32f4xx_hal_flash_ex.o
 .debug_aranges
                0x0000000000000a20       0x58 Drivers/STM32F4xx_HAL_Driver/Src/stm32f4xx_hal_gpio.o
 .debug_aranges
                0x0000000000000a78       0x88 Drivers/STM32F4xx_HAL_Driver/Src/stm32f4xx_hal_rcc.o
 .debug_aranges
                0x0000000000000b00      0x3d0 Drivers/STM32F4xx_HAL_Driver/Src/stm32f4xx_hal_tim.o
 .debug_aranges
                0x0000000000000ed0      0x168 Drivers/STM32F4xx_HAL_Driver/Src/stm32f4xx_hal_tim_ex.o

.debug_ranges   0x0000000000000000      0xee0
 .debug_ranges  0x0000000000000000       0x48 Core/Src/console_if.o
 .debug_ranges  0x0000000000000048       0x20 Core/Src/flash_memory.o
 .debug_ranges  0x0000000000000068       0x28 Core/Src/hal_usb.o
 .debug_ranges  0x0000000000000090       0x30 Core/Src/keypress.o
 .debug_ranges  0x00000000000000c0       0x30 Core/Src/logins.o
 .debug_ranges  0x00000000000000f0       0x50 Core/Src/main.o
 .debug_ranges  0x0000000000000140       0x20 Core/Src/stm32f4xx_hal_msp.o
 .debug_ranges  0x0000000000000160       0x68 Core/Src/stm32f4xx_it.o
 .debug_ranges  0x00000000000001c8       0x18 Core/Src/system_stm32f4xx.o
 .debug_ranges  0x00000000000001e0       0x10 Core/Src/usb_device.o
 .debug_ranges  0x00000000000001f0       0x20 Core/Startup/startup_stm32f407vetx.o
 .debug_ranges  0x0000000000000210       0x80 Core/USBDevice-master/Class/CDC/usbd_cdc.o
 .debug_ranges  0x0000000000000290       0x68 Core/USBDevice-master/Class/HID/usbd_hid.o
 .debug_ranges  0x00000000000002f8       0x80 Core/USBDevice-master/Device/usbd.o
 .debug_ranges  0x0000000000000378       0x50 Core/USBDevice-master/Device/usbd_ctrl.o
 .debug_ranges  0x00000000000003c8       0x48 Core/USBDevice-master/Device/usbd_desc.o
 .debug_ranges  0x0000000000000410       0x48 Core/USBDevice-master/Device/usbd_ep.o
 .debug_ranges  0x0000000000000458       0x58 Core/USBDevice-master/Device/usbd_if.o
 .debug_ranges  0x00000000000004b0      0x158 Core/XPD_USB/xpd_usb_otg.o
 .debug_ranges  0x0000000000000608       0xe0 Drivers/STM32F4xx_HAL_Driver/Src/stm32f4xx_hal.o
 .debug_ranges  0x00000000000006e8      0x108 Drivers/STM32F4xx_HAL_Driver/Src/stm32f4xx_hal_cortex.o
 .debug_ranges  0x00000000000007f0       0x90 Drivers/STM32F4xx_HAL_Driver/Src/stm32f4xx_hal_flash.o
 .debug_ranges  0x0000000000000880       0x88 Drivers/STM32F4xx_HAL_Driver/Src/stm32f4xx_hal_flash_ex.o
 .debug_ranges  0x0000000000000908       0x48 Drivers/STM32F4xx_HAL_Driver/Src/stm32f4xx_hal_gpio.o
 .debug_ranges  0x0000000000000950       0x78 Drivers/STM32F4xx_HAL_Driver/Src/stm32f4xx_hal_rcc.o
 .debug_ranges  0x00000000000009c8      0x3c0 Drivers/STM32F4xx_HAL_Driver/Src/stm32f4xx_hal_tim.o
 .debug_ranges  0x0000000000000d88      0x158 Drivers/STM32F4xx_HAL_Driver/Src/stm32f4xx_hal_tim_ex.o

.debug_macro    0x0000000000000000    0x23ee2
 .debug_macro   0x0000000000000000      0x3fc Core/Src/console_if.o
 .debug_macro   0x00000000000003fc      0xaa8 Core/Src/console_if.o
 .debug_macro   0x0000000000000ea4       0x22 Core/Src/console_if.o
 .debug_macro   0x0000000000000ec6       0x22 Core/Src/console_if.o
 .debug_macro   0x0000000000000ee8       0x8e Core/Src/console_if.o
 .debug_macro   0x0000000000000f76       0x51 Core/Src/console_if.o
 .debug_macro   0x0000000000000fc7      0x103 Core/Src/console_if.o
 .debug_macro   0x00000000000010ca       0x6a Core/Src/console_if.o
 .debug_macro   0x0000000000001134      0x1df Core/Src/console_if.o
 .debug_macro   0x0000000000001313       0x82 Core/Src/console_if.o
 .debug_macro   0x0000000000001395       0x58 Core/Src/console_if.o
 .debug_macro   0x00000000000013ed      0x174 Core/Src/console_if.o
 .debug_macro   0x0000000000001561       0x2e Core/Src/console_if.o
 .debug_macro   0x000000000000158f       0x2f Core/Src/console_if.o
 .debug_macro   0x00000000000015be       0x1c Core/Src/console_if.o
 .debug_macro   0x00000000000015da       0x22 Core/Src/console_if.o
 .debug_macro   0x00000000000015fc       0xdf Core/Src/console_if.o
 .debug_macro   0x00000000000016db     0x102d Core/Src/console_if.o
 .debug_macro   0x0000000000002708      0x11f Core/Src/console_if.o
 .debug_macro   0x0000000000002827    0x15e3c Core/Src/console_if.o
 .debug_macro   0x0000000000018663       0x43 Core/Src/console_if.o
 .debug_macro   0x00000000000186a6      0x295 Core/Src/console_if.o
 .debug_macro   0x000000000001893b     0x3659 Core/Src/console_if.o
 .debug_macro   0x000000000001bf94       0x56 Core/Src/console_if.o
 .debug_macro   0x000000000001bfea      0x96b Core/Src/console_if.o
 .debug_macro   0x000000000001c955      0x9fe Core/Src/console_if.o
 .debug_macro   0x000000000001d353      0x117 Core/Src/console_if.o
 .debug_macro   0x000000000001d46a      0x13e Core/Src/console_if.o
 .debug_macro   0x000000000001d5a8       0x82 Core/Src/console_if.o
 .debug_macro   0x000000000001d62a      0x174 Core/Src/console_if.o
 .debug_macro   0x000000000001d79e      0x287 Core/Src/console_if.o
 .debug_macro   0x000000000001da25       0x5f Core/Src/console_if.o
 .debug_macro   0x000000000001da84      0x236 Core/Src/console_if.o
 .debug_macro   0x000000000001dcba      0x12c Core/Src/console_if.o
 .debug_macro   0x000000000001dde6      0x21e Core/Src/console_if.o
 .debug_macro   0x000000000001e004       0x2e Core/Src/console_if.o
 .debug_macro   0x000000000001e032      0x11a Core/Src/console_if.o
 .debug_macro   0x000000000001e14c       0x7e Core/Src/console_if.o
 .debug_macro   0x000000000001e1ca       0x89 Core/Src/console_if.o
 .debug_macro   0x000000000001e253      0x8d1 Core/Src/console_if.o
 .debug_macro   0x000000000001eb24       0x47 Core/Src/console_if.o
 .debug_macro   0x000000000001eb6b      0x12d Core/Src/console_if.o
 .debug_macro   0x000000000001ec98       0x2e Core/Src/console_if.o
 .debug_macro   0x000000000001ecc6       0x34 Core/Src/console_if.o
 .debug_macro   0x000000000001ecfa       0x28 Core/Src/console_if.o
 .debug_macro   0x000000000001ed22       0x2e Core/Src/console_if.o
 .debug_macro   0x000000000001ed50       0x10 Core/Src/console_if.o
 .debug_macro   0x000000000001ed60       0x52 Core/Src/console_if.o
 .debug_macro   0x000000000001edb2       0x18 Core/Src/console_if.o
 .debug_macro   0x000000000001edca       0x3c Core/Src/console_if.o
 .debug_macro   0x000000000001ee06       0x34 Core/Src/console_if.o
 .debug_macro   0x000000000001ee3a       0x16 Core/Src/console_if.o
 .debug_macro   0x000000000001ee50       0x43 Core/Src/console_if.o
 .debug_macro   0x000000000001ee93       0x34 Core/Src/console_if.o
 .debug_macro   0x000000000001eec7       0x10 Core/Src/console_if.o
 .debug_macro   0x000000000001eed7       0x58 Core/Src/console_if.o
 .debug_macro   0x000000000001ef2f       0x71 Core/Src/console_if.o
 .debug_macro   0x000000000001efa0       0x1c Core/Src/console_if.o
 .debug_macro   0x000000000001efbc      0x12a Core/Src/console_if.o
 .debug_macro   0x000000000001f0e6      0x23b Core/Src/console_if.o
 .debug_macro   0x000000000001f321       0x1c Core/Src/console_if.o
 .debug_macro   0x000000000001f33d       0x35 Core/Src/console_if.o
 .debug_macro   0x000000000001f372      0x333 Core/Src/console_if.o
 .debug_macro   0x000000000001f6a5       0x10 Core/Src/console_if.o
 .debug_macro   0x000000000001f6b5       0x10 Core/Src/console_if.o
 .debug_macro   0x000000000001f6c5       0x1c Core/Src/console_if.o
 .debug_macro   0x000000000001f6e1       0x52 Core/Src/console_if.o
 .debug_macro   0x000000000001f733       0x22 Core/Src/console_if.o
 .debug_macro   0x000000000001f755       0x10 Core/Src/console_if.o
 .debug_macro   0x000000000001f765       0x40 Core/Src/console_if.o
 .debug_macro   0x000000000001f7a5       0xd5 Core/Src/console_if.o
 .debug_macro   0x000000000001f87a       0x1c Core/Src/console_if.o
 .debug_macro   0x000000000001f896       0x3d Core/Src/console_if.o
 .debug_macro   0x000000000001f8d3       0x16 Core/Src/console_if.o
 .debug_macro   0x000000000001f8e9      0x145 Core/Src/console_if.o
 .debug_macro   0x000000000001fa2e       0x16 Core/Src/console_if.o
 .debug_macro   0x000000000001fa44       0x20 Core/Src/console_if.o
 .debug_macro   0x000000000001fa64       0x40 Core/Src/console_if.o
 .debug_macro   0x000000000001faa4       0x10 Core/Src/console_if.o
 .debug_macro   0x000000000001fab4      0x1d6 Core/Src/flash_memory.o
 .debug_macro   0x000000000001fc8a       0x5c Core/Src/flash_memory.o
 .debug_macro   0x000000000001fce6      0x286 Core/Src/hal_usb.o
 .debug_macro   0x000000000001ff6c       0x3b Core/Src/hal_usb.o
 .debug_macro   0x000000000001ffa7       0x7c Core/Src/hal_usb.o
 .debug_macro   0x0000000000020023       0x2e Core/Src/hal_usb.o
 .debug_macro   0x0000000000020051       0x1c Core/Src/hal_usb.o
 .debug_macro   0x000000000002006d       0xc9 Core/Src/hal_usb.o
 .debug_macro   0x0000000000020136       0x22 Core/Src/hal_usb.o
 .debug_macro   0x0000000000020158       0x46 Core/Src/hal_usb.o
 .debug_macro   0x000000000002019e      0x3e0 Core/Src/keyboard_if.o
 .debug_macro   0x000000000002057e       0x16 Core/Src/keyboard_if.o
 .debug_macro   0x0000000000020594      0x25e Core/Src/keypress.o
 .debug_macro   0x00000000000207f2       0x7c Core/Src/keypress.o
 .debug_macro   0x000000000002086e      0x1df Core/Src/logins.o
 .debug_macro   0x0000000000020a4d      0x285 Core/Src/main.o
 .debug_macro   0x0000000000020cd2       0x40 Core/Src/main.o
 .debug_macro   0x0000000000020d12      0x1d3 Core/Src/stm32f4xx_hal_msp.o
 .debug_macro   0x0000000000020ee5      0x1dd Core/Src/stm32f4xx_it.o
 .debug_macro   0x00000000000210c2      0x1c4 Core/Src/system_stm32f4xx.o
 .debug_macro   0x0000000000021286      0x267 Core/Src/usb_device.o
 .debug_macro   0x00000000000214ed       0x10 Core/Src/usb_device.o
 .debug_macro   0x00000000000214fd      0x374 Core/USBDevice-master/Class/CDC/usbd_cdc.o
 .debug_macro   0x0000000000021871       0x22 Core/USBDevice-master/Class/CDC/usbd_cdc.o
 .debug_macro   0x0000000000021893       0x6a Core/USBDevice-master/Class/CDC/usbd_cdc.o
 .debug_macro   0x00000000000218fd       0x10 Core/USBDevice-master/Class/CDC/usbd_cdc.o
 .debug_macro   0x000000000002190d       0x35 Core/USBDevice-master/Class/CDC/usbd_cdc.o
 .debug_macro   0x0000000000021942      0x36d Core/USBDevice-master/Class/HID/usbd_hid.o
 .debug_macro   0x0000000000021caf      0x35c Core/USBDevice-master/Device/usbd.o
 .debug_macro   0x000000000002200b      0x35c Core/USBDevice-master/Device/usbd_ctrl.o
 .debug_macro   0x0000000000022367      0x366 Core/USBDevice-master/Device/usbd_desc.o
 .debug_macro   0x00000000000226cd      0x35c Core/USBDevice-master/Device/usbd_ep.o
 .debug_macro   0x0000000000022a29      0x35c Core/USBDevice-master/Device/usbd_if.o
 .debug_macro   0x0000000000022d85      0x2a6 Core/XPD_USB/xpd_usb_otg.o
 .debug_macro   0x000000000002302b      0x224 Drivers/STM32F4xx_HAL_Driver/Src/stm32f4xx_hal.o
 .debug_macro   0x000000000002324f      0x1c4 Drivers/STM32F4xx_HAL_Driver/Src/stm32f4xx_hal_cortex.o
 .debug_macro   0x0000000000023413      0x1ca Drivers/STM32F4xx_HAL_Driver/Src/stm32f4xx_hal_flash.o
 .debug_macro   0x00000000000235dd      0x1ca Drivers/STM32F4xx_HAL_Driver/Src/stm32f4xx_hal_flash_ex.o
 .debug_macro   0x00000000000237a7      0x1ca Drivers/STM32F4xx_HAL_Driver/Src/stm32f4xx_hal_gpio.o
 .debug_macro   0x0000000000023971      0x1e8 Drivers/STM32F4xx_HAL_Driver/Src/stm32f4xx_hal_rcc.o
 .debug_macro   0x0000000000023b59      0x1c5 Drivers/STM32F4xx_HAL_Driver/Src/stm32f4xx_hal_tim.o
 .debug_macro   0x0000000000023d1e      0x1c4 Drivers/STM32F4xx_HAL_Driver/Src/stm32f4xx_hal_tim_ex.o

.debug_line     0x0000000000000000    0x16967
 .debug_line    0x0000000000000000      0xcf6 Core/Src/console_if.o
 .debug_line    0x0000000000000cf6      0x7f4 Core/Src/flash_memory.o
 .debug_line    0x00000000000014ea      0x92e Core/Src/hal_usb.o
 .debug_line    0x0000000000001e18      0xa75 Core/Src/keyboard_if.o
 .debug_line    0x000000000000288d      0x9a6 Core/Src/keypress.o
 .debug_line    0x0000000000003233      0xa76 Core/Src/logins.o
 .debug_line    0x0000000000003ca9      0xb57 Core/Src/main.o
 .debug_line    0x0000000000004800      0x6ea Core/Src/stm32f4xx_hal_msp.o
 .debug_line    0x0000000000004eea      0x7b9 Core/Src/stm32f4xx_it.o
 .debug_line    0x00000000000056a3      0x730 Core/Src/system_stm32f4xx.o
 .debug_line    0x0000000000005dd3      0x8d1 Core/Src/usb_device.o
 .debug_line    0x00000000000066a4       0x88 Core/Startup/startup_stm32f407vetx.o
 .debug_line    0x000000000000672c      0xdff Core/USBDevice-master/Class/CDC/usbd_cdc.o
 .debug_line    0x000000000000752b      0xdfc Core/USBDevice-master/Class/HID/usbd_hid.o
 .debug_line    0x0000000000008327      0xd30 Core/USBDevice-master/Device/usbd.o
 .debug_line    0x0000000000009057      0xcb1 Core/USBDevice-master/Device/usbd_ctrl.o
 .debug_line    0x0000000000009d08      0xd2b Core/USBDevice-master/Device/usbd_desc.o
 .debug_line    0x000000000000aa33      0xca5 Core/USBDevice-master/Device/usbd_ep.o
 .debug_line    0x000000000000b6d8      0xc71 Core/USBDevice-master/Device/usbd_if.o
 .debug_line    0x000000000000c349     0x14aa Core/XPD_USB/xpd_usb_otg.o
 .debug_line    0x000000000000d7f3      0x996 Drivers/STM32F4xx_HAL_Driver/Src/stm32f4xx_hal.o
 .debug_line    0x000000000000e189      0xc45 Drivers/STM32F4xx_HAL_Driver/Src/stm32f4xx_hal_cortex.o
 .debug_line    0x000000000000edce      0xa1e Drivers/STM32F4xx_HAL_Driver/Src/stm32f4xx_hal_flash.o
 .debug_line    0x000000000000f7ec      0xa36 Drivers/STM32F4xx_HAL_Driver/Src/stm32f4xx_hal_flash_ex.o
 .debug_line    0x0000000000010222      0xb0e Drivers/STM32F4xx_HAL_Driver/Src/stm32f4xx_hal_gpio.o
 .debug_line    0x0000000000010d30      0xd12 Drivers/STM32F4xx_HAL_Driver/Src/stm32f4xx_hal_rcc.o
 .debug_line    0x0000000000011a42     0x35c2 Drivers/STM32F4xx_HAL_Driver/Src/stm32f4xx_hal_tim.o
 .debug_line    0x0000000000015004     0x1963 Drivers/STM32F4xx_HAL_Driver/Src/stm32f4xx_hal_tim_ex.o

.debug_str      0x0000000000000000    0xccf7b
 .debug_str     0x0000000000000000    0xc6f10 Core/Src/console_if.o
                                      0xc7545 (size before relaxing)
 .debug_str     0x00000000000c6f10      0x136 Core/Src/flash_memory.o
                                      0xc139a (size before relaxing)
 .debug_str     0x00000000000c7046      0xe10 Core/Src/hal_usb.o
                                      0xc3a95 (size before relaxing)
 .debug_str     0x00000000000c7e56      0x18d Core/Src/keyboard_if.o
                                      0xc6f60 (size before relaxing)
 .debug_str     0x00000000000c7fe3       0xc6 Core/Src/keypress.o
                                      0xc2f1b (size before relaxing)
 .debug_str     0x00000000000c80a9       0x83 Core/Src/logins.o
                                      0xc13f4 (size before relaxing)
 .debug_str     0x00000000000c812c      0x84d Core/Src/main.o
                                      0xc3d14 (size before relaxing)
 .debug_str     0x00000000000c8979       0x62 Core/Src/stm32f4xx_hal_msp.o
                                      0xc1e86 (size before relaxing)
 .debug_str     0x00000000000c89db       0xf8 Core/Src/stm32f4xx_it.o
                                      0xc1945 (size before relaxing)
 .debug_str     0x00000000000c8ad3       0xaf Core/Src/system_stm32f4xx.o
                                      0xc13e7 (size before relaxing)
 .debug_str     0x00000000000c8b82       0x3c Core/Src/usb_device.o
                                      0xc2fe3 (size before relaxing)
 .debug_str     0x00000000000c8bbe       0x36 Core/Startup/startup_stm32f407vetx.o
                                         0x85 (size before relaxing)
 .debug_str     0x00000000000c8bf4      0xc09 Core/USBDevice-master/Class/CDC/usbd_cdc.o
                                      0xc7255 (size before relaxing)
 .debug_str     0x00000000000c97fd      0x362 Core/USBDevice-master/Class/HID/usbd_hid.o
                                      0xc6fc7 (size before relaxing)
 .debug_str     0x00000000000c9b5f      0x136 Core/USBDevice-master/Device/usbd.o
                                      0xc6b02 (size before relaxing)
 .debug_str     0x00000000000c9c95       0xd1 Core/USBDevice-master/Device/usbd_ctrl.o
                                      0xc69bd (size before relaxing)
 .debug_str     0x00000000000c9d66      0x213 Core/USBDevice-master/Device/usbd_desc.o
                                      0xc6cdb (size before relaxing)
 .debug_str     0x00000000000c9f79       0x8c Core/USBDevice-master/Device/usbd_ep.o
                                      0xc6a94 (size before relaxing)
 .debug_str     0x00000000000ca005       0xb1 Core/USBDevice-master/Device/usbd_if.o
                                      0xc6af7 (size before relaxing)
 .debug_str     0x00000000000ca0b6      0xaa6 Core/XPD_USB/xpd_usb_otg.o
                                      0xc3fb9 (size before relaxing)
 .debug_str     0x00000000000cab5c      0x58d Drivers/STM32F4xx_HAL_Driver/Src/stm32f4xx_hal.o
                                      0xc1ec9 (size before relaxing)
 .debug_str     0x00000000000cb0e9      0x392 Drivers/STM32F4xx_HAL_Driver/Src/stm32f4xx_hal_cortex.o
                                      0xc1cb8 (size before relaxing)
 .debug_str     0x00000000000cb47b      0x2b1 Drivers/STM32F4xx_HAL_Driver/Src/stm32f4xx_hal_flash.o
                                      0xc15d2 (size before relaxing)
 .debug_str     0x00000000000cb72c      0x21a Drivers/STM32F4xx_HAL_Driver/Src/stm32f4xx_hal_flash_ex.o
                                      0xc1638 (size before relaxing)
 .debug_str     0x00000000000cb946      0x13f Drivers/STM32F4xx_HAL_Driver/Src/stm32f4xx_hal_gpio.o
                                      0xc158e (size before relaxing)
 .debug_str     0x00000000000cba85      0x23a Drivers/STM32F4xx_HAL_Driver/Src/stm32f4xx_hal_rcc.o
                                      0xc17e9 (size before relaxing)
 .debug_str     0x00000000000cbcbf      0xdce Drivers/STM32F4xx_HAL_Driver/Src/stm32f4xx_hal_tim.o
                                      0xc270f (size before relaxing)
 .debug_str     0x00000000000cca8d      0x4ee Drivers/STM32F4xx_HAL_Driver/Src/stm32f4xx_hal_tim_ex.o
                                      0xc1ec0 (size before relaxing)

.comment        0x0000000000000000       0x53
 .comment       0x0000000000000000       0x53 Core/Src/console_if.o
                                         0x54 (size before relaxing)
 .comment       0x0000000000000053       0x54 Core/Src/flash_memory.o
 .comment       0x0000000000000053       0x54 Core/Src/hal_usb.o
 .comment       0x0000000000000053       0x54 Core/Src/keyboard_if.o
 .comment       0x0000000000000053       0x54 Core/Src/keypress.o
 .comment       0x0000000000000053       0x54 Core/Src/logins.o
 .comment       0x0000000000000053       0x54 Core/Src/main.o
 .comment       0x0000000000000053       0x54 Core/Src/stm32f4xx_hal_msp.o
 .comment       0x0000000000000053       0x54 Core/Src/stm32f4xx_it.o
 .comment       0x0000000000000053       0x54 Core/Src/system_stm32f4xx.o
 .comment       0x0000000000000053       0x54 Core/Src/usb_device.o
 .comment       0x0000000000000053       0x54 Core/USBDevice-master/Class/CDC/usbd_cdc.o
 .comment       0x0000000000000053       0x54 Core/USBDevice-master/Class/HID/usbd_hid.o
 .comment       0x0000000000000053       0x54 Core/USBDevice-master/Device/usbd.o
 .comment       0x0000000000000053       0x54 Core/USBDevice-master/Device/usbd_ctrl.o
 .comment       0x0000000000000053       0x54 Core/USBDevice-master/Device/usbd_desc.o
 .comment       0x0000000000000053       0x54 Core/USBDevice-master/Device/usbd_ep.o
 .comment       0x0000000000000053       0x54 Core/USBDevice-master/Device/usbd_if.o
 .comment       0x0000000000000053       0x54 Core/XPD_USB/xpd_usb_otg.o
 .comment       0x0000000000000053       0x54 Drivers/STM32F4xx_HAL_Driver/Src/stm32f4xx_hal.o
 .comment       0x0000000000000053       0x54 Drivers/STM32F4xx_HAL_Driver/Src/stm32f4xx_hal_cortex.o
 .comment       0x0000000000000053       0x54 Drivers/STM32F4xx_HAL_Driver/Src/stm32f4xx_hal_flash.o
 .comment       0x0000000000000053       0x54 Drivers/STM32F4xx_HAL_Driver/Src/stm32f4xx_hal_flash_ex.o
 .comment       0x0000000000000053       0x54 Drivers/STM32F4xx_HAL_Driver/Src/stm32f4xx_hal_gpio.o
 .comment       0x0000000000000053       0x54 Drivers/STM32F4xx_HAL_Driver/Src/stm32f4xx_hal_rcc.o
 .comment       0x0000000000000053       0x54 Drivers/STM32F4xx_HAL_Driver/Src/stm32f4xx_hal_tim.o
 .comment       0x0000000000000053       0x54 Drivers/STM32F4xx_HAL_Driver/Src/stm32f4xx_hal_tim_ex.o

.debug_frame    0x0000000000000000     0x40a8
 .debug_frame   0x0000000000000000      0x134 Core/Src/console_if.o
 .debug_frame   0x0000000000000134       0x84 Core/Src/flash_memory.o
 .debug_frame   0x00000000000001b8       0x94 Core/Src/hal_usb.o
 .debug_frame   0x000000000000024c       0x58 Core/Src/keypress.o
 .debug_frame   0x00000000000002a4       0xdc Core/Src/logins.o
 .debug_frame   0x0000000000000380      0x138 Core/Src/main.o
 .debug_frame   0x00000000000004b8       0x80 Core/Src/stm32f4xx_hal_msp.o
 .debug_frame   0x0000000000000538      0x158 Core/Src/stm32f4xx_it.o
 .debug_frame   0x0000000000000690       0x58 Core/Src/system_stm32f4xx.o
 .debug_frame   0x00000000000006e8       0x34 Core/Src/usb_device.o
 .debug_frame   0x000000000000071c      0x23c Core/USBDevice-master/Class/CDC/usbd_cdc.o
 .debug_frame   0x0000000000000958      0x1cc Core/USBDevice-master/Class/HID/usbd_hid.o
 .debug_frame   0x0000000000000b24      0x234 Core/USBDevice-master/Device/usbd.o
 .debug_frame   0x0000000000000d58      0x154 Core/USBDevice-master/Device/usbd_ctrl.o
 .debug_frame   0x0000000000000eac      0x144 Core/USBDevice-master/Device/usbd_desc.o
 .debug_frame   0x0000000000000ff0      0x134 Core/USBDevice-master/Device/usbd_ep.o
 .debug_frame   0x0000000000001124      0x10c Core/USBDevice-master/Device/usbd_if.o
 .debug_frame   0x0000000000001230      0x548 Core/XPD_USB/xpd_usb_otg.o
 .debug_frame   0x0000000000001778      0x374 Drivers/STM32F4xx_HAL_Driver/Src/stm32f4xx_hal.o