xpd_usb_otg.c:138:22:USB_prvConnectCtrl	16	static
xpd_usb_otg.c:144:22:USB_prvFlushTxFifo	16	static
xpd_usb_otg.c:151:22:USB_prvFlushRxFifo	16	static
xpd_usb_otg.c:157:13:USB_prvClearEpInts	24	static
xpd_usb_otg.c:170:13:USB_prvWriteFifo	32	static
xpd_usb_otg.c:187:13:USB_prvReadFifo	32	static
xpd_usb_otg.c:204:13:USB_prvTransmitPacket	32	static
xpd_usb_otg.c:248:13:USB_prvEpSend	32	static
xpd_usb_otg.c:311:13:USB_prvEpReceive	32	static
xpd_usb_otg.c:359:13:USB_prvPrepareSetup	16	static
xpd_usb_otg.c:377:13:USB_prvInEpEventHandler	32	static
xpd_usb_otg.c:434:13:USB_prvOutEpEventHandler	32	static
xpd_usb_otg.c:494:13:USB_prvCtrlEpOpen	16	static
xpd_usb_otg.c:577:13:USB_prvReset	16	static
xpd_usb_otg.c:586:13:USB_prvPhyInit	24	static
xpd_usb_otg.c:636:13:USB_prvHsPhyDeinit	16	static
xpd_usb_otg.c:659:6:USB_vDevInit	32	static
xpd_usb_otg.c:777:6:USB_vDevDeinit	16	static
xpd_usb_otg.c:804:6:USB_vDevStart_IT	24	static
xpd_usb_otg.c:854:6:USB_vDevStop_IT	16	static
xpd_usb_otg.c:892:6:USB_vSetAddress	16	static
xpd_usb_otg.c:901:6:USB_vCtrlEpOpen	16	static
xpd_usb_otg.c:917:6:USB_vEpOpen	32	static
xpd_usb_otg.c:961:6:USB_vEpClose	24	static
xpd_usb_otg.c:1006:6:USB_vEpSetStall	24	static
xpd_usb_otg.c:1028:6:USB_vEpClearStall	24	static
xpd_usb_otg.c:1046:6:USB_vEpFlush	16	static
xpd_usb_otg.c:1065:6:USB_vEpReceive	32	static
xpd_usb_otg.c:1088:6:USB_vEpSend	32	static
xpd_usb_otg.c:1110:6:USB_vDevIRQHandler	48	static
xpd_usb_otg.c:1296:6:USB_vSetRemoteWakeup	16	static
xpd_usb_otg.c:1311:6:USB_vClearRemoteWakeup	16	static
xpd_usb_otg.c:1324:17:USB_eChargerDetect	24	static
xpd_usb_otg.c:1414:15:USB_eDevSpeed	24	static
xpd_usb_otg.c:1436:13:USB_vAllocateEPs	40	static
